****************************************
Report : constraint
        -all_violators
Design : pde_chip_top_safe
Version: W-2024.09
Date   : Mon Aug  3 20:35:15 2026
****************************************

   late_timing
   -----------

Endpoint                         Path Delay     Path Required       CRP    Slack Group    Scenario
----------------------------------------------------------------------------------------------------------
u_impl/u_core/g_row_16__g_col_9__u_pe/u_r_black/q_reg_15_/D (DFCNQD1)  10.71 r  10.71   0.00  -0.00 core_clk FUNC_WC

   early_timing
   -----------

Warning: Scenario FUNC_WC is not configured for hold analysis: skipping. (UIC-058)
Error: None of the specified scenarios are active for hold analysis. (UIC-057)
Endpoint                         Path Delay     Path Required       CRP    Slack Group    Scenario
----------------------------------------------------------------------------------------------------------
No paths.

   Mode: FUNC Corner: WC
   Scenario: FUNC_WC
  ---------------------------------------------------------------------------
   Number of max_transition violation(s): 0

   Mode: FUNC Corner: WC
   Scenario: FUNC_WC
  ---------------------------------------------------------------------------
   Number of max_capacitance violation(s): 0



  Mode: FUNC
  Corner: WC
  Scenario: FUNC_WC

  ---------------------------------------------------------------------------
   Number of min_pulse_width violation(s): 0
   Total number of violation(s): 0
1
