****************************************
Report : timing
        -path_type full
        -delay_type max
        -max_paths 10000
        -slack_lesser_than 0.0000
        -report_by design
        -nosplit
        -physical
Design : pde_chip_top_safe
Version: W-2024.09
Date   : Mon Aug  3 20:33:29 2026
****************************************

  Startpoint: u_impl/u_core/u_tcu/state_q_reg_0_ (rising edge-triggered flip-flop clocked by core_clk)
  Endpoint: u_impl/u_core/g_row_14__g_col_2__u_pe/u_sol/u_red_q_reg_12_ (rising edge-triggered flip-flop clocked by core_clk)
  Mode: FUNC
  Corner: WC
  Scenario: FUNC_WC
  Path Group: core_clk
  Path Type: max

  Point                                                                       Incr        Path           Location
  ------------------------------------------------------------------------------------------------------------------------
  clock core_clk (rise edge)                                                 0.0000      0.0000
  clock network delay (propagated)                                           0.5845      0.5845

  u_impl/u_core/u_tcu/state_q_reg_0_/CP (DFCNQD1)                            0.0000      0.5845 r    (721.52,376.30)
  u_impl/u_core/u_tcu/state_q_reg_0_/Q (DFCNQD1)                             0.4319      1.0164 f    (725.69,376.29)
  u_impl/u_core/u_tcu/U12/ZN (CKND0)                                         0.1344      1.1508 r    (721.95,374.52)
  u_impl/u_core/u_tcu/U9/Z (OR2D4)                                           0.2973      1.4482 r    (721.85,378.12)
  u_impl/u_core/u_tcu/HFSINV_15065_20036/ZN (CKND2)                          0.3472      1.7953 f    (727.83,376.19)
  u_impl/u_core/u_tcu/U3/ZN (IAO22D2)                                        0.4370      2.2324 f    (724.64,381.67)
  u_impl/u_core/HFSINV_147292_21278/ZN (CKND6)                               0.4573      2.6896 r    (722.89,381.70)
  u_impl/u_core/HFSINV_37015_20936/ZN (CKND4)                                0.4938      3.1835 f    (654.27,691.31)
  u_impl/u_core/HFSINV_36657_20923/ZN (CKND1)                                0.5607      3.7442 r    (573.25,752.52)
  u_impl/u_core/g_row_14__g_col_2__u_pe/u_ctrl/U2/Z (AO22D0)                 0.5474      4.2916 r    (571.56,756.10)
  u_impl/u_core/g_row_14__g_col_2__u_pe/HFSINV_1555_17721/ZN (CKND1)         0.4147      4.7062 f    (560.45,761.48)
  u_impl/u_core/g_row_14__g_col_2__u_pe/U20/Z (MUX2D0)                       0.3169      5.0231 f    (573.08,763.41)
  u_impl/u_core/g_row_14__g_col_2__u_pe/HFSBUF_217_13516/Z (CKBD0)           0.3608      5.3840 f    (579.09,792.12)
  u_impl/u_core/g_row_14__g_col_2__u_pe/U4/ZN (NR2D0)                        0.4159      5.7998 r    (575.75,788.59)
  u_impl/u_core/g_row_14__g_col_2__u_pe/U45/ZN (INVD0)                       0.1120      5.9118 f    (570.58,774.10)
  u_impl/u_core/g_row_14__g_col_2__u_pe/U46/ZN (OAI21D0)                     0.1878      6.0996 r    (569.93,774.00)
  u_impl/u_core/g_row_14__g_col_2__u_pe/U10/ZN (OAI211D1)                    0.4487      6.5483 f    (568.50,775.90)
  u_impl/u_core/g_row_14__g_col_2__u_pe/u_sol/HFSINV_10_8258/ZN (CKND0)      0.2677      6.8159 r    (610.65,838.92)
  u_impl/u_core/g_row_14__g_col_2__u_pe/u_sol/intadd_129_U13/CO (FA1D0)      0.3636      7.1795 r    (613.89,858.58)
  u_impl/u_core/g_row_14__g_col_2__u_pe/u_sol/intadd_129_U12/CO (FA1D0)      0.1736      7.3531 r    (625.29,854.98)
  u_impl/u_core/g_row_14__g_col_2__u_pe/u_sol/intadd_129_U11/CO (FA1D0)      0.1871      7.5401 r    (628.51,857.02)
  u_impl/u_core/g_row_14__g_col_2__u_pe/u_sol/intadd_129_U10/CO (FA1D0)      0.1937      7.7339 r    (623.49,847.78)
  u_impl/u_core/g_row_14__g_col_2__u_pe/u_sol/intadd_129_U9/CO (FA1D0)       0.1770      7.9109 r    (619.49,840.58)
  u_impl/u_core/g_row_14__g_col_2__u_pe/u_sol/intadd_129_U8/CO (FA1D0)       0.1620      8.0729 r    (628.29,842.62)
  u_impl/u_core/g_row_14__g_col_2__u_pe/u_sol/intadd_129_U7/CO (FA1D0)       0.1549      8.2278 r    (633.29,842.62)
  u_impl/u_core/g_row_14__g_col_2__u_pe/u_sol/intadd_129_U6/CO (FA1D0)       0.1676      8.3954 r    (635.69,844.18)
  u_impl/u_core/g_row_14__g_col_2__u_pe/u_sol/intadd_129_U5/CO (FA1D0)       0.1802      8.5757 r    (642.91,844.18)
  u_impl/u_core/g_row_14__g_col_2__u_pe/u_sol/intadd_129_U4/S (FA1D0)        0.2215      8.7972 f    (644.58,851.37)
  u_impl/u_core/g_row_14__g_col_2__u_pe/u_sol/U47/ZN (OAI222D0)              0.1763      8.9735 r    (643.09,851.61)
  u_impl/u_core/g_row_14__g_col_2__u_pe/u_sol/copt_h_inst_29396/Z (DEL1)     1.7725     10.7460 r    (640.72,853.32)
  u_impl/u_core/g_row_14__g_col_2__u_pe/u_sol/u_red_q_reg_12_/D (DFCNQD1)    0.0000     10.7460 r    (638.95,851.62)
  data arrival time                                                                     10.7460

  clock core_clk (rise edge)                                                10.0000     10.0000
  clock network delay (propagated)                                           0.7609     10.7609
  u_impl/u_core/g_row_14__g_col_2__u_pe/u_sol/u_red_q_reg_12_/CP (DFCNQD1)   0.0000     10.7609 r    (637.92,851.50)
  library setup time                                                        -0.0225     10.7385
  data required time                                                                    10.7385
  ------------------------------------------------------------------------------------------------------------------------
  data required time                                                                    10.7385
  data arrival time                                                                    -10.7460
  ------------------------------------------------------------------------------------------------------------------------
  slack (VIOLATED)                                                                      -0.0076



  Startpoint: u_impl/u_core/u_tcu/state_q_reg_0_ (rising edge-triggered flip-flop clocked by core_clk)
  Endpoint: u_impl/u_core/g_row_15__g_col_3__u_pe/u_sol/u_red_q_reg_11_ (rising edge-triggered flip-flop clocked by core_clk)
  Mode: FUNC
  Corner: WC
  Scenario: FUNC_WC
  Path Group: core_clk
  Path Type: max

  Point                                                                       Incr        Path           Location
  ------------------------------------------------------------------------------------------------------------------------
  clock core_clk (rise edge)                                                 0.0000      0.0000
  clock network delay (propagated)                                           0.5845      0.5845

  u_impl/u_core/u_tcu/state_q_reg_0_/CP (DFCNQD1)                            0.0000      0.5845 r    (721.52,376.30)
  u_impl/u_core/u_tcu/state_q_reg_0_/Q (DFCNQD1)                             0.4233      1.0078 r    (725.69,376.29)
  u_impl/u_core/u_tcu/U12/ZN (CKND0)                                         0.1411      1.1489 f    (721.95,374.52)
  u_impl/u_core/u_tcu/U9/Z (OR2D4)                                           0.2576      1.4066 f    (721.85,378.12)
  u_impl/u_core/u_tcu/HFSINV_15065_20036/ZN (CKND2)                          0.3414      1.7479 r    (727.83,376.19)
  u_impl/u_core/u_tcu/U3/ZN (IAO22D2)                                        0.4769      2.2248 r    (724.64,381.67)
  u_impl/u_core/HFSINV_147292_21278/ZN (CKND6)                               0.4672      2.6921 f    (722.89,381.70)
  u_impl/u_core/HFSINV_55756_20854/ZN (CKND3)                                0.4955      3.1875 r    (628.89,709.33)
  u_impl/u_core/HFSBUF_54930_20852/Z (CKBD2)                                 0.4442      3.6317 r    (315.45,748.90)
  u_impl/u_core/HFSBUF_53226_20850/Z (CKBD2)                                 0.3651      3.9969 r    (295.55,765.10)
  u_impl/u_core/g_row_15__g_col_3__u_pe/u_ctrl/U1/Z (AO22D0)                 0.5148      4.5117 r    (293.85,763.30)
  u_impl/u_core/g_row_15__g_col_3__u_pe/HFSINV_1484_17733/ZN (CKND1)         0.4357      4.9473 f    (292.95,729.08)
  u_impl/u_core/g_row_15__g_col_3__u_pe/U28/ZN (CKND2D0)                     0.2535      5.2009 r    (288.25,723.72)
  u_impl/u_core/g_row_15__g_col_3__u_pe/U29/ZN (OAI222D0)                    0.3467      5.5476 f    (283.71,727.19)
  u_impl/u_core/g_row_15__g_col_3__u_pe/ctmTdsLR_1_22657/ZN (OAI221D0)       0.4307      5.9782 r    (281.41,725.61)
  u_impl/u_core/g_row_15__g_col_3__u_pe/HFSBUF_43_6258/Z (CKBD0)             0.4543      6.4325 r    (265.51,743.48)
  u_impl/u_core/g_row_15__g_col_3__u_pe/u_sol/U41/ZN (OAI221D0)              0.3442      6.7767 f    (213.21,824.39)
  u_impl/u_core/g_row_15__g_col_3__u_pe/u_sol/intadd_29_U15/CO (FA1D0)       0.2557      7.0325 f    (213.91,826.18)
  u_impl/u_core/g_row_15__g_col_3__u_pe/u_sol/intadd_29_U14/CO (FA1D0)       0.1628      7.1952 f    (215.11,822.58)
  u_impl/u_core/g_row_15__g_col_3__u_pe/u_sol/intadd_29_U13/CO (FA1D0)       0.1745      7.3698 f    (213.51,821.02)
  u_impl/u_core/g_row_15__g_col_3__u_pe/u_sol/intadd_29_U12/CO (FA1D0)       0.1716      7.5414 f    (212.71,810.22)
  u_impl/u_core/g_row_15__g_col_3__u_pe/u_sol/intadd_29_U11/CO (FA1D0)       0.1729      7.7142 f    (214.51,808.18)
  u_impl/u_core/g_row_15__g_col_3__u_pe/u_sol/intadd_29_U10/CO (FA1D0)       0.1792      7.8934 f    (219.91,808.18)
  u_impl/u_core/g_row_15__g_col_3__u_pe/u_sol/intadd_29_U9/CO (FA1D0)        0.1851      8.0786 f    (225.11,806.62)
  u_impl/u_core/g_row_15__g_col_3__u_pe/u_sol/intadd_29_U8/CO (FA1D0)        0.1833      8.2619 f    (233.11,806.62)
  u_impl/u_core/g_row_15__g_col_3__u_pe/u_sol/intadd_29_U7/CO (FA1D0)        0.1698      8.4317 f    (235.71,811.78)
  u_impl/u_core/g_row_15__g_col_3__u_pe/u_sol/intadd_29_U6/CO (FA1D0)        0.1663      8.5979 f    (236.91,810.22)
  u_impl/u_core/g_row_15__g_col_3__u_pe/u_sol/intadd_29_U5/S (FA1D0)         0.1986      8.7965 f    (237.58,813.84)
  u_impl/u_core/g_row_15__g_col_3__u_pe/u_sol/U84/ZN (OAI222D0)              0.1917      8.9882 r    (228.89,819.21)
  u_impl/u_core/g_row_15__g_col_3__u_pe/u_sol/copt_h_inst_39763/Z (DEL1)     1.7714     10.7596 r    (232.68,817.32)
  u_impl/u_core/g_row_15__g_col_3__u_pe/u_sol/u_red_q_reg_11_/D (DFCNQD1)    0.0000     10.7596 r    (232.15,819.23)
  data arrival time                                                                     10.7596

  clock core_clk (rise edge)                                                10.0000     10.0000
  clock network delay (propagated)                                           0.7757     10.7757
  u_impl/u_core/g_row_15__g_col_3__u_pe/u_sol/u_red_q_reg_11_/CP (DFCNQD1)   0.0000     10.7757 r    (231.12,819.10)
  library setup time                                                        -0.0228     10.7530
  data required time                                                                    10.7530
  ------------------------------------------------------------------------------------------------------------------------
  data required time                                                                    10.7530
  data arrival time                                                                    -10.7596
  ------------------------------------------------------------------------------------------------------------------------
  slack (VIOLATED)                                                                      -0.0066


1
