****************************************
Report : constraint
        -all_violators
Design : pde_chip_top_safe
Version: W-2024.09
Date   : Sun Aug  2 01:23:59 2026
****************************************

   late_timing
   -----------

Endpoint                         Path Delay     Path Required       CRP    Slack Group    Scenario
----------------------------------------------------------------------------------------------------------
u_impl/u_core/g_row_11__g_col_3__u_pe/u_r_red/q_reg_15_/D (DFCNQD1)  10.74 r  10.72   0.00  -0.02 core_clk FUNC_WC
u_impl/u_core/g_row_12__g_col_4__u_pe/u_sol/u_black_q_reg_15_/D (EDFCNQD1)  10.61 r  10.61   0.00  -0.01 core_clk FUNC_WC
u_impl/u_core/g_row_14__g_col_3__u_pe/u_sol/u_red_q_reg_15_/D (EDFCNQD1)  10.57 r  10.57   0.00  -0.00 core_clk FUNC_WC

   early_timing
   -----------

Warning: Scenario FUNC_WC is not configured for hold analysis: skipping. (UIC-058)
Error: None of the specified scenarios are active for hold analysis. (UIC-057)
Endpoint                         Path Delay     Path Required       CRP    Slack Group    Scenario
----------------------------------------------------------------------------------------------------------
No paths.

   Mode: FUNC Corner: WC
   Scenario: FUNC_WC
  ---------------------------------------------------------------------------
   Number of max_transition violation(s): 0

   Mode: FUNC Corner: WC
   Scenario: FUNC_WC
   max_capacitance                                                             
                             Required        Actual                            
   Net                      Capacitance    Capacitance       Slack  Violation  
  ---------------------------------------------------------------------------
   u_impl/u_core/g_row_11__g_col_7__u_pe/read_value[2]     0.02     0.02    -0.00 (VIOLATED)
     PIN : u_impl/u_core/g_row_11__g_col_7__u_pe/ctmTdsLR_1_15951/ZN     0.02     0.02    -0.00 (VIOLATED)

   u_impl/u_core/g_row_15__g_col_8__u_pe/read_value[8]     0.01     0.01    -0.00 (VIOLATED)
     PIN : u_impl/u_core/g_row_15__g_col_8__u_pe/U62/ZN     0.01     0.01    -0.00 (VIOLATED)

   u_impl/u_core/g_row_9__g_col_5__u_pe/u_r_black/n9     0.03     0.03    -0.00 (VIOLATED)
     PIN : u_impl/u_core/g_row_9__g_col_5__u_pe/u_r_black/U7/ZN     0.03     0.03    -0.00 (VIOLATED)

   u_impl/u_core/g_row_4__g_col_5__u_pe/read_value[9]     0.01     0.01    -0.00 (VIOLATED)
     PIN : u_impl/u_core/g_row_4__g_col_5__u_pe/U63/ZN     0.01     0.01    -0.00 (VIOLATED)

   u_impl/u_core/g_row_2__g_col_5__u_pe/read_value[12]     0.01     0.01    -0.00 (VIOLATED)
     PIN : u_impl/u_core/g_row_2__g_col_5__u_pe/U66/ZN     0.01     0.01    -0.00 (VIOLATED)

   u_impl/u_core/g_row_1__g_col_4__u_pe/read_value[13]     0.01     0.01    -0.00 (VIOLATED)
     PIN : u_impl/u_core/g_row_1__g_col_4__u_pe/U67/ZN     0.01     0.01    -0.00 (VIOLATED)

   u_impl/u_core/g_row_10__g_col_3__u_pe/read_value[0]     0.01     0.01    -0.00 (VIOLATED)
     PIN : u_impl/u_core/g_row_10__g_col_3__u_pe/ctmTdsLR_1_17162/ZN     0.01     0.01    -0.00 (VIOLATED)

   u_impl/n2816_CDR1            0.01           0.01          -0.00  (VIOLATED) 
     PIN : u_impl/U4787/ZN      0.01           0.01          -0.00  (VIOLATED) 

   u_impl/u_core/g_row_1__g_col_3__u_pe/read_value[10]     0.01     0.01    -0.00 (VIOLATED)
     PIN : u_impl/u_core/g_row_1__g_col_3__u_pe/U64/ZN     0.01     0.01    -0.00 (VIOLATED)

   u_impl/u_core/g_row_8__g_col_1__u_pe/read_value[1]     0.01     0.01    -0.00 (VIOLATED)
     PIN : u_impl/u_core/g_row_8__g_col_1__u_pe/ctmTdsLR_1_16390/ZN     0.01     0.01    -0.00 (VIOLATED)

   u_impl/u_core/g_row_5__g_col_5__u_pe/read_value[12]     0.01     0.01    -0.00 (VIOLATED)
     PIN : u_impl/u_core/g_row_5__g_col_5__u_pe/U65/ZN     0.01     0.01    -0.00 (VIOLATED)

   u_impl/u_core/g_row_17__g_col_2__u_pe/u_r_red/n7     0.03     0.03    -0.00 (VIOLATED)
     PIN : u_impl/u_core/g_row_17__g_col_2__u_pe/u_r_red/U6/ZN     0.03     0.03    -0.00 (VIOLATED)

   u_impl/n2302_CDR1            0.01           0.01          -0.00  (VIOLATED) 
     PIN : u_impl/U3857/ZN      0.01           0.01          -0.00  (VIOLATED) 

   u_impl/u_core/g_row_4__g_col_4__u_pe/read_value[9]     0.01     0.01    -0.00 (VIOLATED)
     PIN : u_impl/u_core/g_row_4__g_col_4__u_pe/U63/ZN     0.01     0.01    -0.00 (VIOLATED)

   u_impl/n179_CDR1             0.06           0.06          -0.00  (VIOLATED) 
     PIN : u_impl/U1487/ZN      0.06           0.06          -0.00  (VIOLATED) 

   u_impl/u_core/n660_CDR1      0.02           0.02          -0.00  (VIOLATED) 
     PIN : u_impl/u_core/U403/ZN     0.02      0.02          -0.00  (VIOLATED) 

   u_impl/u_core/south_bit[8]     0.01         0.01          -0.00  (VIOLATED) 
     PIN : u_impl/u_core/u_boundary/U923/ZN     0.01     0.01    -0.00 (VIOLATED)

   u_impl/u_core/g_row_12__g_col_7__u_pe/u_r_black/n7     0.03     0.03    -0.00 (VIOLATED)
     PIN : u_impl/u_core/g_row_12__g_col_7__u_pe/u_r_black/U4/ZN     0.03     0.03    -0.00 (VIOLATED)

   u_impl/n6192_CDR1            0.01           0.01          -0.00  (VIOLATED) 
     PIN : u_impl/U9818/ZN      0.01           0.01          -0.00  (VIOLATED) 

  ---------------------------------------------------------------------------
   Number of max_capacitance violation(s): 19



  Mode: FUNC
  Corner: WC
  Scenario: FUNC_WC

  ---------------------------------------------------------------------------
   Number of min_pulse_width violation(s): 0
   Total number of violation(s): 19
1
