****************************************
Report : constraint
        -all_violators
Design : pde_chip_top_safe
Version: W-2024.09
Date   : Mon Aug  3 20:35:42 2026
****************************************

   late_timing
   -----------

Endpoint                         Path Delay     Path Required       CRP    Slack Group    Scenario
----------------------------------------------------------------------------------------------------------
No paths.

   early_timing
   -----------

Warning: Scenario FUNC_WC is not configured for hold analysis: skipping. (UIC-058)
Error: None of the specified scenarios are active for hold analysis. (UIC-057)
Endpoint                         Path Delay     Path Required       CRP    Slack Group    Scenario
----------------------------------------------------------------------------------------------------------
No paths.

   Mode: FUNC Corner: WC
   Scenario: FUNC_WC
  ---------------------------------------------------------------------------
   Number of max_transition violation(s): 0

   Mode: FUNC Corner: WC
   Scenario: FUNC_WC
   max_capacitance                                                             
                             Required        Actual                            
   Net                      Capacitance    Capacitance       Slack  Violation  
  ---------------------------------------------------------------------------
   u_impl/n4332_CDR1            0.01           0.01          -0.00  (VIOLATED) 
     PIN : u_impl/U6170/ZN      0.01           0.01          -0.00  (VIOLATED) 

   u_impl/n3455_CDR1            0.01           0.01          -0.00  (VIOLATED) 
     PIN : u_impl/U5368/ZN      0.01           0.01          -0.00  (VIOLATED) 

  ---------------------------------------------------------------------------
   Number of max_capacitance violation(s): 2



  Mode: FUNC
  Corner: WC
  Scenario: FUNC_WC

  ---------------------------------------------------------------------------
   Number of min_pulse_width violation(s): 0
   Total number of violation(s): 2
1
