****************************************
Report : constraint
        -all_violators
Design : pde_chip_top_safe
Version: W-2024.09
Date   : Mon Aug  3 20:35:43 2026
****************************************

   late_timing
   -----------

Warning: Scenario FUNC_BC is not configured for setup analysis: skipping. (UIC-058)
Error: None of the specified scenarios are active for setup analysis. (UIC-057)
Endpoint                         Path Delay     Path Required       CRP    Slack Group    Scenario
----------------------------------------------------------------------------------------------------------
No paths.

   early_timing
   -----------

Endpoint                         Path Delay     Path Required       CRP    Slack Group    Scenario
----------------------------------------------------------------------------------------------------------
u_impl/u_core/g_row_12__g_col_5__u_pe/u_r_black/q_reg_14_/D (DFCNQD1)   0.55 f   0.55   0.00  -0.00 core_clk FUNC_BC
u_impl/u_core/g_row_8__g_col_8__u_pe/u_r_red/q_reg_12_/D (DFCNQD1)   0.55 f   0.55   0.00  -0.00 core_clk FUNC_BC
u_impl/u_core/g_row_3__g_col_4__u_pe/u_sol/u_red_q_reg_8_/D (DFCNQD1)   0.54 f   0.54   0.00  -0.00 core_clk FUNC_BC
u_impl/u_core/g_row_8__g_col_9__u_pe/u_sol/u_black_q_reg_0_/D (DFCNQD1)   0.54 f   0.54   0.00  -0.00 core_clk FUNC_BC
u_impl/u_core/g_row_6__g_col_8__u_pe/u_r_red/q_reg_13_/D (DFCNQD1)   0.55 f   0.55   0.00  -0.00 core_clk FUNC_BC

   Mode: FUNC Corner: BC
   Scenario: FUNC_BC
   max_transition                                                              
                             Required        Actual                            
   Net                      Transition     Transition        Slack  Violation  
  ---------------------------------------------------------------------------
   u_impl/load_black_flat[2457]     0.36       0.37          -0.00  (VIOLATED) 
     PIN : u_impl/black_shadow_reg_153__9_/Q     0.36     0.37    -0.00 (VIOLATED)
     PIN : u_impl/u_core/g_row_15__g_col_3__u_pe/u_r_black/U12/A2     0.36     0.37    -0.00 (VIOLATED)
     PIN : u_impl/U13537/B1     0.36           0.37          -0.00  (VIOLATED) 
     PIN : u_impl/U686/B2       0.36           0.36          -0.00  (VIOLATED) 

  ---------------------------------------------------------------------------
   Number of max_transition violation(s): 1

   Mode: FUNC Corner: BC
   Scenario: FUNC_BC
   max_capacitance                                                             
                             Required        Actual                            
   Net                      Capacitance    Capacitance       Slack  Violation  
  ---------------------------------------------------------------------------
   u_impl/load_black_flat[2457]     0.06       0.06          -0.00  (VIOLATED) 
     PIN : u_impl/black_shadow_reg_153__9_/Q     0.06     0.06    -0.00 (VIOLATED)

   u_impl/HFSNET_5972           0.16           0.16          -0.00  (VIOLATED) 
     PIN : u_impl/HFSINV_1316_18520/ZN     0.16     0.16     -0.00  (VIOLATED) 

   u_impl/u_core/g_row_16__g_col_9__u_pe/u_r_red/n9     0.03     0.03    -0.00 (VIOLATED)
     PIN : u_impl/u_core/g_row_16__g_col_9__u_pe/u_r_red/U10/ZN     0.03     0.03    -0.00 (VIOLATED)

   u_impl/u_core/g_row_14__g_col_9__u_pe/u_r_black/n9     0.03     0.03    -0.00 (VIOLATED)
     PIN : u_impl/u_core/g_row_14__g_col_9__u_pe/u_r_black/U3/ZN     0.03     0.03    -0.00 (VIOLATED)

  ---------------------------------------------------------------------------
   Number of max_capacitance violation(s): 4


   Mode: FUNC Corner: BC
   Scenario: FUNC_BC
  ---------------------------------------------------------------------------
   Number of min_capacitance violation(s): 0

  Mode: FUNC
  Corner: BC
  Scenario: FUNC_BC

  ---------------------------------------------------------------------------
   Number of min_pulse_width violation(s): 0
   Total number of violation(s): 5
1
