[INFO ODB-0388] unsupported LEF57_SPACING property for layer M1 :"SPACING 0.11 ENDOFLINE 0.11 WITHIN 0.035 PARALLELEDGE 0.11 WITHIN 0.11 ;"
[INFO ODB-0388] unsupported LEF57_SPACING property for layer M2 :"SPACING 0.12 ENDOFLINE 0.12 WITHIN 0.035 PARALLELEDGE 0.12 WITHIN 0.12 ;"
[INFO ODB-0388] unsupported LEF57_SPACING property for layer M3 :"SPACING 0.12 ENDOFLINE 0.12 WITHIN 0.035 PARALLELEDGE 0.12 WITHIN 0.12 ;"
[INFO ODB-0388] unsupported LEF57_SPACING property for layer M4 :"SPACING 0.12 ENDOFLINE 0.12 WITHIN 0.035 PARALLELEDGE 0.12 WITHIN 0.12 ;"
[INFO ODB-0388] unsupported LEF57_SPACING property for layer M5 :"SPACING 0.12 ENDOFLINE 0.12 WITHIN 0.035 PARALLELEDGE 0.12 WITHIN 0.12 ;"
[INFO ODB-0227] LEF file: /ssd0/PDKs/TSMC65nm/STDCELL/std/STD_Cell/tcbn65lp_200b/Back_End/lef/tcbn65lp_200a/lef/tcbn65lp_6lmT1.lef, created 16 layers, 72 vias, 855 library cells
[WARNING IFP-0028] Core area lower left (10.000, 10.000) snapped to (10.000, 10.800).
[INFO IFP-0001] Added 531 rows of 4787 site core.
Found 0 macro blocks.
[INFO PPL-0001] Number of slots           4792
[INFO PPL-0002] Number of I/O             57
[INFO PPL-0003] Number of I/O w/sink      57
[INFO PPL-0004] Number of I/O w/o sink    0
[INFO PPL-0005] Slots per section         200
[INFO PPL-0008] Successfully assigned pins to sections.
[INFO PPL-0012] I/O nets HPWL: 29099.76 um.
[WARNING PDN-0211] Option -starts_with cannot be used with -followpins and will be ignored.
[INFO PDN-0001] Inserting grid: core_grid
[WARNING PDN-0178] Remaining channel (10.0000, 57.5500) - (967.4000, 66.6500) on M1 for nets: VDD, VSS
[WARNING PDN-0178] Remaining channel (10.0000, 97.1500) - (967.4000, 106.2500) on M1 for nets: VDD, VSS
[WARNING PDN-0178] Remaining channel (10.0000, 136.7500) - (967.4000, 145.8500) on M1 for nets: VDD, VSS
[WARNING PDN-0178] Remaining channel (10.0000, 178.1500) - (967.4000, 185.4500) on M1 for nets: VDD
[WARNING PDN-0178] Remaining channel (10.0000, 217.7500) - (967.4000, 225.0500) on M1 for nets: VDD
[WARNING PDN-0178] Remaining channel (10.0000, 257.3500) - (967.4000, 266.4500) on M1 for nets: VDD, VSS
[WARNING PDN-0178] Remaining channel (10.0000, 296.9500) - (967.4000, 306.0500) on M1 for nets: VDD, VSS
[WARNING PDN-0178] Remaining channel (10.0000, 336.5500) - (967.4000, 345.6500) on M1 for nets: VDD, VSS
[WARNING PDN-0178] Remaining channel (10.0000, 417.5500) - (967.4000, 426.6500) on M1 for nets: VDD, VSS
[WARNING PDN-0178] Remaining channel (10.0000, 457.1500) - (967.4000, 466.2500) on M1 for nets: VDD, VSS
[WARNING PDN-0178] Remaining channel (10.0000, 496.7500) - (967.4000, 505.8500) on M1 for nets: VDD, VSS
[WARNING PDN-0178] Remaining channel (10.0000, 538.1500) - (967.4000, 545.4500) on M1 for nets: VDD
[WARNING PDN-0178] Remaining channel (10.0000, 577.7500) - (967.4000, 585.0500) on M1 for nets: VDD
[WARNING PDN-0178] Remaining channel (10.0000, 617.3500) - (967.4000, 626.4500) on M1 for nets: VDD, VSS
[WARNING PDN-0178] Remaining channel (10.0000, 656.9500) - (967.4000, 666.0500) on M1 for nets: VDD, VSS
[WARNING PDN-0178] Remaining channel (10.0000, 696.5500) - (967.4000, 705.6500) on M1 for nets: VDD, VSS
[WARNING PDN-0178] Remaining channel (10.0000, 777.5500) - (967.4000, 786.6500) on M1 for nets: VDD, VSS
[WARNING PDN-0178] Remaining channel (10.0000, 817.1500) - (967.4000, 826.2500) on M1 for nets: VDD, VSS
[WARNING PDN-0178] Remaining channel (10.0000, 856.7500) - (967.4000, 865.8500) on M1 for nets: VDD, VSS
[WARNING PDN-0178] Remaining channel (10.0000, 898.1500) - (967.4000, 905.4500) on M1 for nets: VDD
[WARNING PDN-0178] Remaining channel (10.0000, 937.7500) - (967.4000, 945.0500) on M1 for nets: VDD
[ERROR PDN-0179] Unable to repair all channels.
application-specific initialization failed: can't read "auto_index(::tclreadline::ScriptCompleter)": no such element in array
