OpenROAD v2.0-17598-ga008522d8 
Features included (+) or not (-): +Charts +GPU +GUI +Python : None
This program is licensed under the BSD-3 license. See the LICENSE file for details.
Components of this program may be licensed under more restrictive licenses which must be honored.
[INFO ODB-0388] unsupported LEF57_SPACING property for layer M1 :"SPACING 0.11 ENDOFLINE 0.11 WITHIN 0.035 PARALLELEDGE 0.11 WITHIN 0.11 ;"
[INFO ODB-0388] unsupported LEF57_SPACING property for layer M2 :"SPACING 0.12 ENDOFLINE 0.12 WITHIN 0.035 PARALLELEDGE 0.12 WITHIN 0.12 ;"
[INFO ODB-0388] unsupported LEF57_SPACING property for layer M3 :"SPACING 0.12 ENDOFLINE 0.12 WITHIN 0.035 PARALLELEDGE 0.12 WITHIN 0.12 ;"
[INFO ODB-0388] unsupported LEF57_SPACING property for layer M4 :"SPACING 0.12 ENDOFLINE 0.12 WITHIN 0.035 PARALLELEDGE 0.12 WITHIN 0.12 ;"
[INFO ODB-0388] unsupported LEF57_SPACING property for layer M5 :"SPACING 0.12 ENDOFLINE 0.12 WITHIN 0.035 PARALLELEDGE 0.12 WITHIN 0.12 ;"
[INFO ODB-0227] LEF file: /ssd0/PDKs/TSMC65nm/STDCELL/std/STD_Cell/tcbn65lp_200b/Back_End/lef/tcbn65lp_200a/lef/tcbn65lp_6lmT1.lef, created 16 layers, 72 vias, 855 library cells
[WARNING IFP-0028] Core area lower left (10.000, 10.000) snapped to (10.000, 10.800).
[INFO IFP-0001] Added 651 rows of 5863 site core.
Found 0 macro blocks.
[INFO PPL-0001] Number of slots           5868
[INFO PPL-0002] Number of I/O             57
[INFO PPL-0003] Number of I/O w/sink      57
[INFO PPL-0004] Number of I/O w/o sink    0
[INFO PPL-0005] Slots per section         200
[INFO PPL-0008] Successfully assigned pins to sections.
[INFO PPL-0012] I/O nets HPWL: 34640.06 um.
[INFO PDN-0001] Inserting grid: core_grid
[INFO PSM-0040] All shapes on net VDD are connected.
[INFO PSM-0040] All shapes on net VSS are connected.
Design area 412524 u^2 30% utilization.
PDE_OPENROAD_FLOORPLAN_PDN_V6_PASS
