violation type: Horizontal congestion
	srcs: net:u_impl/load_black_flat[2268] net:u_impl/load_black_flat[2391] net:u_impl/load_black_flat[2499] net:u_impl/load_black_flat[2713] net:u_impl/n977 net:net9140 net:net14058 net:net15024 net:net15403 net:net15530 net:net19217 net:net19303 net:net19348 net:net19421 net:net19456 net:net20414
	comment: capacity:15 usage:16 overflow:1
	bbox = (315.0000, 612.0000) - (318.0000, 615.0000) on Layer -
violation type: Horizontal congestion
	srcs: net:u_impl/load_black_flat[2513] net:u_impl/load_red_flat[2513] net:u_impl/n1090 net:net9903 net:net10917 net:net11565 net:net13619 net:net15437 net:net18616 net:net18706 net:net19495 net:net19558 net:net19629 net:net20203 net:net21825 net:net22940
	comment: capacity:15 usage:16 overflow:1
	bbox = (315.0000, 642.0000) - (318.0000, 645.0000) on Layer -
violation type: Horizontal congestion
	srcs: net:u_impl/n6148 net:net8607 net:net9326 net:net9753 net:net11483 net:net11740 net:net12416 net:net14429 net:net17209 net:net19079 net:net19350 net:net19458 net:net20287 net:net20443 net:net20476 net:net21257
	comment: capacity:15 usage:16 overflow:1
	bbox = (321.0000, 543.0000) - (324.0000, 546.0000) on Layer -
violation type: Horizontal congestion
	srcs: net:u_impl/load_red_flat[2310] net:u_impl/load_red_flat[2568] net:u_impl/load_red_flat[2571] net:u_impl/load_red_flat[2718] net:u_impl/n5258 net:u_impl/u_core/g_row_16__g_col_0__u_pe/r_black_q[3] net:net4286 net:net10987 net:net11331 net:net12360 net:net15856 net:net16378 net:net19104 net:net20267 net:net20543 net:clknet_11_255__leaf_clk
	comment: capacity:15 usage:16 overflow:1
	bbox = (321.0000, 564.0000) - (324.0000, 567.0000) on Layer -
violation type: Horizontal congestion
	srcs: net:u_impl/load_black_flat[2176] net:u_impl/load_red_flat[1795] net:u_impl/load_red_flat[2679] net:u_impl/n3322 net:u_impl/n629 net:u_impl/n6727 net:net13984 net:net15116 net:net15846 net:net16658 net:net16790 net:net20313 net:net22974
	comment: capacity:12 usage:13 overflow:1
	bbox = (321.0000, 594.0000) - (324.0000, 597.0000) on Layer -
violation type: Horizontal congestion
	srcs: net:u_impl/load_black_flat[2267] net:u_impl/load_black_flat[2451] net:u_impl/load_red_flat[1782] net:u_impl/load_red_flat[2423] net:u_impl/n6247 net:u_impl/n6767 net:net9622 net:net9654 net:net11293 net:net12791 net:net12941 net:net13655 net:net15500 net:net19470 net:net20403 net:net22368
	comment: capacity:15 usage:16 overflow:1
	bbox = (321.0000, 600.0000) - (324.0000, 603.0000) on Layer -
violation type: Horizontal congestion
	srcs: net:u_impl/load_black_flat[1930] net:u_impl/load_black_flat[2269] net:u_impl/load_black_flat[2421] net:u_impl/load_red_flat[2259] net:u_impl/n3059 net:u_impl/n4314 net:u_impl/n4317 net:u_impl/n4812 net:u_impl/n825 net:net3614 net:net8801 net:net15541 net:net19166 net:net19212 net:net20268 net:net20807
	comment: capacity:15 usage:16 overflow:1
	bbox = (321.0000, 624.0000) - (324.0000, 627.0000) on Layer -
violation type: Horizontal congestion
	srcs: net:u_impl/load_black_flat[1780] net:u_impl/load_black_flat[2521] net:u_impl/load_black_flat[2527] net:u_impl/load_red_flat[2542] net:u_impl/load_red_flat[2623] net:u_impl/n5230 net:u_impl/n6214 net:net3091 net:net8175 net:net9237 net:net11254 net:net12959 net:net14744 net:net15857 net:net16741 net:net19338
	comment: capacity:15 usage:16 overflow:1
	bbox = (321.0000, 672.0000) - (324.0000, 675.0000) on Layer -
violation type: Horizontal congestion
	srcs: net:u_impl/black_valid_q[153] net:u_impl/load_black_flat[1922] net:u_impl/load_black_flat[1926] net:u_impl/load_black_flat[1954] net:u_impl/load_black_flat[2498] net:u_impl/load_black_flat[2690] net:u_impl/load_red_flat[2438] net:u_impl/load_red_flat[2708] net:u_impl/load_red_flat[2737] net:net3075 net:net9878 net:net15328 net:net18607 net:net18660 net:net19609 net:net20269
	comment: capacity:15 usage:16 overflow:1
	bbox = (321.0000, 687.0000) - (324.0000, 690.0000) on Layer -
violation type: Horizontal congestion
	srcs: net:u_impl/load_black_flat[2562] net:u_impl/load_red_flat[2325] net:u_impl/load_red_flat[2528] net:net4922 net:net8645 net:net11563 net:net11741 net:net11984 net:net16654 net:clknet_9_63_0_clk
	comment: capacity:9 usage:10 overflow:1
	bbox = (324.0000, 540.0000) - (327.0000, 543.0000) on Layer -
violation type: Horizontal congestion
	srcs: net:u_impl/load_black_flat[2561] net:u_impl/load_black_flat[2567] net:u_impl/load_red_flat[2330] net:u_impl/load_red_flat[2706] net:u_impl/u_core/g_row_16__g_col_0__u_pe/r_black_q[7] net:net3668 net:net9325 net:net10106 net:net12013 net:net13897 net:net19093 net:net19318 net:net19350 net:net19364 net:net19564 net:net23938
	comment: capacity:15 usage:16 overflow:1
	bbox = (324.0000, 546.0000) - (327.0000, 549.0000) on Layer -
violation type: Horizontal congestion
	srcs: net:u_impl/load_black_flat[2448] net:u_impl/load_red_flat[2450] net:u_impl/n3337 net:u_impl/n4436 net:net3154 net:net9532 net:net10987 net:net11040 net:net12341 net:net14072 net:net19273 net:net20162 net:net20244 net:net20457 net:net20497 net:net21156
	comment: capacity:15 usage:16 overflow:1
	bbox = (324.0000, 567.0000) - (327.0000, 570.0000) on Layer -
violation type: Horizontal congestion
	srcs: net:u_impl/load_black_flat[2271] net:u_impl/load_black_flat[2326] net:u_impl/load_black_flat[2573] net:u_impl/load_red_flat[1947] net:u_impl/n2151 net:u_impl/n982 net:net10955 net:net11127 net:net12847 net:net13126 net:net13984 net:net15375 net:net19430 net:net20552 net:net21403 net:net22747
	comment: capacity:15 usage:16 overflow:1
	bbox = (324.0000, 588.0000) - (327.0000, 591.0000) on Layer -
violation type: Horizontal congestion
	srcs: net:u_impl/load_black_flat[2259] net:u_impl/load_black_flat[2427] net:u_impl/load_black_flat[2499] net:u_impl/load_black_flat[2713] net:u_impl/load_red_flat[1782] net:net9747 net:net12705 net:net14058 net:net15024 net:net15530 net:net19303 net:net19348 net:net19421 net:net19456 net:net20414 net:net20424
	comment: capacity:15 usage:16 overflow:1
	bbox = (324.0000, 612.0000) - (327.0000, 615.0000) on Layer -
violation type: Horizontal congestion
	srcs: net:u_impl/load_red_flat[2264] net:u_impl/load_red_flat[2686] net:u_impl/n1116 net:net7843 net:net10278 net:net11377 net:net13079 net:net14976 net:net15239 net:net19368 net:net19674 net:net20170 net:net20198 net:net20415
	comment: capacity:13 usage:14 overflow:1
	bbox = (324.0000, 633.0000) - (327.0000, 636.0000) on Layer -
violation type: Horizontal congestion
	srcs: net:u_impl/black_valid_q[152] net:u_impl/load_black_flat[1922] net:u_impl/load_black_flat[1926] net:u_impl/load_black_flat[1954] net:u_impl/load_black_flat[2498] net:u_impl/load_black_flat[2690] net:u_impl/load_red_flat[2438] net:u_impl/load_red_flat[2708] net:u_impl/load_red_flat[2737] net:net3075 net:net9878 net:net15328 net:net18607 net:net18660 net:net19609 net:net20269
	comment: capacity:15 usage:16 overflow:1
	bbox = (324.0000, 687.0000) - (327.0000, 690.0000) on Layer -
violation type: Horizontal congestion
	srcs: net:u_impl/black_valid_q[153] net:u_impl/black_valid_q[155] net:u_impl/load_black_flat[2501] net:u_impl/load_red_flat[2188] net:u_impl/load_red_flat[2327] net:u_impl/load_red_flat[2488] net:u_impl/load_red_flat[2491] net:u_impl/n4138 net:net9466 net:net11360 net:net12882 net:net13669 net:net13750 net:net19547
	comment: capacity:13 usage:14 overflow:1
	bbox = (324.0000, 693.0000) - (327.0000, 696.0000) on Layer -
violation type: Horizontal congestion
	srcs: net:u_impl/load_black_flat[2565] net:u_impl/load_red_flat[1302] net:u_impl/load_red_flat[2335] net:net8607 net:net9264 net:net9325 net:net11693 net:net12416 net:net13897 net:net15455 net:net17235 net:net18770 net:net19305 net:net19350 net:net19358 net:net19564
	comment: capacity:15 usage:16 overflow:1
	bbox = (330.0000, 552.0000) - (333.0000, 555.0000) on Layer -
violation type: Horizontal congestion
	srcs: net:u_impl/load_red_flat[1966] net:u_impl/load_red_flat[2220] net:u_impl/load_red_flat[2446] net:u_impl/load_red_flat[2461] net:u_impl/load_red_flat[2563] net:u_impl/n1288 net:u_impl/n4120 net:u_impl/n642 net:u_impl/n684 net:net10268 net:net10715 net:net12366 net:net12884 net:net13614 net:net19213 net:net19500
	comment: capacity:15 usage:16 overflow:1
	bbox = (330.0000, 558.0000) - (333.0000, 561.0000) on Layer -
violation type: Horizontal congestion
	srcs: net:u_impl/load_red_flat[1777] net:u_impl/load_red_flat[2568] net:u_impl/load_red_flat[2571] net:u_impl/load_red_flat[2718] net:u_impl/n15334 net:u_impl/n5258 net:net1495 net:net11331 net:net11365 net:net14455 net:net16378 net:net17739 net:net18066 net:net19104 net:net21890 net:clknet_11_255__leaf_clk
	comment: capacity:15 usage:16 overflow:1
	bbox = (330.0000, 564.0000) - (333.0000, 567.0000) on Layer -
violation type: Horizontal congestion
	srcs: net:u_impl/load_red_flat[2436] net:u_impl/n1134 net:u_impl/n1179 net:u_impl/n482 net:u_impl/n794 net:net1650 net:net9619 net:net11564 net:net13703 net:net13949 net:net14976 net:net15424 net:net19282 net:net20415
	comment: capacity:13 usage:14 overflow:1
	bbox = (330.0000, 636.0000) - (333.0000, 639.0000) on Layer -
violation type: Horizontal congestion
	srcs: net:u_impl/load_red_flat[2434] net:u_impl/load_red_flat[2601] net:u_impl/n1455 net:net10858 net:net11525 net:net11793 net:net13233 net:net13619 net:net14084 net:net15008 net:net15472 net:net15626 net:net16471 net:net19411 net:net19491 net:net20068
	comment: capacity:15 usage:16 overflow:1
	bbox = (330.0000, 645.0000) - (333.0000, 648.0000) on Layer -
violation type: Horizontal congestion
	srcs: net:u_impl/load_black_flat[2188] net:u_impl/load_black_flat[2445] net:u_impl/load_red_flat[2188] net:u_impl/n4043 net:u_impl/n625 net:u_impl/n626 net:net9139 net:net11496 net:net12085 net:net12173 net:net13860 net:net13862 net:net13921 net:net15352 net:net15786 net:net20331
	comment: capacity:15 usage:16 overflow:1
	bbox = (330.0000, 657.0000) - (333.0000, 660.0000) on Layer -
violation type: Horizontal congestion
	srcs: net:u_impl/load_red_flat[2484] net:u_impl/load_red_flat[2531] net:u_impl/load_red_flat[2543] net:net8640 net:net10974 net:net11657 net:net12373 net:net12684 net:net13496 net:net13950 net:net13951 net:net16791 net:net18617
	comment: capacity:12 usage:13 overflow:1
	bbox = (330.0000, 699.0000) - (333.0000, 702.0000) on Layer -
violation type: Horizontal congestion
	srcs: net:u_impl/load_black_flat[2551] net:u_impl/n4850 net:u_impl/n6260 net:u_impl/n6729 net:net4588 net:net10898 net:net12261 net:net13691 net:net15118 net:net18331 net:net19097 net:net19462 net:net19488 net:net19631 net:net20436 net:clknet_11_769__leaf_clk
	comment: capacity:15 usage:16 overflow:1
	bbox = (345.0000, 708.0000) - (348.0000, 711.0000) on Layer -
violation type: Horizontal congestion
	srcs: net:u_impl/load_black_flat[2239] net:u_impl/n6772 net:net4820 net:net7914 net:net11132 net:net12755 net:net13164 net:net13424 net:net18652 net:net18731 net:net19427 net:net19660 net:net23071
	comment: capacity:12 usage:13 overflow:1
	bbox = (417.0000, 702.0000) - (420.0000, 705.0000) on Layer -
violation type: Horizontal congestion
	srcs: net:u_impl/load_red_flat[2265] net:u_impl/n1144 net:u_impl/n2246 net:u_impl/n6772 net:net4820 net:net8158 net:net9877 net:net11358 net:net11531 net:net12310 net:net12688 net:net13104 net:net13166 net:net17847 net:net19569 net:clknet_11_836__leaf_clk
	comment: capacity:15 usage:16 overflow:1
	bbox = (435.0000, 684.0000) - (438.0000, 687.0000) on Layer -
violation type: Horizontal congestion
	srcs: net:u_impl/n6113 net:u_impl/n6255 net:u_impl/n7260 net:u_impl/u_core/g_row_14__g_col_2__u_pe/r_black_q[5] net:net7916 net:net12660 net:net12740 net:net13266 net:net13822 net:net16481 net:net20352 net:net20365 net:clknet_9_110_0_clk
	comment: capacity:12 usage:13 overflow:1
	bbox = (441.0000, 555.0000) - (444.0000, 558.0000) on Layer -
violation type: Vertical congestion
	srcs: net:u_impl/load_black_flat[2229] net:u_impl/load_black_flat[2385] net:u_impl/load_black_flat[2877] net:u_impl/load_red_flat[2232] net:u_impl/load_red_flat[2388] net:u_impl/load_red_flat[2872] net:net5700 net:net10983 net:net11315 net:net12970 net:net13669 net:net15208 net:net16704 net:net17726 net:net17771 net:net19329 net:net19462 net:net19675 net:net20043 net:net20161 net:net20268 net:net22973
	comment: capacity:21 usage:22 overflow:1
	bbox = (318.0000, 711.0000) - (321.0000, 714.0000) on Layer -
violation type: Vertical congestion
	srcs: net:u_impl/load_black_flat[1346] net:u_impl/load_black_flat[2188] net:u_impl/load_black_flat[2545] net:u_impl/load_red_flat[1359] net:u_impl/load_red_flat[2188] net:u_impl/load_red_flat[2500] net:u_impl/load_red_flat[2737] net:net4607 net:net11360 net:net11422 net:net12940 net:net14084 net:net15117 net:net15328 net:net17588 net:net17992 net:net18607 net:net20043 net:net20166 net:net20184 net:net20370 net:clknet_11_768__leaf_clk
	comment: capacity:21 usage:22 overflow:1
	bbox = (327.0000, 684.0000) - (330.0000, 687.0000) on Layer -
violation type: Vertical congestion
	srcs: net:u_impl/load_black_flat[1346] net:u_impl/load_black_flat[2188] net:u_impl/load_black_flat[2545] net:u_impl/load_black_flat[2750] net:u_impl/load_red_flat[1359] net:u_impl/load_red_flat[2247] net:u_impl/n6729 net:net11422 net:net11521 net:net12716 net:net13091 net:net13496 net:net15117 net:net15768 net:net17771 net:net19493 net:net19620 net:net19675 net:net20043 net:net20166 net:net20184 net:net20370
	comment: capacity:21 usage:22 overflow:1
	bbox = (327.0000, 705.0000) - (330.0000, 708.0000) on Layer -
violation type: Vertical congestion
	srcs: net:u_impl/load_black_flat[1346] net:u_impl/load_black_flat[2188] net:u_impl/load_black_flat[2545] net:u_impl/load_black_flat[2750] net:u_impl/load_red_flat[1359] net:u_impl/n15326 net:u_impl/n4786 net:net11315 net:net11422 net:net11521 net:net12716 net:net12773 net:net13496 net:net15768 net:net19493 net:net19620 net:net19675 net:net20166 net:net20184 net:net20370 net:net20684 net:net22078
	comment: capacity:21 usage:22 overflow:1
	bbox = (327.0000, 708.0000) - (330.0000, 711.0000) on Layer -
violation type: Vertical congestion
	srcs: net:u_impl/load_black_flat[1920] net:u_impl/load_red_flat[1632] net:u_impl/load_red_flat[1933] net:u_impl/u_core/g_row_14__g_col_6__u_pe/r_black_q[7] net:u_impl/u_core/g_row_14__g_col_6__u_pe/r_black_q[8] net:net4385 net:net7702 net:net7703 net:net10835 net:net11193 net:net11356 net:net11392 net:net12348 net:net12355 net:net12375 net:net13612 net:net13946 net:net14004 net:net18767 net:net19751
	comment: capacity:19 usage:20 overflow:1
	bbox = (333.0000, 498.0000) - (336.0000, 501.0000) on Layer -
violation type: Vertical congestion
	srcs: net:u_impl/load_black_flat[2336] net:u_impl/load_red_flat[1975] net:u_impl/n15111 net:u_impl/n2257 net:u_impl/n3379 net:u_impl/n6757 net:u_impl/n959 net:net4386 net:net9144 net:net11467 net:net11528 net:net12721 net:net13360 net:net13624 net:net18604 net:net19426 net:net19752
	comment: capacity:16 usage:17 overflow:1
	bbox = (339.0000, 498.0000) - (342.0000, 501.0000) on Layer -
violation type: Vertical congestion
	srcs: net:u_impl/load_black_flat[1315] net:u_impl/load_black_flat[1920] net:u_impl/load_black_flat[2325] net:u_impl/load_red_flat[1975] net:u_impl/n2257 net:u_impl/n2673 net:net9144 net:net11268 net:net11430 net:net11466 net:net12360 net:net12721 net:net15463 net:net18604 net:net19056 net:net19426 net:net19752
	comment: capacity:16 usage:17 overflow:1
	bbox = (339.0000, 516.0000) - (342.0000, 519.0000) on Layer -
violation type: Vertical congestion
	srcs: net:u_impl/load_black_flat[2555] net:u_impl/load_black_flat[2830] net:u_impl/load_red_flat[2674] net:net10694 net:net10930 net:net11223 net:net11262 net:net11418 net:net11872 net:net12327 net:net13887 net:net17568 net:net18621 net:net19124 net:net19620 net:net20236 net:net20237
	comment: capacity:16 usage:17 overflow:1
	bbox = (339.0000, 702.0000) - (342.0000, 705.0000) on Layer -
violation type: Vertical congestion
	srcs: net:u_impl/load_red_flat[2403] net:u_impl/load_red_flat[2613] net:u_impl/load_red_flat[2715] net:u_impl/load_red_flat[2722] net:u_impl/load_red_flat[2834] net:u_impl/n5592 net:u_impl/u_core/g_row_15__g_col_9__u_pe/r_black_q[11] net:u_impl/u_core/g_row_15__g_col_9__u_pe/r_red_q[7] net:u_impl/u_core/g_row_15__g_col_9__u_pe/u_r_red/n34 net:net8700 net:net10724 net:net10963 net:net11223 net:net11350 net:net13022 net:net13178 net:net18160 net:net18736 net:net19168 net:net19428 net:net19774 net:net23070
	comment: capacity:21 usage:22 overflow:1
	bbox = (342.0000, 726.0000) - (345.0000, 729.0000) on Layer -
violation type: Vertical congestion
	srcs: net:u_impl/load_red_flat[2372] net:u_impl/load_red_flat[2406] net:u_impl/load_red_flat[2647] net:u_impl/n2002 net:u_impl/n5827 net:net4588 net:net7584 net:net8973 net:net10662 net:net11577 net:net12093 net:net12394 net:net13022 net:net13050 net:net13133 net:net13135 net:net13183 net:net13290 net:net13629 net:net18332 net:net19428 net:net20137
	comment: capacity:21 usage:22 overflow:1
	bbox = (345.0000, 702.0000) - (348.0000, 705.0000) on Layer -
violation type: Vertical congestion
	srcs: net:u_impl/load_black_flat[2814] net:u_impl/load_red_flat[2406] net:u_impl/load_red_flat[2643] net:u_impl/load_red_flat[2647] net:u_impl/n5827 net:u_impl/u_core/g_row_15__g_col_9__u_pe/r_black_q[11] net:net10154 net:net10898 net:net11005 net:net11577 net:net12094 net:net12261 net:net13050 net:net13134 net:net13135 net:net13183 net:net13691 net:net19097 net:net19126 net:net19631 net:net20137 net:net24370
	comment: capacity:21 usage:22 overflow:1
	bbox = (345.0000, 711.0000) - (348.0000, 714.0000) on Layer -
violation type: Vertical congestion
	srcs: net:u_impl/load_black_flat[2711] net:u_impl/load_red_flat[2557] net:u_impl/load_red_flat[2729] net:u_impl/load_red_flat[2870] net:u_impl/n15317 net:u_impl/n3534 net:u_impl/n4850 net:net7584 net:net9446 net:net10885 net:net10898 net:net11188 net:net11447 net:net12128 net:net12336 net:net18067 net:net19081 net:net19097 net:net19127 net:net20123 net:net20157 net:net22167
	comment: capacity:21 usage:22 overflow:1
	bbox = (348.0000, 705.0000) - (351.0000, 708.0000) on Layer -
violation type: Vertical congestion
	srcs: net:u_impl/load_black_flat[2388] net:u_impl/load_black_flat[2554] net:u_impl/load_black_flat[2594] net:u_impl/load_black_flat[2712] net:u_impl/load_red_flat[2394] net:u_impl/load_red_flat[2548] net:u_impl/load_red_flat[2549] net:u_impl/load_red_flat[2643] net:u_impl/load_red_flat[2836] net:u_impl/n1141 net:u_impl/n4634 net:net9049 net:net11599 net:net13325 net:net14081 net:net18738 net:net19074 net:net19164 net:net19266 net:net20044 net:net20138 net:net20235
	comment: capacity:21 usage:22 overflow:1
	bbox = (351.0000, 702.0000) - (354.0000, 705.0000) on Layer -
violation type: Vertical congestion
	srcs: net:u_impl/load_black_flat[2388] net:u_impl/load_black_flat[2554] net:u_impl/load_black_flat[2594] net:u_impl/load_black_flat[2712] net:u_impl/load_red_flat[2394] net:u_impl/load_red_flat[2548] net:u_impl/load_red_flat[2549] net:u_impl/load_red_flat[2836] net:u_impl/n1141 net:u_impl/n4634 net:net9049 net:net11599 net:net12261 net:net13325 net:net14081 net:net18738 net:net19074 net:net19164 net:net19266 net:net20044 net:net20138 net:net20235
	comment: capacity:21 usage:22 overflow:1
	bbox = (351.0000, 705.0000) - (354.0000, 708.0000) on Layer -
violation type: Vertical congestion
	srcs: net:u_impl/load_black_flat[2388] net:u_impl/load_black_flat[2594] net:u_impl/load_black_flat[2712] net:u_impl/load_black_flat[2814] net:u_impl/load_red_flat[2394] net:u_impl/load_red_flat[2548] net:u_impl/load_red_flat[2836] net:u_impl/n1141 net:u_impl/n4634 net:net9049 net:net10724 net:net11599 net:net13325 net:net14081 net:net18738 net:net19074 net:net19164 net:net19266 net:net19410 net:net20044 net:net20138 net:net20235
	comment: capacity:21 usage:22 overflow:1
	bbox = (351.0000, 708.0000) - (354.0000, 711.0000) on Layer -
violation type: Vertical congestion
	srcs: net:u_impl/load_black_flat[2388] net:u_impl/load_black_flat[2711] net:u_impl/load_black_flat[2903] net:u_impl/load_red_flat[2394] net:u_impl/load_red_flat[2617] net:u_impl/load_red_flat[2723] net:net4581 net:net8690 net:net9136 net:net11728 net:net12710 net:net13004 net:net13007 net:net15503 net:net18748 net:net19069 net:net19406 net:net19742 net:net20080 net:clknet_6_24_0_clk
	comment: capacity:19 usage:20 overflow:1
	bbox = (354.0000, 717.0000) - (357.0000, 720.0000) on Layer -
violation type: Vertical congestion
	srcs: net:u_impl/load_black_flat[2388] net:u_impl/load_black_flat[2711] net:u_impl/load_black_flat[2903] net:u_impl/load_red_flat[2394] net:u_impl/load_red_flat[2553] net:u_impl/load_red_flat[2556] net:u_impl/load_red_flat[2617] net:u_impl/load_red_flat[2723] net:net4581 net:net8690 net:net9136 net:net11728 net:net12710 net:net13004 net:net13007 net:net15503 net:net19406 net:net19742 net:net20080 net:clknet_6_24_0_clk
	comment: capacity:19 usage:20 overflow:1
	bbox = (354.0000, 720.0000) - (357.0000, 723.0000) on Layer -
violation type: Vertical congestion
	srcs: net:u_impl/load_black_flat[2249] net:u_impl/load_black_flat[2721] net:u_impl/load_red_flat[2664] net:u_impl/n277 net:net8648 net:net9427 net:net9465 net:net12123 net:net12668 net:net13982 net:net17741 net:net18067 net:net18651 net:net19169 net:net19199 net:net19239 net:net19616 net:net19696 net:net20064 net:net20080 net:net20169 net:net20466
	comment: capacity:21 usage:22 overflow:1
	bbox = (357.0000, 711.0000) - (360.0000, 714.0000) on Layer -
violation type: Vertical congestion
	srcs: net:u_impl/load_black_flat[2208] net:u_impl/load_black_flat[2553] net:u_impl/n271 net:u_impl/n3369 net:net8867 net:net11084 net:net12403 net:net12668 net:net12710 net:net12826 net:net15514 net:net15860 net:net19232 net:net19254 net:net19295 net:net19696 net:net20152 net:net20159 net:net20165 net:net20199 net:net21709 net:clknet_11_772__leaf_clk
	comment: capacity:21 usage:22 overflow:1
	bbox = (360.0000, 708.0000) - (363.0000, 711.0000) on Layer -
violation type: Vertical congestion
	srcs: net:u_impl/load_black_flat[2558] net:u_impl/n271 net:u_impl/n3369 net:u_impl/n4634 net:net8867 net:net11084 net:net12387 net:net12403 net:net12710 net:net15284 net:net15514 net:net15798 net:net19232 net:net19254 net:net19295 net:net19742 net:net20152 net:net20159 net:net20165 net:net20199 net:net21709 net:net23310
	comment: capacity:21 usage:22 overflow:1
	bbox = (360.0000, 711.0000) - (363.0000, 714.0000) on Layer -
violation type: Vertical congestion
	srcs: net:u_impl/load_black_flat[1784] net:u_impl/load_black_flat[1990] net:u_impl/load_black_flat[2197] net:u_impl/load_red_flat[1808] net:u_impl/load_red_flat[1920] net:u_impl/n2840 net:u_impl/n3144 net:u_impl/n5097 net:net9148 net:net10664 net:net11091 net:net11097 net:net11560 net:net11755 net:net13189 net:net13285 net:net14915 net:net15482 net:net16414 net:net18741 net:net19103 net:net19245
	comment: capacity:21 usage:22 overflow:1
	bbox = (363.0000, 492.0000) - (366.0000, 495.0000) on Layer -
violation type: Vertical congestion
	srcs: net:u_impl/load_black_flat[1645] net:u_impl/load_black_flat[2029] net:u_impl/load_red_flat[1264] net:u_impl/load_red_flat[1920] net:u_impl/load_red_flat[2030] net:u_impl/n1468 net:u_impl/n2483 net:u_impl/n5885 net:net9086 net:net10146 net:net11763 net:net13384 net:net15154 net:net15389 net:net15783 net:net16796 net:net18597 net:net19245 net:net19586 net:net19610 net:net19618 net:net22968
	comment: capacity:21 usage:22 overflow:1
	bbox = (369.0000, 498.0000) - (372.0000, 501.0000) on Layer -
violation type: Vertical congestion
	srcs: net:u_impl/load_black_flat[2642] net:u_impl/load_red_flat[2413] net:u_impl/n347 net:u_impl/n3977 net:u_impl/n608 net:net9782 net:net9936 net:net11288 net:net11567 net:net11659 net:net12174 net:net13026 net:net14045 net:net14929 net:net18256 net:net19666 net:net20233 net:net23070
	comment: capacity:17 usage:18 overflow:1
	bbox = (378.0000, 702.0000) - (381.0000, 705.0000) on Layer -
violation type: Vertical congestion
	srcs: net:u_impl/load_black_flat[1572] net:u_impl/load_black_flat[1579] net:u_impl/load_black_flat[2192] net:u_impl/load_red_flat[1959] net:u_impl/n4114 net:u_impl/n4908 net:u_impl/n6776 net:net7964 net:net10947 net:net13635 net:net13662 net:net15270 net:net18725 net:net19583 net:net19599 net:net19679 net:net20456 net:net22298 net:clknet_9_106_0_clk net:clknet_11_425__leaf_clk
	comment: capacity:19 usage:20 overflow:1
	bbox = (381.0000, 498.0000) - (384.0000, 501.0000) on Layer -
violation type: Vertical congestion
	srcs: net:u_impl/load_black_flat[2392] net:u_impl/load_black_flat[2719] net:u_impl/load_black_flat[2899] net:u_impl/load_red_flat[2724] net:u_impl/n150 net:u_impl/n16017 net:u_impl/n5577 net:net8732 net:net10951 net:net11659 net:net14046 net:net14657 net:net15103 net:net15776 net:net19095 net:net19154 net:net19602 net:net20097 net:net20120 net:net22299 net:net22895 net:net22972
	comment: capacity:21 usage:22 overflow:1
	bbox = (384.0000, 711.0000) - (387.0000, 714.0000) on Layer -
violation type: Vertical congestion
	srcs: net:u_impl/load_black_flat[2198] net:u_impl/load_black_flat[2206] net:u_impl/n1110 net:net9090 net:net10860 net:net10862 net:net11637 net:net12658 net:net13161 net:net13250 net:net13502 net:net13791 net:net13796 net:net13914 net:net14656 net:net14923 net:net15528 net:net15839 net:net18671 net:net19582 net:net19767 net:net20555
	comment: capacity:21 usage:22 overflow:1
	bbox = (387.0000, 510.0000) - (390.0000, 513.0000) on Layer -
violation type: Vertical congestion
	srcs: net:u_impl/load_black_flat[1639] net:u_impl/load_black_flat[1812] net:u_impl/load_black_flat[1924] net:u_impl/load_red_flat[1321] net:u_impl/load_red_flat[1634] net:u_impl/n3533 net:u_impl/n6210 net:net12658 net:net12757 net:net13250 net:net13502 net:net13820 net:net17883 net:net18592 net:net18620 net:net19581 net:net19607 net:net19608 net:net20076 net:net20501 net:net20581 net:net23386
	comment: capacity:21 usage:22 overflow:1
	bbox = (390.0000, 498.0000) - (393.0000, 501.0000) on Layer -
violation type: Vertical congestion
	srcs: net:u_impl/load_black_flat[2414] net:u_impl/load_black_flat[2496] net:u_impl/load_black_flat[2604] net:u_impl/load_black_flat[2644] net:u_impl/load_black_flat[2718] net:u_impl/load_red_flat[2903] net:u_impl/n5274 net:net10259 net:net10787 net:net11953 net:net13088 net:net13092 net:net13417 net:net13674 net:net14955 net:net19055 net:net19064 net:net19101 net:net19209 net:net19605 net:net20368 net:net22877
	comment: capacity:21 usage:22 overflow:1
	bbox = (390.0000, 702.0000) - (393.0000, 705.0000) on Layer -
violation type: Vertical congestion
	srcs: net:u_impl/load_black_flat[2414] net:u_impl/load_black_flat[2496] net:u_impl/load_black_flat[2604] net:u_impl/load_black_flat[2644] net:u_impl/load_black_flat[2718] net:u_impl/n2085 net:u_impl/n4464 net:u_impl/n5274 net:u_impl/n5644 net:u_impl/n6176 net:u_impl/n683 net:net10787 net:net11953 net:net13092 net:net13570 net:net14955 net:net19055 net:net19064 net:net19101 net:net19209 net:net19666 net:net20368
	comment: capacity:21 usage:22 overflow:1
	bbox = (390.0000, 711.0000) - (393.0000, 714.0000) on Layer -
violation type: Vertical congestion
	srcs: net:u_impl/load_black_flat[1152] net:u_impl/load_black_flat[2402] net:u_impl/load_black_flat[2704] net:u_impl/load_red_flat[2827] net:u_impl/load_red_flat[2843] net:u_impl/n12617 net:u_impl/n4784 net:net10074 net:net11155 net:net12699 net:net12956 net:net13504 net:net14060 net:net14073 net:net19193 net:net19198 net:net19225 net:net19263 net:net19267 net:net20206 net:net20341 net:clknet_11_789__leaf_clk
	comment: capacity:21 usage:22 overflow:1
	bbox = (396.0000, 708.0000) - (399.0000, 711.0000) on Layer -
violation type: Vertical congestion
	srcs: net:u_impl/load_black_flat[2511] net:u_impl/load_red_flat[2393] net:u_impl/load_red_flat[2402] net:u_impl/n3079 net:u_impl/n5409 net:u_impl/n6213 net:net3031 net:net3084 net:net6166 net:net8624 net:net19066 net:net19206 net:net20083 net:net20113 net:net20171 net:net20173 net:net20265 net:net20367 net:net20529 net:net22704 net:net22877 net:net23312
	comment: capacity:21 usage:22 overflow:1
	bbox = (402.0000, 708.0000) - (405.0000, 711.0000) on Layer -
violation type: Vertical congestion
	srcs: net:u_impl/load_black_flat[1436] net:u_impl/load_black_flat[2258] net:u_impl/load_red_flat[1446] net:u_impl/load_red_flat[2199] net:u_impl/n11567 net:net4721 net:net5549 net:net7918 net:net8685 net:net9457 net:net12661 net:net12897 net:net15248 net:net17852 net:net18611 net:net18624 net:net18719 net:net19579 net:net19590 net:net20585 net:net21110 net:net22025
	comment: capacity:21 usage:22 overflow:1
	bbox = (408.0000, 498.0000) - (411.0000, 501.0000) on Layer -
violation type: Vertical congestion
	srcs: net:u_impl/load_red_flat[2544] net:u_impl/load_red_flat[2905] net:u_impl/n1023 net:u_impl/n6772 net:u_impl/n792 net:net4820 net:net11171 net:net11212 net:net11497 net:net12328 net:net12963 net:net13319 net:net13377 net:net14507 net:net18653 net:net19236 net:net19277 net:net19347 net:net21074 net:net21410
	comment: capacity:19 usage:20 overflow:1
	bbox = (417.0000, 702.0000) - (420.0000, 705.0000) on Layer -
violation type: Vertical congestion
	srcs: net:u_impl/load_red_flat[2544] net:u_impl/load_red_flat[2657] net:u_impl/load_red_flat[2905] net:u_impl/n6772 net:u_impl/n792 net:net4820 net:net11171 net:net11212 net:net11497 net:net12328 net:net12963 net:net13319 net:net13377 net:net14507 net:net15629 net:net18653 net:net19236 net:net19277 net:net19347 net:net21410
	comment: capacity:19 usage:20 overflow:1
	bbox = (417.0000, 705.0000) - (420.0000, 708.0000) on Layer -
violation type: Vertical congestion
	srcs: net:u_impl/load_black_flat[2831] net:u_impl/load_red_flat[2544] net:u_impl/load_red_flat[2657] net:u_impl/load_red_flat[2905] net:u_impl/n7279 net:u_impl/n792 net:net4816 net:net11212 net:net11461 net:net11497 net:net12328 net:net12963 net:net13319 net:net13377 net:net14047 net:net14507 net:net15629 net:net19277 net:net19347 net:net21409
	comment: capacity:19 usage:20 overflow:1
	bbox = (417.0000, 711.0000) - (420.0000, 714.0000) on Layer -
