violation type: Horizontal congestion
	srcs: net:u_impl/load_black_flat[2512] net:u_impl/load_black_flat[2533] net:u_impl/load_red_flat[2260] net:u_impl/load_red_flat[2434] net:u_impl/load_red_flat[2601] net:net10858 net:net11525 net:net13422 net:net14091 net:net15008 net:net15424 net:net15472 net:net15631 net:net20340 net:net20458 net:net22518
	comment: capacity:15 usage:16 overflow:1
	bbox = (312.0000, 645.0000) - (315.0000, 648.0000) on Layer -
violation type: Horizontal congestion
	srcs: net:u_impl/load_black_flat[2898] net:u_impl/load_red_flat[2352] net:u_impl/n1674 net:u_impl/n4629 net:net9467 net:net11569 net:net12705 net:net13137 net:net14014 net:net14922 net:net15437 net:net15541 net:net16471 net:net17929 net:net19536 net:net20356
	comment: capacity:15 usage:16 overflow:1
	bbox = (312.0000, 648.0000) - (315.0000, 651.0000) on Layer -
violation type: Horizontal congestion
	srcs: net:u_impl/load_black_flat[2326] net:u_impl/load_black_flat[2328] net:u_impl/load_black_flat[2331] net:u_impl/load_black_flat[2335] net:u_impl/load_red_flat[2326] net:net8736 net:net9904 net:net11199 net:net11417 net:net12111 net:net12887 net:net13897 net:net19288 net:net19312 net:net19350 net:net20342
	comment: capacity:15 usage:16 overflow:1
	bbox = (315.0000, 525.0000) - (318.0000, 528.0000) on Layer -
violation type: Horizontal congestion
	srcs: net:u_impl/load_black_flat[2322] net:u_impl/load_red_flat[2440] net:u_impl/n1498 net:net4708 net:net8809 net:net9906 net:net10024 net:net12733 net:net14003 net:net16170 net:net16282 net:net17827 net:net19360 net:net20164 net:net20240 net:net20338
	comment: capacity:15 usage:16 overflow:1
	bbox = (321.0000, 522.0000) - (324.0000, 525.0000) on Layer -
violation type: Horizontal congestion
	srcs: net:u_impl/load_red_flat[1938] net:u_impl/load_red_flat[2719] net:u_impl/n2107 net:net4649 net:net9598 net:net11000 net:net11486 net:net15280 net:net15610 net:net16561 net:net17824 net:net19350 net:clknet_11_252__leaf_clk
	comment: capacity:12 usage:13 overflow:1
	bbox = (321.0000, 534.0000) - (324.0000, 537.0000) on Layer -
violation type: Horizontal congestion
	srcs: net:u_impl/load_black_flat[2571] net:u_impl/load_red_flat[1302] net:u_impl/load_red_flat[2326] net:u_impl/load_red_flat[2334] net:u_impl/n2109 net:net13158 net:net13795 net:net13927 net:net15330 net:net18035 net:net19129 net:net19177 net:net19364 net:net20264 net:net20314 net:clknet_9_63_0_clk
	comment: capacity:15 usage:16 overflow:1
	bbox = (321.0000, 537.0000) - (324.0000, 540.0000) on Layer -
violation type: Horizontal congestion
	srcs: net:u_impl/load_black_flat[1807] net:u_impl/load_black_flat[1927] net:u_impl/load_black_flat[2567] net:u_impl/load_red_flat[2416] net:u_impl/load_red_flat[2730] net:u_impl/n1289 net:u_impl/n6122 net:net8607 net:net9931 net:net10036 net:net18618 net:net19275 net:net19280 net:net19468 net:net19527 net:net22009
	comment: capacity:15 usage:16 overflow:1
	bbox = (321.0000, 549.0000) - (324.0000, 552.0000) on Layer -
violation type: Horizontal congestion
	srcs: net:u_impl/load_black_flat[1948] net:u_impl/load_red_flat[1966] net:u_impl/load_red_flat[2446] net:u_impl/load_red_flat[2461] net:u_impl/load_red_flat[2563] net:u_impl/n4120 net:u_impl/n684 net:u_impl/u_core/g_row_16__g_col_0__u_pe/r_black_q[5] net:net10268 net:net12884 net:net13614 net:net19213 net:net19417 net:net20121 net:net20267 net:net20362
	comment: capacity:15 usage:16 overflow:1
	bbox = (321.0000, 558.0000) - (324.0000, 561.0000) on Layer -
violation type: Horizontal congestion
	srcs: net:u_impl/load_black_flat[2516] net:u_impl/load_red_flat[2463] net:u_impl/load_red_flat[2560] net:net4286 net:net10656 net:net13689 net:net13807 net:net14072 net:net18628 net:net19229 net:net19331 net:net20041 net:net20223 net:net20301 net:net20335 net:net20351
	comment: capacity:15 usage:16 overflow:1
	bbox = (321.0000, 561.0000) - (324.0000, 564.0000) on Layer -
violation type: Horizontal congestion
	srcs: net:u_impl/load_black_flat[1355] net:u_impl/load_black_flat[2452] net:u_impl/load_black_flat[2489] net:u_impl/load_black_flat[2563] net:u_impl/load_red_flat[2525] net:u_impl/load_red_flat[2569] net:u_impl/load_red_flat[2570] net:u_impl/n4439 net:net12015 net:net15547 net:net18627 net:net19315 net:net20449 net:net22178
	comment: capacity:13 usage:14 overflow:1
	bbox = (321.0000, 573.0000) - (324.0000, 576.0000) on Layer -
violation type: Horizontal congestion
	srcs: net:u_impl/load_black_flat[2267] net:u_impl/load_black_flat[2270] net:u_impl/load_black_flat[2451] net:u_impl/load_red_flat[2423] net:u_impl/n6247 net:u_impl/n6767 net:net7524 net:net9654 net:net11293 net:net13655 net:net15500 net:net19470 net:net19769 net:net20403 net:net22368 net:net23049
	comment: capacity:15 usage:16 overflow:1
	bbox = (321.0000, 600.0000) - (324.0000, 603.0000) on Layer -
violation type: Horizontal congestion
	srcs: net:u_impl/load_black_flat[1776] net:u_impl/load_black_flat[2268] net:u_impl/n3984 net:u_impl/n4825 net:net8816 net:net12405 net:net12867 net:net13426 net:net13678 net:net15005 net:net15541 net:net19336 net:net19688 net:net20415
	comment: capacity:13 usage:14 overflow:1
	bbox = (321.0000, 618.0000) - (324.0000, 621.0000) on Layer -
violation type: Horizontal congestion
	srcs: net:u_impl/load_black_flat[2531] net:u_impl/load_black_flat[2898] net:u_impl/n4896 net:net5556 net:net11883 net:net12710 net:net12744 net:net12993 net:net13921 net:net14091 net:net14922 net:net15608 net:net16471 net:net19447 net:net20422 net:net20470
	comment: capacity:15 usage:16 overflow:1
	bbox = (321.0000, 651.0000) - (324.0000, 654.0000) on Layer -
violation type: Horizontal congestion
	srcs: net:u_impl/load_black_flat[2436] net:u_impl/load_black_flat[2530] net:u_impl/n5855 net:net11088 net:net13234 net:net14988 net:net15293 net:net18113 net:net19558 net:net22518
	comment: capacity:9 usage:10 overflow:1
	bbox = (321.0000, 660.0000) - (324.0000, 663.0000) on Layer -
violation type: Horizontal congestion
	srcs: net:u_impl/load_black_flat[2468] net:u_impl/load_black_flat[2471] net:u_impl/load_black_flat[2505] net:u_impl/load_black_flat[2547] net:u_impl/load_red_flat[2358] net:u_impl/load_red_flat[2622] net:u_impl/u_core/g_row_15__g_col_9__u_pe/r_black_q[10] net:u_impl/u_core/g_row_15__g_col_9__u_pe/u_r_black/n31 net:u_impl/u_core/g_row_15__g_col_9__u_pe/u_r_black/n8 net:net5700 net:net11423 net:net11747 net:net16412 net:net19459 net:net19493 net:net20588
	comment: capacity:15 usage:16 overflow:1
	bbox = (321.0000, 717.0000) - (324.0000, 720.0000) on Layer -
violation type: Horizontal congestion
	srcs: net:u_impl/load_black_flat[2325] net:u_impl/load_black_flat[2574] net:u_impl/load_red_flat[1820] net:u_impl/n1916 net:u_impl/n334 net:net9172 net:net9835 net:net11129 net:net11485 net:net11775 net:net13192 net:net16339 net:net18646 net:net20355
	comment: capacity:13 usage:14 overflow:1
	bbox = (324.0000, 516.0000) - (327.0000, 519.0000) on Layer -
violation type: Horizontal congestion
	srcs: net:u_impl/load_black_flat[2562] net:u_impl/load_black_flat[2570] net:u_impl/load_red_flat[2325] net:u_impl/load_red_flat[2528] net:net11563 net:net11741 net:net11984 net:net16654 net:net19364 net:clknet_9_63_0_clk
	comment: capacity:9 usage:10 overflow:1
	bbox = (324.0000, 540.0000) - (327.0000, 543.0000) on Layer -
violation type: Horizontal congestion
	srcs: net:u_impl/load_black_flat[1807] net:u_impl/load_black_flat[2567] net:u_impl/load_red_flat[2416] net:u_impl/load_red_flat[2730] net:u_impl/n1289 net:u_impl/n6122 net:net8607 net:net9931 net:net10036 net:net13158 net:net17739 net:net19275 net:net19280 net:net19468 net:net19527 net:net22009
	comment: capacity:15 usage:16 overflow:1
	bbox = (324.0000, 549.0000) - (327.0000, 552.0000) on Layer -
violation type: Horizontal congestion
	srcs: net:u_impl/load_black_flat[2461] net:u_impl/load_black_flat[2565] net:u_impl/load_black_flat[2569] net:u_impl/load_red_flat[1357] net:u_impl/load_red_flat[2455] net:u_impl/load_red_flat[2669] net:u_impl/load_red_flat[2710] net:net12360 net:net12366 net:net13759 net:net14455 net:net20121 net:net22658
	comment: capacity:12 usage:13 overflow:1
	bbox = (324.0000, 555.0000) - (327.0000, 558.0000) on Layer -
violation type: Horizontal congestion
	srcs: net:u_impl/load_black_flat[1542] net:u_impl/load_black_flat[2330] net:u_impl/load_red_flat[2471] net:u_impl/load_red_flat[2530] net:u_impl/load_red_flat[2615] net:u_impl/load_red_flat[2668] net:u_impl/n2712 net:u_impl/n2715 net:net7570 net:net11294 net:net14080 net:net19520 net:net20336 net:net22894 net:net23049 net:net23366
	comment: capacity:15 usage:16 overflow:1
	bbox = (324.0000, 591.0000) - (327.0000, 594.0000) on Layer -
violation type: Horizontal congestion
	srcs: net:u_impl/load_black_flat[2501] net:u_impl/load_red_flat[2264] net:u_impl/load_red_flat[2686] net:net5555 net:net7843 net:net10278 net:net11377 net:net11564 net:net15239 net:net19368 net:net19674 net:net19691 net:net20198 net:net22347
	comment: capacity:13 usage:14 overflow:1
	bbox = (324.0000, 633.0000) - (327.0000, 636.0000) on Layer -
violation type: Horizontal congestion
	srcs: net:u_impl/load_black_flat[2418] net:u_impl/load_black_flat[2437] net:u_impl/load_black_flat[2506] net:u_impl/load_red_flat[2520] net:u_impl/n2265 net:u_impl/n4526 net:u_impl/n5879 net:net11260 net:net11433 net:net11489 net:net11496 net:net13437 net:net13805 net:net14988 net:net19329 net:net20484
	comment: capacity:15 usage:16 overflow:1
	bbox = (324.0000, 663.0000) - (327.0000, 666.0000) on Layer -
violation type: Horizontal congestion
	srcs: net:u_impl/black_valid_q[154] net:u_impl/load_red_flat[2484] net:u_impl/load_red_flat[2491] net:u_impl/load_red_flat[2708] net:u_impl/n5830 net:net7832 net:net10366 net:net11801 net:net12732 net:net15550 net:net20450 net:net21108 net:net22699 net:net24367
	comment: capacity:13 usage:14 overflow:1
	bbox = (324.0000, 696.0000) - (327.0000, 699.0000) on Layer -
violation type: Horizontal congestion
	srcs: net:u_impl/load_red_flat[2248] net:u_impl/n143 net:u_impl/n6728 net:net13091 net:net13416 net:net13629 net:net15118 net:net15390 net:net17726 net:net17771 net:net17992 net:net18614 net:net18737 net:net19488 net:net20436 net:net22160
	comment: capacity:15 usage:16 overflow:1
	bbox = (324.0000, 708.0000) - (327.0000, 711.0000) on Layer -
violation type: Horizontal congestion
	srcs: net:u_impl/load_red_flat[1272] net:u_impl/load_red_flat[2016] net:u_impl/load_red_flat[2323] net:u_impl/n2671 net:net10994 net:net10996 net:net12672 net:net13096 net:net16227 net:net16339 net:net17846 net:net19443 net:net19757 net:net19775 net:net20417 net:net20507
	comment: capacity:15 usage:16 overflow:1
	bbox = (327.0000, 519.0000) - (330.0000, 522.0000) on Layer -
violation type: Horizontal congestion
	srcs: net:u_impl/load_red_flat[2248] net:u_impl/n143 net:u_impl/n6728 net:u_impl/n6729 net:net11315 net:net12773 net:net13629 net:net15118 net:net15390 net:net18614 net:net18737 net:net19488 net:net19620 net:net20436 net:net20684 net:net22160
	comment: capacity:15 usage:16 overflow:1
	bbox = (327.0000, 708.0000) - (330.0000, 711.0000) on Layer -
violation type: Horizontal congestion
	srcs: net:u_impl/load_black_flat[1957] net:u_impl/load_red_flat[1966] net:u_impl/load_red_flat[2446] net:u_impl/load_red_flat[2461] net:u_impl/load_red_flat[2563] net:u_impl/n1288 net:u_impl/n4120 net:u_impl/n642 net:u_impl/n684 net:net10268 net:net10715 net:net12366 net:net12884 net:net13614 net:net19213 net:net20121
	comment: capacity:15 usage:16 overflow:1
	bbox = (330.0000, 558.0000) - (333.0000, 561.0000) on Layer -
violation type: Horizontal congestion
	srcs: net:u_impl/load_black_flat[1921] net:u_impl/load_black_flat[2448] net:u_impl/n3337 net:u_impl/n4436 net:net1495 net:net3154 net:net4775 net:net9902 net:net10987 net:net12340 net:net17739 net:net19273 net:net20219 net:net20457 net:net20543 net:net21156
	comment: capacity:15 usage:16 overflow:1
	bbox = (330.0000, 567.0000) - (333.0000, 570.0000) on Layer -
violation type: Horizontal congestion
	srcs: net:u_impl/load_black_flat[1542] net:u_impl/load_black_flat[2427] net:u_impl/load_black_flat[2499] net:u_impl/load_black_flat[2713] net:u_impl/n5318 net:net12744 net:net12969 net:net14058 net:net14093 net:net15530 net:net16704 net:net18600 net:net19303 net:net19456 net:net20414 net:net20424
	comment: capacity:15 usage:16 overflow:1
	bbox = (330.0000, 612.0000) - (333.0000, 615.0000) on Layer -
violation type: Horizontal congestion
	srcs: net:u_impl/load_black_flat[1922] net:u_impl/load_black_flat[1926] net:u_impl/load_black_flat[1954] net:u_impl/load_black_flat[2482] net:u_impl/load_black_flat[2498] net:u_impl/load_black_flat[2690] net:u_impl/load_red_flat[2438] net:u_impl/n4834 net:net9168 net:net9878 net:net13669 net:net13902 net:net15328 net:net19111 net:net19609 net:net23133
	comment: capacity:15 usage:16 overflow:1
	bbox = (330.0000, 687.0000) - (333.0000, 690.0000) on Layer -
violation type: Horizontal congestion
	srcs: net:u_impl/load_black_flat[2542] net:u_impl/load_black_flat[2601] net:u_impl/load_black_flat[2910] net:u_impl/load_red_flat[2537] net:u_impl/n3137 net:net8096 net:net11093 net:net11767 net:net12772 net:net12979 net:net13930 net:net13990 net:net15125 net:net15632 net:net19551 net:net20455
	comment: capacity:15 usage:16 overflow:1
	bbox = (330.0000, 690.0000) - (333.0000, 693.0000) on Layer -
violation type: Horizontal congestion
	srcs: net:u_impl/load_black_flat[2475] net:u_impl/n4456 net:u_impl/u_core/g_row_15__g_col_9__u_pe/r_black_q[10] net:u_impl/u_core/g_row_15__g_col_9__u_pe/r_black_q[9] net:net2986 net:net10930 net:net11418 net:net12260 net:net13290 net:net13676 net:net15476 net:net18659 net:net20188 net:net20207 net:net20588 net:clknet_9_192_0_clk
	comment: capacity:15 usage:16 overflow:1
	bbox = (330.0000, 711.0000) - (333.0000, 714.0000) on Layer -
violation type: Horizontal congestion
	srcs: net:u_impl/load_black_flat[2239] net:u_impl/load_black_flat[2544] net:u_impl/load_red_flat[2248] net:u_impl/n15327 net:net7933 net:net11443 net:net13446 net:net17771 net:net18614 net:net18659 net:net19493 net:net19620 net:net20188
	comment: capacity:12 usage:13 overflow:1
	bbox = (333.0000, 702.0000) - (336.0000, 705.0000) on Layer -
violation type: Horizontal congestion
	srcs: net:u_impl/load_black_flat[2553] net:u_impl/load_red_flat[2550] net:u_impl/n4456 net:u_impl/u_core/g_row_15__g_col_9__u_pe/r_black_q[10] net:u_impl/u_core/g_row_15__g_col_9__u_pe/r_black_q[9] net:net2986 net:net4289 net:net4290 net:net5113 net:net8973 net:net12260 net:net13676 net:net15476 net:net19631 net:net24370 net:clknet_9_192_0_clk
	comment: capacity:15 usage:16 overflow:1
	bbox = (339.0000, 711.0000) - (342.0000, 714.0000) on Layer -
violation type: Horizontal congestion
	srcs: net:u_impl/load_black_flat[1262] net:u_impl/load_black_flat[1311] net:u_impl/load_red_flat[2277] net:u_impl/load_red_flat[2283] net:u_impl/n1110 net:u_impl/n3635 net:net7945 net:net9039 net:net9303 net:net11198 net:net14901 net:net15515 net:net18440 net:net18713 net:net19736 net:net20150
	comment: capacity:15 usage:16 overflow:1
	bbox = (399.0000, 525.0000) - (402.0000, 528.0000) on Layer -
violation type: Horizontal congestion
	srcs: net:u_impl/load_black_flat[1264] net:u_impl/load_black_flat[2210] net:u_impl/n1358 net:u_impl/n5156 net:u_impl/n5558 net:u_impl/n5597 net:u_impl/n6113 net:net6551 net:net9394 net:net10731 net:net11899 net:net13884 net:net14012 net:net15279 net:net15813 net:net20574
	comment: capacity:15 usage:16 overflow:1
	bbox = (414.0000, 570.0000) - (417.0000, 573.0000) on Layer -
violation type: Horizontal congestion
	srcs: net:u_impl/load_black_flat[2233] net:u_impl/load_red_flat[1297] net:u_impl/n1023 net:u_impl/n3724 net:u_impl/n3838 net:u_impl/n3840 net:u_impl/n4822 net:u_impl/n5596 net:net7353 net:net12729 net:net14928 net:net14973 net:net19716 net:net21847
	comment: capacity:13 usage:14 overflow:1
	bbox = (414.0000, 696.0000) - (417.0000, 699.0000) on Layer -
violation type: Horizontal congestion
	srcs: net:u_impl/load_black_flat[1274] net:u_impl/load_red_flat[1951] net:u_impl/load_red_flat[2284] net:u_impl/n4303 net:net5263 net:net11769 net:net14972 net:net15585 net:net16340 net:net18686 net:net19346 net:net19505 net:net20364 net:net20853
	comment: capacity:13 usage:14 overflow:1
	bbox = (417.0000, 516.0000) - (420.0000, 519.0000) on Layer -
violation type: Horizontal congestion
	srcs: net:u_impl/load_black_flat[2236] net:u_impl/load_red_flat[1299] net:u_impl/n14995 net:u_impl/n6269 net:net3086 net:net9735 net:net13352 net:net13681 net:net15307 net:net18256 net:net19236 net:net19433 net:net19605 net:net19658 net:net21074 net:clknet_11_833__leaf_clk
	comment: capacity:15 usage:16 overflow:1
	bbox = (417.0000, 705.0000) - (420.0000, 708.0000) on Layer -
violation type: Horizontal congestion
	srcs: net:u_impl/load_black_flat[2233] net:u_impl/load_red_flat[1297] net:u_impl/n3839 net:u_impl/n4822 net:net4820 net:net7353 net:net7533 net:net9673 net:net12724 net:net12729 net:net14973 net:net19594 net:net19716 net:net21848
	comment: capacity:13 usage:14 overflow:1
	bbox = (420.0000, 696.0000) - (423.0000, 699.0000) on Layer -
violation type: Horizontal congestion
	srcs: net:u_impl/black_valid_q[144] net:u_impl/load_black_flat[2395] net:u_impl/load_red_flat[1296] net:u_impl/load_red_flat[1470] net:net10464 net:net10496 net:net11769 net:net12723 net:net15831 net:net18772 net:net19346 net:net19763 net:net19773 net:net20231 net:net21111 net:net23253
	comment: capacity:15 usage:16 overflow:1
	bbox = (423.0000, 507.0000) - (426.0000, 510.0000) on Layer -
violation type: Horizontal congestion
	srcs: net:u_impl/load_black_flat[1327] net:u_impl/load_black_flat[1983] net:u_impl/n510 net:u_impl/u_core/g_row_14__g_col_2__u_pe/r_red_q[11] net:net1478 net:net4359 net:net12365 net:net12723 net:net13120 net:net13850 net:net14951 net:net16172 net:net16284 net:net18761 net:net20100 net:clknet_11_440__leaf_clk
	comment: capacity:15 usage:16 overflow:1
	bbox = (423.0000, 522.0000) - (426.0000, 525.0000) on Layer -
violation type: Horizontal congestion
	srcs: net:u_impl/load_black_flat[1250] net:u_impl/load_black_flat[1252] net:u_impl/load_black_flat[2286] net:u_impl/load_black_flat[2387] net:u_impl/load_red_flat[2274] net:u_impl/load_red_flat[2398] net:u_impl/n11642 net:net7917 net:net7944 net:net18591 net:net19670 net:net20358 net:net20369
	comment: capacity:12 usage:13 overflow:1
	bbox = (423.0000, 534.0000) - (426.0000, 537.0000) on Layer -
violation type: Horizontal congestion
	srcs: net:u_impl/load_black_flat[2220] net:u_impl/load_black_flat[2221] net:u_impl/load_black_flat[2276] net:u_impl/n643 net:net4742 net:net11015 net:net11032 net:net11380 net:net12194 net:net12305 net:net13066 net:net17864 net:net18675 net:net20089 net:net20116 net:net22365
	comment: capacity:15 usage:16 overflow:1
	bbox = (423.0000, 552.0000) - (426.0000, 555.0000) on Layer -
violation type: Horizontal congestion
	srcs: net:u_impl/load_red_flat[1164] net:u_impl/load_red_flat[2824] net:u_impl/n4150 net:u_impl/n5234 net:net6599 net:net6737 net:net11252 net:net11258 net:net11493 net:net11744 net:net11882 net:net19746 net:net23199
	comment: capacity:12 usage:13 overflow:1
	bbox = (423.0000, 654.0000) - (426.0000, 657.0000) on Layer -
violation type: Horizontal congestion
	srcs: net:u_impl/load_black_flat[1167] net:u_impl/load_red_flat[1346] net:u_impl/n2005 net:u_impl/n2737 net:u_impl/n4629 net:u_impl/n4866 net:net11145 net:net12368 net:net13147 net:net14038 net:net16609 net:net18751 net:net19730
	comment: capacity:12 usage:13 overflow:1
	bbox = (423.0000, 675.0000) - (426.0000, 678.0000) on Layer -
violation type: Horizontal congestion
	srcs: net:u_impl/load_black_flat[2378] net:u_impl/n4843 net:u_impl/n6241 net:net1652 net:net8116 net:net9877 net:net12310 net:net12688 net:net12988 net:net13166 net:net13339 net:net14961 net:net14980 net:net16693 net:net18251 net:net20050
	comment: capacity:15 usage:16 overflow:1
	bbox = (423.0000, 684.0000) - (426.0000, 687.0000) on Layer -
violation type: Horizontal congestion
	srcs: net:u_impl/n1104 net:net10496 net:net13121 net:net13840 net:net15527 net:net18672 net:net19346 net:net19362 net:net19363 net:net19736 net:net20266 net:net21415
	comment: capacity:11 usage:12 overflow:1
	bbox = (426.0000, 501.0000) - (429.0000, 504.0000) on Layer -
violation type: Horizontal congestion
	srcs: net:u_impl/black_valid_q[144] net:u_impl/load_black_flat[2395] net:u_impl/load_red_flat[1296] net:u_impl/load_red_flat[1470] net:net10464 net:net11769 net:net12723 net:net15831 net:net18249 net:net18772 net:net19763 net:net19773 net:net20231 net:net20317 net:net21111 net:net23253
	comment: capacity:15 usage:16 overflow:1
	bbox = (426.0000, 507.0000) - (429.0000, 510.0000) on Layer -
violation type: Horizontal congestion
	srcs: net:u_impl/load_black_flat[1264] net:u_impl/load_black_flat[2214] net:u_impl/n1180 net:u_impl/n300 net:u_impl/n5558 net:net8755 net:net12814 net:net13831 net:net14947 net:net15803 net:net18250 net:net19747 net:net23197 net:net23947
	comment: capacity:13 usage:14 overflow:1
	bbox = (426.0000, 576.0000) - (429.0000, 579.0000) on Layer -
violation type: Horizontal congestion
	srcs: net:u_impl/load_black_flat[2239] net:u_impl/n4899 net:u_impl/n6772 net:net7533 net:net7913 net:net11066 net:net13341 net:net13445 net:net16576 net:net17884 net:net23071 net:net23199 net:clknet_11_833__leaf_clk
	comment: capacity:12 usage:13 overflow:1
	bbox = (426.0000, 702.0000) - (429.0000, 705.0000) on Layer -
violation type: Horizontal congestion
	srcs: net:u_impl/load_black_flat[1256] net:u_impl/load_black_flat[2285] net:u_impl/n2260 net:u_impl/n4100 net:net5134 net:net8733 net:net9026 net:net10371 net:net11015 net:net11482 net:net13444 net:net13865 net:net15843 net:net18641 net:net20363 net:net21155
	comment: capacity:15 usage:16 overflow:1
	bbox = (429.0000, 543.0000) - (432.0000, 546.0000) on Layer -
violation type: Horizontal congestion
	srcs: net:u_impl/load_black_flat[2209] net:u_impl/load_black_flat[2361] net:u_impl/n3803 net:net6698 net:net8931 net:net11810 net:net12181 net:net12880 net:net13302 net:net13434 net:net13895 net:net15155 net:net15854 net:net19134 net:net19270 net:net23048
	comment: capacity:15 usage:16 overflow:1
	bbox = (429.0000, 567.0000) - (432.0000, 570.0000) on Layer -
violation type: Horizontal congestion
	srcs: net:u_impl/load_black_flat[1464] net:u_impl/n2713 net:u_impl/n3228 net:u_impl/n4366 net:u_impl/n4367 net:u_impl/n6253 net:net6529 net:net6799 net:net12846 net:net13123 net:net13915 net:net15820 net:net18685 net:net20062 net:net20272 net:net20425
	comment: capacity:15 usage:16 overflow:1
	bbox = (429.0000, 591.0000) - (432.0000, 594.0000) on Layer -
violation type: Horizontal congestion
	srcs: net:u_impl/load_black_flat[1177] net:u_impl/load_red_flat[1165] net:u_impl/load_red_flat[2357] net:u_impl/n941 net:net8941 net:net12252 net:net13264 net:net13864 net:net14980 net:net15781 net:net16609 net:net18595 net:net18751 net:net19274 net:net19730 net:net21873
	comment: capacity:15 usage:16 overflow:1
	bbox = (429.0000, 678.0000) - (432.0000, 681.0000) on Layer -
violation type: Horizontal congestion
	srcs: net:u_impl/load_black_flat[2378] net:u_impl/n1760 net:u_impl/n4865 net:u_impl/n5838 net:u_impl/n6092 net:u_impl/n942 net:net7383 net:net7931 net:net11358 net:net12988 net:net13165 net:net14946 net:net15784 net:net19761 net:net20589 net:net23272
	comment: capacity:15 usage:16 overflow:1
	bbox = (429.0000, 687.0000) - (432.0000, 690.0000) on Layer -
violation type: Horizontal congestion
	srcs: net:u_impl/load_black_flat[1447] net:u_impl/load_red_flat[1262] net:u_impl/load_red_flat[2274] net:u_impl/u_core/g_row_14__g_col_2__u_pe/r_red_q[2] net:u_impl/u_core/g_row_14__g_col_2__u_pe/r_red_q[3] net:net8901 net:net13356 net:net15127 net:net16340 net:net20092 net:net20358 net:net23264 net:net23940 net:net23944
	comment: capacity:13 usage:14 overflow:1
	bbox = (432.0000, 513.0000) - (435.0000, 516.0000) on Layer -
violation type: Horizontal congestion
	srcs: net:u_impl/load_black_flat[1274] net:u_impl/n4303 net:u_impl/u_core/g_row_14__g_col_2__u_pe/r_red_q[12] net:net5263 net:net5653 net:net12928 net:net14972 net:net15585 net:net18686 net:net19351 net:net19657 net:net19670 net:net20853 net:clknet_1_0_0_clk
	comment: capacity:13 usage:14 overflow:1
	bbox = (432.0000, 516.0000) - (435.0000, 519.0000) on Layer -
violation type: Horizontal congestion
	srcs: net:u_impl/load_black_flat[2280] net:u_impl/load_black_flat[2424] net:u_impl/load_black_flat[2567] net:u_impl/load_red_flat[2214] net:u_impl/n4901 net:u_impl/n6120 net:u_impl/u_core/g_row_14__g_col_2__u_pe/u_r_black/n38 net:net7678 net:net14022 net:net18420 net:net18676 net:net19157 net:net19240 net:net19771 net:net19776 net:net20074
	comment: capacity:15 usage:16 overflow:1
	bbox = (432.0000, 549.0000) - (435.0000, 552.0000) on Layer -
violation type: Horizontal congestion
	srcs: net:u_impl/load_black_flat[1345] net:u_impl/load_black_flat[2211] net:u_impl/n1176 net:u_impl/n5325 net:net8253 net:net8766 net:net8915 net:net11790 net:net12721 net:net12795 net:net13413 net:net13492 net:net13825 net:net15861 net:net18764 net:net20365
	comment: capacity:15 usage:16 overflow:1
	bbox = (432.0000, 561.0000) - (435.0000, 564.0000) on Layer -
violation type: Horizontal congestion
	srcs: net:u_impl/load_black_flat[1459] net:u_impl/load_black_flat[2289] net:u_impl/load_red_flat[1258] net:net6542 net:net6775 net:net7736 net:net11006 net:net11008 net:net11810 net:net14011 net:net14012 net:net15836 net:net15894 net:net19048 net:net20047 net:net20125
	comment: capacity:15 usage:16 overflow:1
	bbox = (432.0000, 564.0000) - (435.0000, 567.0000) on Layer -
violation type: Horizontal congestion
	srcs: net:u_impl/load_black_flat[2209] net:u_impl/load_black_flat[2361] net:u_impl/n3803 net:u_impl/n5261 net:net6698 net:net8931 net:net12181 net:net12880 net:net13302 net:net13434 net:net15155 net:net15865 net:net19134 net:net19135 net:net19270 net:net23048
	comment: capacity:15 usage:16 overflow:1
	bbox = (432.0000, 567.0000) - (435.0000, 570.0000) on Layer -
violation type: Horizontal congestion
	srcs: net:u_impl/load_black_flat[1464] net:u_impl/load_black_flat[2216] net:u_impl/load_black_flat[2355] net:u_impl/load_red_flat[2430] net:u_impl/n2763 net:u_impl/n3331 net:net6815 net:net10404 net:net13396 net:net14030 net:net14952 net:net16653 net:net20126
	comment: capacity:12 usage:13 overflow:1
	bbox = (432.0000, 594.0000) - (435.0000, 597.0000) on Layer -
violation type: Horizontal congestion
	srcs: net:u_impl/load_black_flat[2180] net:u_impl/load_black_flat[2185] net:u_impl/load_red_flat[2235] net:u_impl/load_red_flat[2296] net:u_impl/n4804 net:u_impl/n4830 net:u_impl/n7271 net:net7482 net:net7982 net:net8569 net:net13754 net:net15787 net:net18678 net:net18765
	comment: capacity:13 usage:14 overflow:1
	bbox = (432.0000, 618.0000) - (435.0000, 621.0000) on Layer -
violation type: Horizontal congestion
	srcs: net:u_impl/load_black_flat[1167] net:u_impl/load_red_flat[1355] net:u_impl/n2005 net:net7804 net:net9745 net:net10890 net:net11145 net:net13147 net:net14038 net:net16375 net:net18251 net:net19091 net:net19569
	comment: capacity:12 usage:13 overflow:1
	bbox = (432.0000, 675.0000) - (435.0000, 678.0000) on Layer -
violation type: Horizontal congestion
	srcs: net:u_impl/load_black_flat[1155] net:u_impl/load_black_flat[2481] net:u_impl/n6772 net:net4820 net:net8116 net:net8158 net:net9877 net:net11477 net:net12310 net:net12688 net:net13104 net:net13166 net:net13339 net:net14961 net:net17847 net:net18234
	comment: capacity:15 usage:16 overflow:1
	bbox = (432.0000, 684.0000) - (435.0000, 687.0000) on Layer -
violation type: Horizontal congestion
	srcs: net:u_impl/load_black_flat[1256] net:u_impl/load_red_flat[1445] net:u_impl/n2260 net:u_impl/n4100 net:net5133 net:net8733 net:net10371 net:net11482 net:net13444 net:net13865 net:net15843 net:net19480 net:net20058 net:net20359 net:net21155 net:clknet_11_441__leaf_clk
	comment: capacity:15 usage:16 overflow:1
	bbox = (435.0000, 543.0000) - (438.0000, 546.0000) on Layer -
violation type: Horizontal congestion
	srcs: net:u_impl/load_black_flat[2209] net:u_impl/load_black_flat[2361] net:u_impl/n5261 net:u_impl/n5597 net:net6698 net:net8931 net:net11380 net:net12181 net:net12305 net:net12880 net:net13302 net:net15155 net:net15865 net:net19134 net:net19135 net:net21218
	comment: capacity:15 usage:16 overflow:1
	bbox = (435.0000, 567.0000) - (438.0000, 570.0000) on Layer -
violation type: Horizontal congestion
	srcs: net:u_impl/load_black_flat[1279] net:u_impl/load_black_flat[2191] net:u_impl/load_red_flat[2220] net:u_impl/load_red_flat[2362] net:u_impl/n1029 net:u_impl/n4730 net:net6674 net:net12759 net:net14971 net:net15779 net:net16702 net:net18082 net:net19554 net:net20042 net:net20141 net:net21404
	comment: capacity:15 usage:16 overflow:1
	bbox = (435.0000, 588.0000) - (438.0000, 591.0000) on Layer -
violation type: Horizontal congestion
	srcs: net:u_impl/load_black_flat[1272] net:u_impl/n2713 net:u_impl/n3228 net:u_impl/n4378 net:u_impl/n4384 net:u_impl/n4385 net:net6529 net:net6799 net:net10326 net:net11916 net:net12846 net:net13123 net:net13434 net:net14952 net:net20062 net:net20425
	comment: capacity:15 usage:16 overflow:1
	bbox = (435.0000, 591.0000) - (438.0000, 594.0000) on Layer -
violation type: Horizontal congestion
	srcs: net:u_impl/load_black_flat[1320] net:u_impl/load_black_flat[1464] net:u_impl/load_black_flat[2216] net:u_impl/load_black_flat[2355] net:u_impl/load_red_flat[2430] net:u_impl/n2763 net:u_impl/n3331 net:u_impl/n614 net:net6654 net:net6815 net:net13396 net:net15129 net:net20126
	comment: capacity:12 usage:13 overflow:1
	bbox = (435.0000, 594.0000) - (438.0000, 597.0000) on Layer -
violation type: Horizontal congestion
	srcs: net:u_impl/load_black_flat[2297] net:u_impl/n2841 net:u_impl/n2887 net:u_impl/n2895 net:u_impl/n4809 net:net5811 net:net6093 net:net7101 net:net14043 net:net14953 net:net15813 net:net16745 net:net16763 net:net17876 net:net19738 net:net20066
	comment: capacity:15 usage:16 overflow:1
	bbox = (435.0000, 603.0000) - (438.0000, 606.0000) on Layer -
violation type: Horizontal congestion
	srcs: net:u_impl/load_black_flat[1318] net:u_impl/load_black_flat[2180] net:u_impl/load_black_flat[2185] net:u_impl/load_red_flat[2235] net:u_impl/load_red_flat[2296] net:u_impl/n4830 net:u_impl/n7271 net:net5808 net:net7482 net:net7982 net:net8569 net:net13754 net:net16743 net:net18765
	comment: capacity:13 usage:14 overflow:1
	bbox = (435.0000, 618.0000) - (438.0000, 621.0000) on Layer -
violation type: Horizontal congestion
	srcs: net:u_impl/load_black_flat[1267] net:u_impl/n4309 net:net5786 net:net6607 net:net6656 net:net7566 net:net8014 net:net8070 net:net9652 net:net15334 net:net18726 net:net21201
	comment: capacity:11 usage:12 overflow:1
	bbox = (435.0000, 621.0000) - (438.0000, 624.0000) on Layer -
violation type: Horizontal congestion
	srcs: net:u_impl/load_black_flat[1273] net:u_impl/load_red_flat[1316] net:u_impl/n810 net:net8826 net:net9781 net:net10893 net:net11444 net:net11510 net:net12325 net:net12396 net:net12839 net:net13002 net:net13204 net:net16469 net:net18739 net:net23198
	comment: capacity:15 usage:16 overflow:1
	bbox = (435.0000, 645.0000) - (438.0000, 648.0000) on Layer -
violation type: Horizontal congestion
	srcs: net:u_impl/load_red_flat[1193] net:u_impl/load_red_flat[1275] net:u_impl/n2083 net:net5831 net:net6745 net:net10971 net:net13138 net:net13936 net:net14911 net:net14956 net:net15101 net:net15474 net:net15819 net:net19065 net:net20243 net:net20427
	comment: capacity:15 usage:16 overflow:1
	bbox = (435.0000, 648.0000) - (438.0000, 651.0000) on Layer -
violation type: Horizontal congestion
	srcs: net:u_impl/load_black_flat[1353] net:u_impl/load_black_flat[2224] net:u_impl/load_red_flat[2295] net:u_impl/load_red_flat[2824] net:u_impl/n3088 net:u_impl/n4030 net:u_impl/n5934 net:u_impl/n767 net:net6591 net:net12973 net:net13175 net:net15824 net:net16754 net:net18372 net:net18687 net:net19712
	comment: capacity:15 usage:16 overflow:1
	bbox = (435.0000, 657.0000) - (438.0000, 660.0000) on Layer -
violation type: Horizontal congestion
	srcs: net:u_impl/load_black_flat[1262] net:u_impl/load_black_flat[2536] net:u_impl/load_red_flat[2277] net:u_impl/n510 net:u_impl/u_core/g_row_14__g_col_2__u_pe/r_red_q[15] net:net5132 net:net9038 net:net9289 net:net11197 net:net13109 net:net14901 net:net18591 net:net18713 net:net20147 net:net20241 net:net20282
	comment: capacity:15 usage:16 overflow:1
	bbox = (438.0000, 525.0000) - (441.0000, 528.0000) on Layer -
violation type: Horizontal congestion
	srcs: net:u_impl/load_black_flat[1160] net:u_impl/load_black_flat[2387] net:u_impl/load_red_flat[1255] net:u_impl/load_red_flat[1463] net:u_impl/load_red_flat[1970] net:u_impl/u_core/g_row_14__g_col_2__u_pe/calc_bits[2] net:u_impl/u_core/g_row_14__g_col_2__u_pe/n26 net:u_impl/u_core/g_row_14__g_col_2__u_pe/n28 net:net3064 net:net17236 net:net18730 net:net18750 net:net19665 net:net20248 net:net20925 net:net22969
	comment: capacity:15 usage:16 overflow:1
	bbox = (438.0000, 528.0000) - (441.0000, 531.0000) on Layer -
violation type: Horizontal congestion
	srcs: net:u_impl/load_black_flat[1253] net:u_impl/load_black_flat[1270] net:u_impl/load_black_flat[2424] net:u_impl/n619 net:u_impl/u_core/g_row_14__g_col_2__u_pe/black_compute net:u_impl/u_core/g_row_14__g_col_2__u_pe/calc_bits[0] net:u_impl/u_core/g_row_14__g_col_2__u_pe/calc_bits[1] net:u_impl/u_core/g_row_14__g_col_2__u_pe/r_black_q[12] net:u_impl/u_core/g_row_14__g_col_2__u_pe/r_black_q[15] net:u_impl/u_core/g_row_14__g_col_2__u_pe/r_black_q[4] net:u_impl/u_core/g_row_14__g_col_2__u_pe/u_r_black/n8 net:net3703 net:net15619 net:net19559 net:net19744 net:net21623
	comment: capacity:15 usage:16 overflow:1
	bbox = (438.0000, 531.0000) - (441.0000, 534.0000) on Layer -
violation type: Horizontal congestion
	srcs: net:u_impl/load_black_flat[1336] net:u_impl/load_red_flat[1306] net:u_impl/n6255 net:u_impl/n6766 net:net4650 net:net7916 net:net11453 net:net12017 net:net12660 net:net12721 net:net12740 net:net13822 net:net20352
	comment: capacity:12 usage:13 overflow:1
	bbox = (438.0000, 555.0000) - (441.0000, 558.0000) on Layer -
violation type: Horizontal congestion
	srcs: net:u_impl/load_black_flat[1459] net:u_impl/load_black_flat[2289] net:u_impl/load_red_flat[2299] net:u_impl/load_red_flat[2360] net:u_impl/n6113 net:net6542 net:net7736 net:net11810 net:net13492 net:net14012 net:net16485 net:net19048 net:net19134 net:net20125 net:net20343 net:clknet_11_442__leaf_clk
	comment: capacity:15 usage:16 overflow:1
	bbox = (438.0000, 564.0000) - (441.0000, 567.0000) on Layer -
violation type: Horizontal congestion
	srcs: net:u_impl/load_black_flat[1267] net:u_impl/load_black_flat[1358] net:u_impl/load_black_flat[2303] net:u_impl/load_red_flat[2184] net:net5381 net:net5705 net:net6571 net:net9652 net:net10325 net:net12769 net:net12819 net:net13680 net:net14036 net:net14399 net:net18728 net:net21201
	comment: capacity:15 usage:16 overflow:1
	bbox = (438.0000, 624.0000) - (441.0000, 627.0000) on Layer -
violation type: Horizontal congestion
	srcs: net:u_impl/load_black_flat[2295] net:u_impl/n1946 net:u_impl/n2011 net:u_impl/n3550 net:u_impl/n471 net:net5256 net:net6745 net:net6758 net:net8070 net:net8704 net:net11104 net:net14025 net:net14346 net:net18736 net:net19502 net:net19589
	comment: capacity:15 usage:16 overflow:1
	bbox = (438.0000, 630.0000) - (441.0000, 633.0000) on Layer -
violation type: Horizontal congestion
	srcs: net:u_impl/load_black_flat[1273] net:u_impl/load_black_flat[2367] net:u_impl/load_red_flat[1275] net:u_impl/n2083 net:u_impl/n5063 net:net5831 net:net10971 net:net13138 net:net13936 net:net14911 net:net14956 net:net15101 net:net15474 net:net15819 net:net20243 net:net20427
	comment: capacity:15 usage:16 overflow:1
	bbox = (438.0000, 648.0000) - (441.0000, 651.0000) on Layer -
violation type: Horizontal congestion
	srcs: net:u_impl/load_black_flat[1265] net:u_impl/load_red_flat[1346] net:u_impl/n1098 net:u_impl/n3141 net:u_impl/n3394 net:u_impl/n5066 net:net6644 net:net7630 net:net7804 net:net13076 net:net13848 net:net18234 net:net18700 net:net19047 net:net19128 net:net19683
	comment: capacity:15 usage:16 overflow:1
	bbox = (438.0000, 672.0000) - (441.0000, 675.0000) on Layer -
violation type: Horizontal congestion
	srcs: net:u_impl/load_black_flat[1257] net:u_impl/load_black_flat[1447] net:u_impl/load_black_flat[2395] net:u_impl/load_red_flat[1263] net:u_impl/u_core/g_row_14__g_col_2__u_pe/n12 net:u_impl/u_core/g_row_14__g_col_2__u_pe/n34 net:net10443 net:net14954 net:net16608 net:net19088 net:net20104 net:net20247 net:net20364 net:net20483 net:net20574 net:clknet_1_0_0_clk
	comment: capacity:15 usage:16 overflow:1
	bbox = (441.0000, 504.0000) - (444.0000, 507.0000) on Layer -
violation type: Horizontal congestion
	srcs: net:u_impl/load_black_flat[1327] net:u_impl/load_red_flat[1325] net:u_impl/load_red_flat[2223] net:u_impl/n3202 net:u_impl/u_core/g_row_14__g_col_2__u_pe/n46 net:u_impl/u_core/g_row_14__g_col_2__u_pe/red_compute net:u_impl/u_core/g_row_14__g_col_2__u_pe/u_r_black/n6 net:net5654 net:net7479 net:net8996 net:net11024 net:net16172 net:net16284 net:net18591 net:net19559 net:net20150
	comment: capacity:15 usage:16 overflow:1
	bbox = (441.0000, 522.0000) - (444.0000, 525.0000) on Layer -
violation type: Horizontal congestion
	srcs: net:u_impl/load_black_flat[1262] net:u_impl/load_black_flat[1311] net:u_impl/load_black_flat[2536] net:u_impl/n510 net:u_impl/u_core/g_row_14__g_col_2__u_pe/r_black_q[12] net:u_impl/u_core/g_row_14__g_col_2__u_pe/r_black_q[8] net:net5132 net:net9038 net:net9289 net:net11197 net:net13109 net:net14901 net:net18713 net:net20147 net:net20241 net:net20282
	comment: capacity:15 usage:16 overflow:1
	bbox = (441.0000, 525.0000) - (444.0000, 528.0000) on Layer -
violation type: Horizontal congestion
	srcs: net:u_impl/load_red_flat[2279] net:u_impl/n4438 net:u_impl/n7268 net:u_impl/u_core/g_row_14__g_col_2__u_pe/r_black_q[11] net:u_impl/u_core/g_row_14__g_col_2__u_pe/r_black_q[1] net:u_impl/u_core/g_row_14__g_col_2__u_pe/u_r_black/n8 net:net4368 net:net5523 net:net9283 net:net11604 net:net13852 net:net17887 net:net18752 net:net20117 net:net20363 net:net23281
	comment: capacity:15 usage:16 overflow:1
	bbox = (441.0000, 537.0000) - (444.0000, 540.0000) on Layer -
violation type: Horizontal congestion
	srcs: net:u_impl/load_red_flat[2267] net:u_impl/n4100 net:u_impl/n5297 net:net5134 net:net6736 net:net13066 net:net19756 net:net20058 net:net20359 net:net23949
	comment: capacity:9 usage:10 overflow:1
	bbox = (441.0000, 540.0000) - (444.0000, 543.0000) on Layer -
violation type: Horizontal congestion
	srcs: net:u_impl/load_black_flat[1323] net:u_impl/load_black_flat[2220] net:u_impl/load_black_flat[2221] net:u_impl/n6113 net:u_impl/u_core/g_row_14__g_col_2__u_pe/u_r_black/n30 net:u_impl/u_core/g_row_14__g_col_2__u_pe/u_r_black/n7 net:net11032 net:net13266 net:net15128 net:net16379 net:net18675 net:net19356 net:net20089 net:net20116 net:net22367 net:clknet_9_110_0_clk
	comment: capacity:15 usage:16 overflow:1
	bbox = (441.0000, 552.0000) - (444.0000, 555.0000) on Layer -
violation type: Horizontal congestion
	srcs: net:u_impl/load_red_flat[1306] net:u_impl/n6255 net:u_impl/n7260 net:u_impl/u_core/g_row_14__g_col_2__u_pe/r_black_q[5] net:net7916 net:net11343 net:net11453 net:net12017 net:net12660 net:net12740 net:net13822 net:net20352 net:net20365
	comment: capacity:12 usage:13 overflow:1
	bbox = (441.0000, 555.0000) - (444.0000, 558.0000) on Layer -
violation type: Horizontal congestion
	srcs: net:u_impl/load_black_flat[1459] net:u_impl/load_black_flat[2272] net:u_impl/load_black_flat[2289] net:u_impl/load_red_flat[2299] net:u_impl/load_red_flat[2360] net:u_impl/load_red_flat[2429] net:u_impl/n15055 net:u_impl/n6765 net:net6542 net:net11810 net:net13492 net:net16485 net:net19134 net:net19234 net:net19357 net:clknet_11_442__leaf_clk
	comment: capacity:15 usage:16 overflow:1
	bbox = (441.0000, 564.0000) - (444.0000, 567.0000) on Layer -
violation type: Horizontal congestion
	srcs: net:u_impl/load_black_flat[2209] net:u_impl/load_black_flat[2361] net:u_impl/load_red_flat[2191] net:u_impl/load_red_flat[2430] net:u_impl/n461 net:net6698 net:net8931 net:net9394 net:net11006 net:net12795 net:net12880 net:net13302 net:net15155 net:net15865 net:net16595 net:net19048
	comment: capacity:15 usage:16 overflow:1
	bbox = (441.0000, 567.0000) - (444.0000, 570.0000) on Layer -
violation type: Horizontal congestion
	srcs: net:u_impl/load_black_flat[2210] net:u_impl/load_red_flat[2183] net:u_impl/load_red_flat[2339] net:u_impl/n2141 net:u_impl/n300 net:u_impl/n4835 net:u_impl/n5156 net:u_impl/n5597 net:net6551 net:net7543 net:net10732 net:net15797 net:net15894 net:net16536 net:net19135 net:net19270
	comment: capacity:15 usage:16 overflow:1
	bbox = (441.0000, 570.0000) - (444.0000, 573.0000) on Layer -
violation type: Horizontal congestion
	srcs: net:u_impl/load_black_flat[1279] net:u_impl/load_black_flat[2191] net:u_impl/load_black_flat[2360] net:u_impl/load_red_flat[2220] net:u_impl/load_red_flat[2362] net:u_impl/n1029 net:net6674 net:net10159 net:net11899 net:net12759 net:net15803 net:net16702 net:net18082 net:net19554 net:net20042 net:net21404
	comment: capacity:15 usage:16 overflow:1
	bbox = (441.0000, 588.0000) - (444.0000, 591.0000) on Layer -
violation type: Horizontal congestion
	srcs: net:u_impl/load_black_flat[2216] net:u_impl/load_black_flat[2355] net:u_impl/n614 net:net5698 net:net6654 net:net6815 net:net7691 net:net7815 net:net13396 net:net14971 net:net15129 net:net15771 net:net16745
	comment: capacity:12 usage:13 overflow:1
	bbox = (441.0000, 594.0000) - (444.0000, 597.0000) on Layer -
violation type: Horizontal congestion
	srcs: net:u_impl/load_black_flat[1320] net:u_impl/load_black_flat[2296] net:u_impl/load_black_flat[2841] net:u_impl/load_red_flat[1260] net:u_impl/load_red_flat[2176] net:u_impl/load_red_flat[2178] net:u_impl/n3228 net:net3114 net:net6007 net:net9715 net:net11017 net:net17854 net:net18674 net:net18726 net:net18771 net:net19724
	comment: capacity:15 usage:16 overflow:1
	bbox = (441.0000, 597.0000) - (444.0000, 600.0000) on Layer -
violation type: Horizontal congestion
	srcs: net:u_impl/load_black_flat[2182] net:u_impl/load_black_flat[2299] net:u_impl/load_red_flat[2303] net:u_impl/n2121 net:u_impl/n3092 net:u_impl/n3095 net:u_impl/n3850 net:u_impl/n3862 net:net6058 net:net6744 net:net7871 net:net9683 net:net9776 net:net10481 net:net14953 net:net19731
	comment: capacity:15 usage:16 overflow:1
	bbox = (441.0000, 609.0000) - (444.0000, 612.0000) on Layer -
violation type: Horizontal congestion
	srcs: net:u_impl/load_black_flat[1358] net:u_impl/load_black_flat[2185] net:u_impl/load_red_flat[2291] net:u_impl/n3499 net:u_impl/n3501 net:u_impl/n453 net:u_impl/n459 net:u_impl/n828 net:net5801 net:net6794 net:net10210 net:net10330 net:net10405 net:net13228 net:net13381 net:net19502
	comment: capacity:15 usage:16 overflow:1
	bbox = (441.0000, 627.0000) - (444.0000, 630.0000) on Layer -
violation type: Horizontal congestion
	srcs: net:u_impl/load_black_flat[2295] net:u_impl/load_red_flat[1358] net:u_impl/n1946 net:u_impl/n2011 net:u_impl/n3550 net:net5256 net:net6656 net:net6745 net:net6758 net:net8704 net:net11104 net:net14025 net:net14346 net:net15835 net:net18736 net:net19589
	comment: capacity:15 usage:16 overflow:1
	bbox = (441.0000, 630.0000) - (444.0000, 633.0000) on Layer -
violation type: Horizontal congestion
	srcs: net:u_impl/load_black_flat[1347] net:u_impl/load_black_flat[1351] net:u_impl/load_red_flat[2187] net:u_impl/load_red_flat[2444] net:u_impl/n475 net:u_impl/n6251 net:u_impl/n696 net:net6109 net:net6178 net:net6716 net:net8225 net:net9518 net:net9781 net:net11444 net:net15855 net:net20582
	comment: capacity:15 usage:16 overflow:1
	bbox = (441.0000, 639.0000) - (444.0000, 642.0000) on Layer -
violation type: Horizontal congestion
	srcs: net:u_impl/load_red_flat[1164] net:u_impl/n1647 net:u_impl/n3965 net:u_impl/n6114 net:net3092 net:net8069 net:net11258 net:net13141 net:net13828 net:net13920 net:net15657 net:net15821 net:net16375 net:net18251 net:net19053 net:net19739
	comment: capacity:15 usage:16 overflow:1
	bbox = (441.0000, 669.0000) - (444.0000, 672.0000) on Layer -
violation type: Horizontal congestion
	srcs: net:u_impl/load_black_flat[1159] net:u_impl/load_black_flat[1162] net:u_impl/load_black_flat[1164] net:u_impl/n3706 net:u_impl/n4179 net:u_impl/u_core/g_row_13__g_col_9__u_pe/r_black_q[2] net:u_impl/u_core/g_row_13__g_col_9__u_pe/r_black_q[7] net:net7830 net:net8094 net:net12303 net:net13307 net:net20118 net:net22369 net:clknet_6_26_0_clk
	comment: capacity:13 usage:14 overflow:1
	bbox = (441.0000, 693.0000) - (444.0000, 696.0000) on Layer -
violation type: Horizontal congestion
	srcs: net:u_impl/load_black_flat[2180] net:u_impl/load_red_flat[2296] net:u_impl/n7271 net:net5808 net:net6141 net:net7482 net:net7565 net:net8569 net:net12794 net:net13754 net:net15003 net:net18371 net:net18728 net:net18765
	comment: capacity:13 usage:14 overflow:1
	bbox = (444.0000, 618.0000) - (447.0000, 621.0000) on Layer -
violation type: Horizontal congestion
	srcs: net:u_impl/load_red_flat[2187] net:u_impl/load_red_flat[2444] net:u_impl/n2316 net:u_impl/n475 net:u_impl/n696 net:net6178 net:net6716 net:net8070 net:net8225 net:net9518 net:net11444 net:net14031 net:net15855 net:net18739 net:net20582 net:net21991
	comment: capacity:15 usage:16 overflow:1
	bbox = (444.0000, 639.0000) - (447.0000, 642.0000) on Layer -
violation type: Horizontal congestion
	srcs: net:u_impl/load_red_flat[1193] net:u_impl/load_red_flat[2824] net:u_impl/n4132 net:u_impl/n4515 net:net5290 net:net6053 net:net11049 net:net12390 net:net12674 net:net12675 net:net13153 net:net14928 net:net14948 net:net15570 net:net20243 net:net21990
	comment: capacity:15 usage:16 overflow:1
	bbox = (444.0000, 663.0000) - (447.0000, 666.0000) on Layer -
violation type: Horizontal congestion
	srcs: net:u_impl/load_red_flat[2359] net:u_impl/n3511 net:u_impl/n4815 net:net1499 net:net7383 net:net7930 net:net8168 net:net13165 net:net13493 net:net15793 net:net16609 net:net19274 net:net19569 net:net19761 net:net23272 net:clknet_9_209_0_clk
	comment: capacity:15 usage:16 overflow:1
	bbox = (444.0000, 687.0000) - (447.0000, 690.0000) on Layer -
violation type: Horizontal congestion
	srcs: net:u_impl/load_black_flat[2210] net:u_impl/load_red_flat[2183] net:u_impl/load_red_flat[2360] net:u_impl/n5156 net:u_impl/n5597 net:net6551 net:net7543 net:net13822 net:net16536 net:net18643 net:net18678 net:net19135 net:net19174 net:net19270 net:net20425 net:net23048
	comment: capacity:15 usage:16 overflow:1
	bbox = (447.0000, 570.0000) - (450.0000, 573.0000) on Layer -
violation type: Horizontal congestion
	srcs: net:u_impl/load_black_flat[2185] net:u_impl/load_black_flat[2295] net:u_impl/n2012 net:u_impl/n3550 net:u_impl/n459 net:net5256 net:net6746 net:net6758 net:net7841 net:net9652 net:net10405 net:net11104 net:net14025 net:net15835 net:net18736 net:net19502
	comment: capacity:15 usage:16 overflow:1
	bbox = (447.0000, 630.0000) - (450.0000, 633.0000) on Layer -
violation type: Horizontal congestion
	srcs: net:u_impl/load_red_flat[1157] net:u_impl/load_red_flat[2356] net:u_impl/load_red_flat[2363] net:u_impl/n2421 net:u_impl/n256 net:net6729 net:net7340 net:net7629 net:net8031 net:net8278 net:net12789 net:net18251 net:net19289 net:net19655 net:net21874 net:clknet_11_837__leaf_clk
	comment: capacity:15 usage:16 overflow:1
	bbox = (447.0000, 666.0000) - (450.0000, 669.0000) on Layer -
violation type: Horizontal congestion
	srcs: net:u_impl/load_black_flat[1156] net:u_impl/load_red_flat[1162] net:u_impl/load_red_flat[1165] net:u_impl/load_red_flat[1344] net:u_impl/load_red_flat[2353] net:u_impl/n5870 net:u_impl/n966 net:net3030 net:net9919 net:net11100 net:net11358 net:net12252 net:net13658 net:net18751 net:net19683 net:net23134
	comment: capacity:15 usage:16 overflow:1
	bbox = (447.0000, 681.0000) - (450.0000, 684.0000) on Layer -
violation type: Horizontal congestion
	srcs: net:u_impl/load_black_flat[1313] net:u_impl/load_black_flat[2459] net:u_impl/n1166 net:u_impl/n4835 net:net12007 net:net12312 net:net12660 net:net13825 net:net14426 net:net15843 net:net15861 net:net15865 net:net18250 net:net20295 net:net20366 net:net20854
	comment: capacity:15 usage:16 overflow:1
	bbox = (450.0000, 558.0000) - (453.0000, 561.0000) on Layer -
violation type: Horizontal congestion
	srcs: net:u_impl/load_black_flat[1345] net:u_impl/load_black_flat[2211] net:u_impl/load_red_flat[2212] net:u_impl/load_red_flat[2556] net:u_impl/n5325 net:net6775 net:net8766 net:net13413 net:net15779 net:net19270 net:net19738 net:net20047 net:net20125 net:net20343 net:net21657 net:clknet_9_110_0_clk
	comment: capacity:15 usage:16 overflow:1
	bbox = (450.0000, 561.0000) - (453.0000, 564.0000) on Layer -
violation type: Horizontal congestion
	srcs: net:u_impl/load_black_flat[2298] net:u_impl/load_black_flat[2299] net:u_impl/load_black_flat[2822] net:u_impl/load_red_flat[1260] net:u_impl/load_red_flat[2179] net:u_impl/load_red_flat[2219] net:u_impl/load_red_flat[2828] net:u_impl/n4820 net:net6702 net:net7518 net:net12801 net:net16743 net:net17854 net:net19650 net:net19728 net:net23282
	comment: capacity:15 usage:16 overflow:1
	bbox = (450.0000, 600.0000) - (453.0000, 603.0000) on Layer -
violation type: Horizontal congestion
	srcs: net:u_impl/load_black_flat[1273] net:u_impl/load_black_flat[1349] net:u_impl/n2316 net:u_impl/n536 net:u_impl/n6129 net:net6109 net:net9621 net:net10210 net:net10481 net:net11510 net:net13808 net:net13980 net:net14960 net:net19049
	comment: capacity:13 usage:14 overflow:1
	bbox = (450.0000, 636.0000) - (453.0000, 639.0000) on Layer -
violation type: Horizontal congestion
	srcs: net:u_impl/load_black_flat[2223] net:u_impl/load_red_flat[2251] net:u_impl/n1336 net:u_impl/n3969 net:net10235 net:net10893 net:net11815 net:net12776 net:net13002 net:net13309 net:net13936 net:net15006 net:net15836 net:net15855 net:net21826 net:net22355
	comment: capacity:15 usage:16 overflow:1
	bbox = (450.0000, 642.0000) - (453.0000, 645.0000) on Layer -
violation type: Horizontal congestion
	srcs: net:u_impl/load_red_flat[2294] net:u_impl/n4116 net:u_impl/n4441 net:u_impl/n6092 net:net7975 net:net11493 net:net12396 net:net13138 net:net13293 net:net13318 net:net13398 net:net15578 net:net16622 net:net18645 net:net18732 net:net22748
	comment: capacity:15 usage:16 overflow:1
	bbox = (450.0000, 651.0000) - (453.0000, 654.0000) on Layer -
violation type: Horizontal congestion
	srcs: net:u_impl/load_black_flat[1167] net:u_impl/load_red_flat[1164] net:u_impl/n3968 net:net9919 net:net10890 net:net11586 net:net12310 net:net13141 net:net13147 net:net15338 net:net16777 net:net19730 net:net22149
	comment: capacity:12 usage:13 overflow:1
	bbox = (450.0000, 675.0000) - (453.0000, 678.0000) on Layer -
violation type: Horizontal congestion
	srcs: net:u_impl/load_black_flat[2220] net:u_impl/n4835 net:u_impl/n7260 net:net11006 net:net11795 net:net12740 net:net13824 net:net14952 net:net18769 net:net20334 net:net20352 net:net20365 net:net23048
	comment: capacity:12 usage:13 overflow:1
	bbox = (453.0000, 555.0000) - (456.0000, 558.0000) on Layer -
violation type: Horizontal congestion
	srcs: net:u_impl/load_black_flat[1273] net:u_impl/load_black_flat[2295] net:u_impl/n2012 net:u_impl/n2249 net:u_impl/n3550 net:net6746 net:net6758 net:net7841 net:net9518 net:net10405 net:net11104 net:net14025 net:net14398 net:net15835 net:net18723 net:net18736
	comment: capacity:15 usage:16 overflow:1
	bbox = (453.0000, 630.0000) - (456.0000, 633.0000) on Layer -
violation type: Horizontal congestion
	srcs: net:u_impl/load_red_flat[1464] net:u_impl/load_red_flat[2362] net:u_impl/n4132 net:net5290 net:net6053 net:net6636 net:net11049 net:net12674 net:net13176 net:net14037 net:net14928 net:net15819 net:net18114 net:net18251 net:net19063 net:clknet_11_837__leaf_clk
	comment: capacity:15 usage:16 overflow:1
	bbox = (453.0000, 663.0000) - (456.0000, 666.0000) on Layer -
violation type: Horizontal congestion
	srcs: net:u_impl/load_black_flat[1167] net:u_impl/load_red_flat[2354] net:u_impl/load_red_flat[2358] net:net4676 net:net10890 net:net11586 net:net12675 net:net12994 net:net13141 net:net13147 net:net16777 net:net17847 net:net22149
	comment: capacity:12 usage:13 overflow:1
	bbox = (453.0000, 675.0000) - (456.0000, 678.0000) on Layer -
violation type: Horizontal congestion
	srcs: net:u_impl/load_red_flat[1465] net:u_impl/load_red_flat[2324] net:u_impl/n4390 net:u_impl/n4631 net:u_impl/n4919 net:net5785 net:net6563 net:net6600 net:net7565 net:net11444 net:net12819 net:net14451
	comment: capacity:11 usage:12 overflow:1
	bbox = (456.0000, 621.0000) - (459.0000, 624.0000) on Layer -
violation type: Vertical congestion
	srcs: net:u_impl/load_black_flat[1540] net:u_impl/load_black_flat[1928] net:u_impl/load_black_flat[2341] net:u_impl/load_red_flat[1820] net:u_impl/load_red_flat[2515] net:u_impl/n6758 net:net4701 net:net8646 net:net8976 net:net10996 net:net11366 net:net12315 net:net12407 net:net13832 net:net17739 net:net18035 net:net19443 net:net19757 net:net20553 net:net20569 net:net22496 net:clknet_11_253__leaf_clk
	comment: capacity:21 usage:22 overflow:1
	bbox = (324.0000, 510.0000) - (327.0000, 513.0000) on Layer -
violation type: Vertical congestion
	srcs: net:u_impl/load_black_flat[1543] net:u_impl/load_black_flat[1921] net:u_impl/load_black_flat[1957] net:u_impl/load_red_flat[1927] net:u_impl/load_red_flat[1990] net:u_impl/u_core/chain[144] net:u_impl/u_core/g_row_14__g_col_6__u_pe/r_black_q[7] net:u_impl/u_core/g_row_14__g_col_6__u_pe/u_r_black/n36 net:u_impl/u_core/g_row_14__g_col_6__u_pe/u_r_black/n8 net:net3065 net:net9616 net:net10218 net:net11183 net:net11626 net:net11732 net:net13436 net:net14009 net:net19477 net:net19624 net:net19625 net:net19628 net:net20572
	comment: capacity:21 usage:22 overflow:1
	bbox = (327.0000, 495.0000) - (330.0000, 498.0000) on Layer -
violation type: Vertical congestion
	srcs: net:u_impl/load_black_flat[1543] net:u_impl/load_black_flat[1921] net:u_impl/load_black_flat[1957] net:u_impl/load_red_flat[1927] net:u_impl/load_red_flat[1990] net:u_impl/u_core/chain[144] net:u_impl/u_core/g_row_14__g_col_6__u_pe/r_black_q[11] net:u_impl/u_core/g_row_14__g_col_6__u_pe/u_r_black/n8 net:net3065 net:net9616 net:net10218 net:net10994 net:net11183 net:net11626 net:net11732 net:net13436 net:net14009 net:net19477 net:net19624 net:net19625 net:net19628 net:net20572
	comment: capacity:21 usage:22 overflow:1
	bbox = (327.0000, 498.0000) - (330.0000, 501.0000) on Layer -
violation type: Vertical congestion
	srcs: net:u_impl/load_black_flat[1346] net:u_impl/load_black_flat[2188] net:u_impl/load_black_flat[2545] net:u_impl/load_black_flat[2750] net:u_impl/load_red_flat[1359] net:u_impl/load_red_flat[2358] net:u_impl/n6728 net:u_impl/n6729 net:net11422 net:net11521 net:net12716 net:net13091 net:net15117 net:net15768 net:net17726 net:net17771 net:net17992 net:net19675 net:net20166 net:net20184 net:net20370 net:clknet_11_769__leaf_clk
	comment: capacity:21 usage:22 overflow:1
	bbox = (327.0000, 705.0000) - (330.0000, 708.0000) on Layer -
violation type: Vertical congestion
	srcs: net:u_impl/load_black_flat[1346] net:u_impl/load_black_flat[2188] net:u_impl/load_black_flat[2545] net:u_impl/load_black_flat[2750] net:u_impl/load_red_flat[1359] net:u_impl/load_red_flat[2358] net:u_impl/n15326 net:u_impl/n4786 net:net11315 net:net11422 net:net11521 net:net12716 net:net12773 net:net15768 net:net19620 net:net19675 net:net20166 net:net20184 net:net20370 net:net20684 net:net22078 net:clknet_11_769__leaf_clk
	comment: capacity:21 usage:22 overflow:1
	bbox = (327.0000, 708.0000) - (330.0000, 711.0000) on Layer -
violation type: Vertical congestion
	srcs: net:u_impl/load_black_flat[1453] net:u_impl/load_black_flat[1930] net:u_impl/load_black_flat[1965] net:u_impl/load_red_flat[1276] net:u_impl/n5863 net:u_impl/n5874 net:u_impl/u_core/g_row_14__g_col_6__u_pe/r_black_q[9] net:u_impl/u_core/g_row_14__g_col_6__u_pe/u_r_black/n7 net:net9171 net:net11552 net:net13359 net:net14920 net:net15830 net:net18740 net:net18767 net:net19570 net:net19592 net:net19603 net:net19621 net:net19690 net:net20571 net:net21888
	comment: capacity:21 usage:22 overflow:1
	bbox = (330.0000, 498.0000) - (333.0000, 501.0000) on Layer -
violation type: Vertical congestion
	srcs: net:u_impl/load_black_flat[1965] net:u_impl/n1499 net:u_impl/n5863 net:u_impl/n5872 net:u_impl/n5874 net:u_impl/n5876 net:net9171 net:net11129 net:net11775 net:net12374 net:net14920 net:net15830 net:net18646 net:net18740 net:net19517 net:net19570 net:net19592 net:net19621 net:net19628 net:net20451 net:net20571 net:net21888
	comment: capacity:21 usage:22 overflow:1
	bbox = (330.0000, 516.0000) - (333.0000, 519.0000) on Layer -
violation type: Vertical congestion
	srcs: net:u_impl/load_black_flat[1965] net:u_impl/load_red_flat[2016] net:u_impl/n1499 net:u_impl/n5863 net:u_impl/n5876 net:net9171 net:net10715 net:net11129 net:net12374 net:net15830 net:net18646 net:net18740 net:net19517 net:net19570 net:net19592 net:net19621 net:net19628 net:net19757 net:net20361 net:net20451 net:net20571 net:net21888
	comment: capacity:21 usage:22 overflow:1
	bbox = (330.0000, 519.0000) - (333.0000, 522.0000) on Layer -
violation type: Vertical congestion
	srcs: net:u_impl/load_black_flat[2551] net:u_impl/load_black_flat[2706] net:u_impl/load_black_flat[2910] net:u_impl/load_red_flat[1178] net:u_impl/load_red_flat[1354] net:u_impl/n6729 net:net10269 net:net11094 net:net11802 net:net11833 net:net13075 net:net16413 net:net18479 net:net18659 net:net19205 net:net19242 net:net20188 net:net20207 net:net20588 net:net21847 net:net22517 net:clknet_9_192_0_clk
	comment: capacity:21 usage:22 overflow:1
	bbox = (330.0000, 711.0000) - (333.0000, 714.0000) on Layer -
violation type: Vertical congestion
	srcs: net:u_impl/load_black_flat[1163] net:u_impl/load_black_flat[1348] net:u_impl/load_black_flat[2544] net:u_impl/load_black_flat[2820] net:u_impl/load_red_flat[2248] net:u_impl/load_red_flat[2358] net:u_impl/load_red_flat[2385] net:u_impl/load_red_flat[2415] net:u_impl/load_red_flat[2682] net:u_impl/load_red_flat[2830] net:u_impl/n15327 net:u_impl/n3669 net:u_impl/n5868 net:net11138 net:net12188 net:net15551 net:net18659 net:net18737 net:net20188 net:clknet_11_769__leaf_clk
	comment: capacity:19 usage:20 overflow:1
	bbox = (333.0000, 702.0000) - (336.0000, 705.0000) on Layer -
violation type: Vertical congestion
	srcs: net:u_impl/load_black_flat[1163] net:u_impl/load_black_flat[1348] net:u_impl/load_black_flat[2544] net:u_impl/load_black_flat[2820] net:u_impl/load_red_flat[2248] net:u_impl/load_red_flat[2385] net:u_impl/load_red_flat[2415] net:u_impl/load_red_flat[2682] net:u_impl/load_red_flat[2830] net:u_impl/n3669 net:u_impl/n5868 net:net4588 net:net11138 net:net12188 net:net14016 net:net15551 net:net18659 net:net18737 net:net20188 net:clknet_11_769__leaf_clk
	comment: capacity:19 usage:20 overflow:1
	bbox = (333.0000, 705.0000) - (336.0000, 708.0000) on Layer -
violation type: Vertical congestion
	srcs: net:u_impl/load_black_flat[2401] net:u_impl/load_black_flat[2866] net:u_impl/load_red_flat[1167] net:u_impl/load_red_flat[2643] net:u_impl/load_red_flat[2674] net:u_impl/load_red_flat[2713] net:u_impl/load_red_flat[2716] net:u_impl/n4141 net:net9082 net:net9928 net:net10910 net:net11029 net:net13290 net:net15333 net:net15633 net:net16712 net:net19098 net:net19162 net:net19651 net:net20220 net:clknet_9_192_0_clk net:clknet_11_769__leaf_clk
	comment: capacity:21 usage:22 overflow:1
	bbox = (336.0000, 708.0000) - (339.0000, 711.0000) on Layer -
violation type: Vertical congestion
	srcs: net:u_impl/load_black_flat[2555] net:u_impl/load_black_flat[2830] net:net10694 net:net10930 net:net11222 net:net11223 net:net11872 net:net12327 net:net13290 net:net13887 net:net15390 net:net17568 net:net19124 net:net20207 net:net20236 net:net20237 net:net20588
	comment: capacity:16 usage:17 overflow:1
	bbox = (339.0000, 705.0000) - (342.0000, 708.0000) on Layer -
violation type: Vertical congestion
	srcs: net:u_impl/load_black_flat[2814] net:u_impl/load_red_flat[2372] net:u_impl/load_red_flat[2403] net:u_impl/load_red_flat[2550] net:u_impl/load_red_flat[2613] net:u_impl/load_red_flat[2715] net:u_impl/load_red_flat[2722] net:u_impl/load_red_flat[2834] net:u_impl/n4850 net:net4588 net:net8700 net:net10963 net:net11350 net:net13022 net:net13178 net:net16794 net:net19168 net:net19228 net:net19428 net:net19549 net:net19774 net:net21589
	comment: capacity:21 usage:22 overflow:1
	bbox = (342.0000, 708.0000) - (345.0000, 711.0000) on Layer -
violation type: Vertical congestion
	srcs: net:u_impl/load_black_flat[1443] net:u_impl/load_black_flat[2019] net:u_impl/load_red_flat[1967] net:u_impl/n3048 net:u_impl/n529 net:net9790 net:net11001 net:net11347 net:net11392 net:net11771 net:net11906 net:net13327 net:net13688 net:net13986 net:net15770 net:net15788 net:net18615 net:net18619 net:net18649 net:net19571 net:net22623 net:clknet_1_0_1_clk
	comment: capacity:21 usage:22 overflow:1
	bbox = (351.0000, 510.0000) - (354.0000, 513.0000) on Layer -
violation type: Vertical congestion
	srcs: net:u_impl/load_black_flat[2708] net:u_impl/load_black_flat[2873] net:u_impl/load_red_flat[2224] net:u_impl/load_red_flat[2555] net:u_impl/load_red_flat[2908] net:u_impl/n2285 net:u_impl/n6195 net:net9465 net:net10990 net:net11247 net:net11274 net:net11388 net:net12900 net:net13974 net:net15458 net:net19106 net:net19459 net:net19743 net:net20154 net:net20230 net:net21271 net:net23310
	comment: capacity:21 usage:22 overflow:1
	bbox = (363.0000, 711.0000) - (366.0000, 714.0000) on Layer -
violation type: Vertical congestion
	srcs: net:u_impl/load_black_flat[1645] net:u_impl/load_black_flat[2029] net:u_impl/load_red_flat[2030] net:u_impl/n2483 net:u_impl/n2840 net:u_impl/n5097 net:u_impl/n5885 net:net9086 net:net10146 net:net11378 net:net11763 net:net13384 net:net15154 net:net15389 net:net15482 net:net15783 net:net16796 net:net18597 net:net19245 net:net19586 net:net19659 net:net22968
	comment: capacity:21 usage:22 overflow:1
	bbox = (369.0000, 498.0000) - (372.0000, 501.0000) on Layer -
violation type: Vertical congestion
	srcs: net:u_impl/black_valid_q[146] net:u_impl/load_red_flat[1442] net:u_impl/load_red_flat[2195] net:u_impl/n1617 net:u_impl/n5108 net:net5699 net:net8622 net:net9358 net:net10682 net:net11487 net:net12186 net:net12415 net:net13163 net:net13554 net:net13650 net:net14612 net:net15431 net:net19578 net:net19626 net:net20577 net:net23930
	comment: capacity:20 usage:21 overflow:1
	bbox = (375.0000, 516.0000) - (378.0000, 519.0000) on Layer -
violation type: Vertical congestion
	srcs: net:u_impl/load_black_flat[2198] net:u_impl/n1110 net:u_impl/n1786 net:net6164 net:net9090 net:net9456 net:net10862 net:net13502 net:net13791 net:net13796 net:net14656 net:net14923 net:net14954 net:net15528 net:net15595 net:net15839 net:net18642 net:net19582 net:net19715 net:net19767 net:net20555 net:net22365
	comment: capacity:21 usage:22 overflow:1
	bbox = (387.0000, 516.0000) - (390.0000, 519.0000) on Layer -
violation type: Vertical congestion
	srcs: net:u_impl/load_black_flat[1639] net:u_impl/load_black_flat[1924] net:u_impl/load_red_flat[1634] net:u_impl/n6210 net:u_impl/n7284 net:net12658 net:net12757 net:net13054 net:net13250 net:net13502 net:net13820 net:net15807 net:net17883 net:net18620 net:net19496 net:net19581 net:net19582 net:net19607 net:net19608 net:net19659 net:net20501 net:net20581
	comment: capacity:21 usage:22 overflow:1
	bbox = (390.0000, 489.0000) - (393.0000, 492.0000) on Layer -
violation type: Vertical congestion
	srcs: net:u_impl/load_black_flat[1152] net:u_impl/load_black_flat[2402] net:u_impl/load_black_flat[2704] net:u_impl/load_red_flat[2827] net:u_impl/load_red_flat[2843] net:u_impl/n12617 net:u_impl/n4784 net:u_impl/red_valid_q[150] net:net8732 net:net10074 net:net11155 net:net12699 net:net12956 net:net13088 net:net14073 net:net19198 net:net19225 net:net19263 net:net19267 net:net20206 net:net22704 net:clknet_11_789__leaf_clk
	comment: capacity:21 usage:22 overflow:1
	bbox = (396.0000, 708.0000) - (399.0000, 711.0000) on Layer -
violation type: Vertical congestion
	srcs: net:u_impl/load_black_flat[1426] net:u_impl/load_black_flat[1452] net:u_impl/load_black_flat[1613] net:u_impl/load_red_flat[2202] net:u_impl/load_red_flat[2451] net:u_impl/n2875 net:u_impl/n2878 net:net3088 net:net9559 net:net10162 net:net10810 net:net12183 net:net12797 net:net13435 net:net14914 net:net17874 net:net18692 net:net19478 net:net19615 net:net19715 net:net20508 net:net20579
	comment: capacity:21 usage:22 overflow:1
	bbox = (399.0000, 498.0000) - (402.0000, 501.0000) on Layer -
violation type: Vertical congestion
	srcs: net:u_impl/load_black_flat[2400] net:u_impl/load_black_flat[2413] net:u_impl/load_black_flat[2807] net:u_impl/load_red_flat[2239] net:u_impl/load_red_flat[2499] net:net3086 net:net11854 net:net13102 net:net13766 net:net13877 net:net15489 net:net15887 net:net19067 net:net19113 net:net19206 net:net19235 net:net19454 net:net19648 net:net20113 net:net20142 net:net20290 net:net20529
	comment: capacity:21 usage:22 overflow:1
	bbox = (399.0000, 702.0000) - (402.0000, 705.0000) on Layer -
violation type: Vertical congestion
	srcs: net:u_impl/load_black_flat[2413] net:u_impl/load_black_flat[2807] net:u_impl/load_red_flat[2402] net:u_impl/load_red_flat[2499] net:u_impl/n3087 net:u_impl/n4711 net:net7900 net:net11854 net:net13088 net:net13102 net:net13877 net:net15489 net:net15887 net:net19067 net:net19113 net:net19119 net:net19206 net:net19235 net:net19454 net:net20113 net:net20142 net:net20290
	comment: capacity:21 usage:22 overflow:1
	bbox = (399.0000, 711.0000) - (402.0000, 714.0000) on Layer -
violation type: Vertical congestion
	srcs: net:u_impl/load_black_flat[2408] net:u_impl/load_black_flat[2409] net:u_impl/load_black_flat[2831] net:u_impl/load_red_flat[2225] net:u_impl/load_red_flat[2228] net:u_impl/load_red_flat[2657] net:u_impl/n2482 net:u_impl/n3665 net:u_impl/n5821 net:u_impl/n6115 net:u_impl/n6140 net:net12747 net:net13681 net:net14914 net:net14946 net:net15180 net:net15335 net:net16792 net:net19159 net:net19553 net:net20071 net:net20328
	comment: capacity:21 usage:22 overflow:1
	bbox = (411.0000, 687.0000) - (414.0000, 690.0000) on Layer -
violation type: Vertical congestion
	srcs: net:u_impl/load_black_flat[1448] net:u_impl/load_black_flat[1604] net:u_impl/load_black_flat[2717] net:u_impl/load_red_flat[2198] net:u_impl/n2415 net:net4721 net:net5549 net:net8763 net:net13028 net:net13065 net:net15380 net:net18699 net:net19416 net:net19420 net:net19593 net:net20432 net:net20452 net:net20924 net:net23124 net:clknet_6_13_0_clk
	comment: capacity:19 usage:20 overflow:1
	bbox = (414.0000, 498.0000) - (417.0000, 501.0000) on Layer -
violation type: Vertical congestion
	srcs: net:u_impl/load_black_flat[1448] net:u_impl/load_black_flat[2395] net:u_impl/load_red_flat[1470] net:u_impl/load_red_flat[2196] net:u_impl/n4099 net:net8763 net:net11769 net:net12312 net:net12723 net:net13028 net:net13065 net:net13850 net:net15380 net:net15411 net:net18642 net:net19416 net:net19723 net:net20432 net:net20452 net:net20586
	comment: capacity:19 usage:20 overflow:1
	bbox = (414.0000, 513.0000) - (417.0000, 516.0000) on Layer -
violation type: Vertical congestion
	srcs: net:u_impl/load_black_flat[2236] net:u_impl/load_red_flat[2544] net:u_impl/n6119 net:u_impl/n792 net:net4820 net:net11171 net:net11212 net:net11497 net:net12328 net:net12963 net:net13319 net:net13377 net:net14047 net:net14507 net:net15629 net:net16520 net:net19176 net:net19277 net:net19347 net:net21410
	comment: capacity:19 usage:20 overflow:1
	bbox = (417.0000, 705.0000) - (420.0000, 708.0000) on Layer -
violation type: Vertical congestion
	srcs: net:u_impl/load_red_flat[1951] net:u_impl/load_red_flat[1953] net:u_impl/load_red_flat[1977] net:u_impl/load_red_flat[2344] net:u_impl/n1607 net:u_impl/n4816 net:net12132 net:net12418 net:net12728 net:net13916 net:net17608 net:net18672 net:net19505 net:net19653 net:net20317 net:net20554 net:net22165 net:net23264
	comment: capacity:17 usage:18 overflow:1
	bbox = (420.0000, 513.0000) - (423.0000, 516.0000) on Layer -
violation type: Vertical congestion
	srcs: net:u_impl/load_black_flat[1427] net:u_impl/load_black_flat[1450] net:u_impl/load_black_flat[1612] net:u_impl/load_red_flat[1807] net:u_impl/n951 net:u_impl/n983 net:u_impl/u_core/g_row_14__g_col_2__u_pe/r_red_q[12] net:u_impl/u_core/g_row_14__g_col_2__u_pe/u_r_red/n39 net:u_impl/u_core/g_row_14__g_col_2__u_pe/u_r_red/n8 net:net4358 net:net10084 net:net11194 net:net11243 net:net11381 net:net11533 net:net11540 net:net13156 net:net15864 net:net20211 net:net20576 net:clknet_1_0_0_clk net:clknet_11_440__leaf_clk
	comment: capacity:21 usage:22 overflow:1
	bbox = (423.0000, 519.0000) - (426.0000, 522.0000) on Layer -
violation type: Vertical congestion
	srcs: net:u_impl/load_black_flat[1427] net:u_impl/load_black_flat[1601] net:u_impl/load_red_flat[1807] net:u_impl/load_red_flat[2286] net:u_impl/n983 net:u_impl/u_core/g_row_14__g_col_2__u_pe/u_r_red/n42 net:u_impl/u_core/g_row_14__g_col_2__u_pe/u_r_red/n8 net:net5132 net:net10084 net:net11194 net:net11243 net:net11381 net:net11533 net:net11540 net:net13156 net:net13238 net:net15864 net:net19342 net:net19351 net:net20211 net:net20576 net:clknet_11_440__leaf_clk
	comment: capacity:21 usage:22 overflow:1
	bbox = (423.0000, 528.0000) - (426.0000, 531.0000) on Layer -
violation type: Vertical congestion
	srcs: net:u_impl/n1104 net:u_impl/n3188 net:u_impl/n4301 net:net9233 net:net9833 net:net10496 net:net11194 net:net11508 net:net11614 net:net12380 net:net12986 net:net13036 net:net13121 net:net13364 net:net13840 net:net15527 net:net15853 net:net18644 net:net19346 net:net19492 net:net19672 net:net19736
	comment: capacity:21 usage:22 overflow:1
	bbox = (429.0000, 498.0000) - (432.0000, 501.0000) on Layer -
violation type: Vertical congestion
	srcs: net:u_impl/load_black_flat[1983] net:u_impl/load_red_flat[2274] net:u_impl/n1945 net:u_impl/n3188 net:u_impl/n4129 net:net4358 net:net4359 net:net9232 net:net11507 net:net12986 net:net13035 net:net13364 net:net13840 net:net15853 net:net18644 net:net18761 net:net19328 net:net19492 net:net20100 net:net20358 net:net20483 net:clknet_11_440__leaf_clk
	comment: capacity:21 usage:22 overflow:1
	bbox = (429.0000, 519.0000) - (432.0000, 522.0000) on Layer -
violation type: Vertical congestion
	srcs: net:u_impl/load_black_flat[2558] net:u_impl/load_red_flat[2437] net:u_impl/load_red_flat[2574] net:u_impl/load_red_flat[2672] net:u_impl/n4017 net:u_impl/n4643 net:u_impl/u_core/g_row_13__g_col_9__u_pe/u_r_red/n36 net:net4372 net:net7102 net:net7116 net:net12879 net:net13308 net:net13445 net:net15588 net:net18258 net:net18661 net:net19196 net:net19552 net:net20053 net:net20200 net:net21873
	comment: capacity:20 usage:21 overflow:1
	bbox = (432.0000, 708.0000) - (435.0000, 711.0000) on Layer -
violation type: Vertical congestion
	srcs: net:u_impl/load_red_flat[1448] net:u_impl/load_red_flat[1490] net:u_impl/n3651 net:u_impl/n7268 net:u_impl/u_core/tx[142] net:u_impl/u_core/g_row_14__g_col_2__u_pe/r_black_q[12] net:u_impl/u_core/g_row_14__g_col_2__u_pe/r_black_q[3] net:net8714 net:net11044 net:net11115 net:net12841 net:net12972 net:net13865 net:net14029 net:net14952 net:net18249 net:net19503 net:net20354 net:net20570 net:net23948 net:clknet_9_110_0_clk
	comment: capacity:20 usage:21 overflow:1
	bbox = (435.0000, 534.0000) - (438.0000, 537.0000) on Layer -
