Startpoint: cfg_addr[1] (input port clocked by core_clk)
Endpoint: u_impl/cfg_rdata_reg_6_
          (rising edge-triggered flip-flop clocked by core_clk)
Path Group: core_clk
Path Type: max

Fanout     Cap    Slew   Delay    Time   Description
-----------------------------------------------------------------------------
                          0.00    0.00   clock core_clk (rise edge)
                          0.00    0.00   clock network delay (propagated)
                          1.00    1.00 v input external delay
     4    0.05    0.10    0.00    1.00 v cfg_addr[1] (in)
                                         cfg_addr[1] (net)
                  0.11    0.01    1.01 v u_impl/U768/I (INVD0)
     3    0.01    0.03    0.05    1.06 ^ u_impl/U768/ZN (INVD0)
                                         u_impl/n542 (net)
                  0.03    0.00    1.06 ^ u_impl/U151/A2 (NR2XD0)
     2    0.02    0.03    0.05    1.11 v u_impl/U151/ZN (NR2XD0)
                                         u_impl/n5423 (net)
                  0.03    0.00    1.11 v max_cap18282/I (BUFFD0)
     5    0.02    0.03    0.05    1.16 v max_cap18282/Z (BUFFD0)
                                         net18282 (net)
                  0.03    0.00    1.16 v u_impl/U184/I (INVD0)
     3    0.01    0.03    0.05    1.21 ^ u_impl/U184/ZN (INVD0)
                                         u_impl/n561 (net)
                  0.03    0.00    1.21 ^ wire16568/I (BUFFD0)
     2    0.03    0.03    0.05    1.26 ^ wire16568/Z (BUFFD0)
                                         net16568 (net)
                  0.03    0.00    1.26 ^ wire16567/I (BUFFD0)
     4    0.03    0.03    0.05    1.31 ^ wire16567/Z (BUFFD0)
                                         net16567 (net)
                  0.03    0.00    1.31 ^ u_impl/U182/A1 (OR2D0)
     2    0.02    0.03    0.05    1.36 ^ u_impl/U182/Z (OR2D0)
                                         u_impl/n855 (net)
                  0.03    0.00    1.36 ^ wire15341/I (BUFFD0)
     2    0.03    0.03    0.05    1.41 ^ wire15341/Z (BUFFD0)
                                         net15341 (net)
                  0.03    0.00    1.41 ^ wire15340/I (BUFFD0)
     3    0.03    0.03    0.05    1.46 ^ wire15340/Z (BUFFD0)
                                         net15340 (net)
                  0.03    0.00    1.47 ^ wire15339/I (BUFFD0)
     2    0.03    0.03    0.05    1.52 ^ wire15339/Z (BUFFD0)
                                         net15339 (net)
                  0.03    0.00    1.52 ^ max_cap15338/I (BUFFD0)
     3    0.03    0.03    0.05    1.57 ^ max_cap15338/Z (BUFFD0)
                                         net15338 (net)
                  0.03    0.00    1.57 ^ max_cap15337/I (BUFFD0)
     3    0.03    0.03    0.05    1.62 ^ max_cap15337/Z (BUFFD0)
                                         net15337 (net)
                  0.03    0.00    1.62 ^ u_impl/U1694/A1 (NR2D0)
     2    0.01    0.03    0.05    1.67 ^ u_impl/U1694/ZN (NR2D0)
                                         u_impl/n6105 (net)
                  0.03    0.00    1.67 ^ wire14012/I (BUFFD0)
     3    0.01    0.03    0.05    1.72 ^ wire14012/Z (BUFFD0)
                                         net14012 (net)
                  0.03    0.00    1.72 ^ wire14011/I (BUFFD0)
     3    0.01    0.03    0.05    1.77 ^ wire14011/Z (BUFFD0)
                                         net14011 (net)
                  0.03    0.00    1.77 ^ wire14010/I (BUFFD0)
     2    0.01    0.03    0.05    1.82 ^ wire14010/Z (BUFFD0)
                                         net14010 (net)
                  0.03    0.00    1.83 ^ wire14009/I (BUFFD0)
     2    0.01    0.03    0.05    1.88 ^ wire14009/Z (BUFFD0)
                                         net14009 (net)
                  0.03    0.00    1.88 ^ wire14008/I (BUFFD0)
     2    0.01    0.03    0.05    1.93 ^ wire14008/Z (BUFFD0)
                                         net14008 (net)
                  0.03    0.00    1.93 ^ wire14007/I (BUFFD0)
     3    0.02    0.03    0.05    1.98 ^ wire14007/Z (BUFFD0)
                                         net14007 (net)
                  0.03    0.00    1.98 ^ u_impl/U1695/I (CKBD0)
     1    0.00    0.03    0.05    2.03 ^ u_impl/U1695/Z (CKBD0)
