violation type: Horizontal congestion
	srcs: net:u_impl/load_black_flat[2455] net:u_impl/load_red_flat[1798] net:u_impl/load_red_flat[2220] net:u_impl/load_red_flat[2313] net:u_impl/load_red_flat[2450] net:u_impl/n2256 net:u_impl/n3380 net:u_impl/u_core/g_row_16__g_col_0__u_pe/r_red_q[10] net:net4322 net:net12015 net:net13030 net:net18596 net:net19246 net:net20540 net:net20551 net:net21890
	comment: capacity:15 usage:16 overflow:1
	bbox = (303.0000, 570.0000) - (306.0000, 573.0000) on Layer -
violation type: Horizontal congestion
	srcs: net:u_impl/load_black_flat[2452] net:u_impl/load_black_flat[2489] net:u_impl/load_red_flat[2313] net:u_impl/load_red_flat[2525] net:u_impl/load_red_flat[2570] net:u_impl/load_red_flat[2615] net:net10854 net:net13907 net:net14975 net:net17208 net:net18616 net:net19315 net:net20219 net:net20403
	comment: capacity:13 usage:14 overflow:1
	bbox = (309.0000, 573.0000) - (312.0000, 576.0000) on Layer -
violation type: Horizontal congestion
	srcs: net:u_impl/load_black_flat[1296] net:u_impl/load_black_flat[2256] net:u_impl/load_black_flat[2267] net:u_impl/load_red_flat[2423] net:u_impl/n3674 net:u_impl/n6768 net:net9654 net:net11293 net:net12942 net:net13655 net:net15500 net:net19108 net:net19116 net:net19629 net:net20551 net:net20566
	comment: capacity:15 usage:16 overflow:1
	bbox = (309.0000, 600.0000) - (312.0000, 603.0000) on Layer -
violation type: Horizontal congestion
	srcs: net:u_impl/load_black_flat[1776] net:u_impl/load_black_flat[2179] net:u_impl/load_black_flat[2269] net:u_impl/load_black_flat[2499] net:u_impl/load_red_flat[2269] net:u_impl/n3973 net:net9401 net:net12792 net:net15005 net:net19166 net:net19303 net:net19688 net:net20096 net:net20170
	comment: capacity:13 usage:14 overflow:1
	bbox = (309.0000, 618.0000) - (312.0000, 621.0000) on Layer -
violation type: Horizontal congestion
	srcs: net:u_impl/load_red_flat[1791] net:u_impl/load_red_flat[2259] net:u_impl/load_red_flat[2431] net:u_impl/n4812 net:u_impl/n4905 net:u_impl/n5308 net:net11069 net:net11617 net:net12998 net:net15238 net:net15838 net:net16725 net:net19201 net:net19515 net:net20177 net:net20482
	comment: capacity:15 usage:16 overflow:1
	bbox = (309.0000, 627.0000) - (312.0000, 630.0000) on Layer -
violation type: Horizontal congestion
	srcs: net:u_impl/load_black_flat[2271] net:u_impl/load_red_flat[1947] net:u_impl/load_red_flat[2679] net:u_impl/n4671 net:u_impl/n7222 net:net7525 net:net10865 net:net11127 net:net12847 net:net15375 net:net15846 net:net19430 net:net19769 net:net20593 net:net22893 net:net23299
	comment: capacity:15 usage:16 overflow:1
	bbox = (312.0000, 588.0000) - (315.0000, 591.0000) on Layer -
violation type: Horizontal congestion
	srcs: net:u_impl/load_black_flat[1296] net:u_impl/load_black_flat[2451] net:u_impl/load_black_flat[2573] net:u_impl/load_red_flat[2423] net:u_impl/load_red_flat[2492] net:u_impl/load_red_flat[2598] net:u_impl/n6727 net:net10435 net:net13829 net:net14093 net:net16658 net:net19046 net:net19265 net:net20415 net:net21403 net:net22975
	comment: capacity:15 usage:16 overflow:1
	bbox = (312.0000, 597.0000) - (315.0000, 600.0000) on Layer -
violation type: Horizontal congestion
	srcs: net:u_impl/load_black_flat[2506] net:u_impl/load_black_flat[2898] net:u_impl/load_red_flat[2452] net:u_impl/n6732 net:net10318 net:net11303 net:net11549 net:net11691 net:net12127 net:net12250 net:net15793 net:net19465 net:net19472 net:net19484 net:net19499 net:net23133
	comment: capacity:15 usage:16 overflow:1
	bbox = (312.0000, 681.0000) - (315.0000, 684.0000) on Layer -
violation type: Horizontal congestion
	srcs: net:u_impl/load_black_flat[1922] net:u_impl/load_black_flat[1926] net:u_impl/load_black_flat[1954] net:u_impl/load_black_flat[2498] net:u_impl/load_black_flat[2690] net:u_impl/load_red_flat[2438] net:u_impl/load_red_flat[2500] net:u_impl/load_red_flat[2539] net:u_impl/load_red_flat[2542] net:u_impl/load_red_flat[2737] net:net3075 net:net9878 net:net13902 net:net18607 net:net19609 net:net20269
	comment: capacity:15 usage:16 overflow:1
	bbox = (312.0000, 687.0000) - (315.0000, 690.0000) on Layer -
violation type: Horizontal congestion
	srcs: net:u_impl/load_black_flat[2448] net:u_impl/n3337 net:u_impl/n4436 net:u_impl/u_core/g_row_16__g_col_0__u_pe/r_red_q[8] net:u_impl/u_core/g_row_16__g_col_0__u_pe/r_red_q[9] net:net3154 net:net4283 net:net9532 net:net10987 net:net12341 net:net19273 net:net20041 net:net20194 net:net20219 net:net20457 net:net21156
	comment: capacity:15 usage:16 overflow:1
	bbox = (315.0000, 567.0000) - (318.0000, 570.0000) on Layer -
violation type: Horizontal congestion
	srcs: net:u_impl/load_black_flat[2176] net:u_impl/n4439 net:u_impl/n5130 net:net14975 net:net15547 net:net16703 net:net17208 net:net19243 net:net19334 net:net19464 net:net20234 net:net20349 net:net22417 net:net24024
	comment: capacity:13 usage:14 overflow:1
	bbox = (315.0000, 576.0000) - (318.0000, 579.0000) on Layer -
violation type: Horizontal congestion
	srcs: net:u_impl/load_red_flat[1782] net:u_impl/load_red_flat[1813] net:u_impl/load_red_flat[2518] net:u_impl/load_red_flat[2565] net:u_impl/load_red_flat[2615] net:net10985 net:net12847 net:net19180 net:net19474 net:net19497 net:net19512 net:net23316 net:net23935
	comment: capacity:12 usage:13 overflow:1
	bbox = (315.0000, 582.0000) - (318.0000, 585.0000) on Layer -
violation type: Horizontal congestion
	srcs: net:u_impl/load_black_flat[1296] net:u_impl/load_black_flat[2573] net:u_impl/load_red_flat[2492] net:u_impl/load_red_flat[2598] net:net9622 net:net10435 net:net11106 net:net12249 net:net13829 net:net14093 net:net16658 net:net19046 net:net19116 net:net21403 net:net22975 net:net23049
	comment: capacity:15 usage:16 overflow:1
	bbox = (315.0000, 597.0000) - (318.0000, 600.0000) on Layer -
violation type: Horizontal congestion
	srcs: net:u_impl/load_red_flat[1944] net:u_impl/load_red_flat[2270] net:u_impl/n5230 net:u_impl/n637 net:net8034 net:net11063 net:net11490 net:net12173 net:net12409 net:net12413 net:net14988 net:net15215 net:net19485 net:net20484 net:net20492 net:net22625
	comment: capacity:15 usage:16 overflow:1
	bbox = (315.0000, 666.0000) - (318.0000, 669.0000) on Layer -
violation type: Horizontal congestion
	srcs: net:u_impl/load_black_flat[2429] net:u_impl/load_black_flat[2494] net:u_impl/load_red_flat[2523] net:u_impl/load_red_flat[2539] net:u_impl/n4001 net:net5526 net:net9466 net:net9552 net:net10968 net:net12145 net:net12709 net:net17449 net:net19327 net:net19455 net:net19623 net:clknet_11_607__leaf_clk
	comment: capacity:15 usage:16 overflow:1
	bbox = (315.0000, 684.0000) - (318.0000, 687.0000) on Layer -
violation type: Horizontal congestion
	srcs: net:u_impl/load_black_flat[1789] net:u_impl/load_black_flat[2325] net:u_impl/load_black_flat[2338] net:u_impl/n1299 net:u_impl/u_core/n424 net:net8713 net:net10033 net:net11394 net:net12374 net:net18574 net:net18667 net:net20507 net:net22364 net:net22746
	comment: capacity:13 usage:14 overflow:1
	bbox = (318.0000, 513.0000) - (321.0000, 516.0000) on Layer -
violation type: Horizontal congestion
	srcs: net:u_impl/load_black_flat[1807] net:u_impl/load_red_flat[2416] net:u_impl/load_red_flat[2730] net:u_impl/n1289 net:u_impl/n6122 net:net9931 net:net10036 net:net11693 net:net13758 net:net13907 net:net13985 net:net18618 net:net18628 net:net19275 net:net19280 net:net22009
	comment: capacity:15 usage:16 overflow:1
	bbox = (318.0000, 549.0000) - (321.0000, 552.0000) on Layer -
violation type: Horizontal congestion
	srcs: net:u_impl/load_black_flat[2326] net:u_impl/load_black_flat[2431] net:u_impl/load_red_flat[2457] net:u_impl/n5130 net:u_impl/u_core/g_row_16__g_col_0__u_pe/r_red_q[6] net:u_impl/u_core/g_row_16__g_col_0__u_pe/r_red_q[7] net:net4369 net:net10985 net:net12811 net:net18081 net:net19180 net:net19403 net:net20552
	comment: capacity:12 usage:13 overflow:1
	bbox = (318.0000, 579.0000) - (321.0000, 582.0000) on Layer -
violation type: Horizontal congestion
	srcs: net:u_impl/load_black_flat[2176] net:u_impl/load_red_flat[2220] net:u_impl/load_red_flat[2313] net:u_impl/load_red_flat[2518] net:u_impl/n7222 net:u_impl/n946 net:net4775 net:net8855 net:net10482 net:net11428 net:net11593 net:net12778 net:net12847 net:net13438 net:net15329 net:net16692
	comment: capacity:15 usage:16 overflow:1
	bbox = (318.0000, 585.0000) - (321.0000, 588.0000) on Layer -
violation type: Horizontal congestion
	srcs: net:u_impl/load_black_flat[1832] net:u_impl/load_black_flat[1959] net:u_impl/load_black_flat[2259] net:u_impl/load_black_flat[2270] net:u_impl/load_black_flat[2430] net:u_impl/load_black_flat[2599] net:u_impl/load_black_flat[2602] net:u_impl/load_black_flat[2710] net:u_impl/load_red_flat[2475] net:u_impl/n3822 net:net9462 net:net13794 net:net13984 net:net19217 net:net19489 net:net19522
	comment: capacity:15 usage:16 overflow:1
	bbox = (318.0000, 609.0000) - (321.0000, 612.0000) on Layer -
violation type: Horizontal congestion
	srcs: net:u_impl/load_black_flat[2391] net:u_impl/load_black_flat[2499] net:u_impl/load_black_flat[2713] net:net1697 net:net12249 net:net13426 net:net14058 net:net15024 net:net15238 net:net15403 net:net15530 net:net19303 net:net19348 net:net19421 net:net19456 net:net20414
	comment: capacity:15 usage:16 overflow:1
	bbox = (318.0000, 612.0000) - (321.0000, 615.0000) on Layer -
violation type: Horizontal congestion
	srcs: net:u_impl/load_red_flat[1956] net:u_impl/load_red_flat[2436] net:u_impl/n1117 net:u_impl/n794 net:net7445 net:net7843 net:net9619 net:net11113 net:net11215 net:net11921 net:net13699 net:net14976 net:net15424 net:net20112
	comment: capacity:13 usage:14 overflow:1
	bbox = (318.0000, 636.0000) - (321.0000, 639.0000) on Layer -
violation type: Horizontal congestion
	srcs: net:u_impl/load_black_flat[2437] net:u_impl/load_black_flat[2450] net:u_impl/load_red_flat[2520] net:u_impl/n2265 net:u_impl/n4526 net:u_impl/n650 net:net4584 net:net11077 net:net11260 net:net11496 net:net13437 net:net13805 net:net15293 net:net15602 net:net22625 net:net22939
	comment: capacity:15 usage:16 overflow:1
	bbox = (318.0000, 663.0000) - (321.0000, 666.0000) on Layer -
violation type: Horizontal congestion
	srcs: net:u_impl/load_black_flat[2325] net:u_impl/load_black_flat[2574] net:u_impl/n334 net:net9172 net:net9835 net:net11485 net:net11775 net:net12733 net:net13958 net:net14079 net:net16339 net:net19110 net:net19539 net:net20355
	comment: capacity:13 usage:14 overflow:1
	bbox = (321.0000, 516.0000) - (324.0000, 519.0000) on Layer -
violation type: Horizontal congestion
	srcs: net:u_impl/load_black_flat[2322] net:u_impl/load_red_flat[2323] net:u_impl/n2671 net:net4708 net:net12672 net:net13096 net:net13790 net:net16227 net:net17846 net:net17864 net:net18035 net:net18667 net:net19309 net:net19775 net:net20417 net:clknet_11_253__leaf_clk
	comment: capacity:15 usage:16 overflow:1
	bbox = (321.0000, 519.0000) - (324.0000, 522.0000) on Layer -
violation type: Horizontal congestion
	srcs: net:u_impl/load_black_flat[2461] net:u_impl/load_black_flat[2569] net:u_impl/load_red_flat[1357] net:u_impl/load_red_flat[1777] net:u_impl/load_red_flat[2455] net:u_impl/load_red_flat[2669] net:u_impl/load_red_flat[2710] net:u_impl/u_core/g_row_16__g_col_0__u_pe/r_black_q[5] net:net14402 net:net19417 net:net20362 net:net22658 net:clknet_11_255__leaf_clk
	comment: capacity:12 usage:13 overflow:1
	bbox = (321.0000, 555.0000) - (324.0000, 558.0000) on Layer -
violation type: Horizontal congestion
	srcs: net:u_impl/load_black_flat[1811] net:u_impl/load_black_flat[2455] net:u_impl/load_red_flat[1798] net:u_impl/n2256 net:u_impl/n3380 net:net4322 net:net11040 net:net13030 net:net13985 net:net16692 net:net18596 net:net19246 net:net20162 net:net20540 net:net21890 net:net22417
	comment: capacity:15 usage:16 overflow:1
	bbox = (321.0000, 570.0000) - (324.0000, 573.0000) on Layer -
violation type: Horizontal congestion
	srcs: net:u_impl/load_black_flat[2431] net:u_impl/load_red_flat[2182] net:u_impl/load_red_flat[2220] net:u_impl/load_red_flat[2313] net:u_impl/load_red_flat[2518] net:u_impl/load_red_flat[2566] net:u_impl/n7222 net:u_impl/n946 net:net4775 net:net8855 net:net10482 net:net11428 net:net11593 net:net12778 net:net12847 net:net13438
	comment: capacity:15 usage:16 overflow:1
	bbox = (321.0000, 585.0000) - (324.0000, 588.0000) on Layer -
violation type: Horizontal congestion
	srcs: net:u_impl/load_black_flat[1832] net:u_impl/load_black_flat[1959] net:u_impl/load_black_flat[2256] net:u_impl/load_black_flat[2430] net:u_impl/load_black_flat[2599] net:u_impl/load_black_flat[2602] net:u_impl/load_red_flat[1782] net:u_impl/load_red_flat[2475] net:u_impl/n3822 net:net13615 net:net13794 net:net15024 net:net19217 net:net19489 net:net19522 net:net20551
	comment: capacity:15 usage:16 overflow:1
	bbox = (321.0000, 609.0000) - (324.0000, 612.0000) on Layer -
violation type: Horizontal congestion
	srcs: net:u_impl/load_black_flat[2501] net:u_impl/load_red_flat[2264] net:u_impl/n3663 net:net5555 net:net7843 net:net10278 net:net11377 net:net13079 net:net19368 net:net19674 net:net19691 net:net20198 net:net20415 net:net22347
	comment: capacity:13 usage:14 overflow:1
	bbox = (321.0000, 633.0000) - (324.0000, 636.0000) on Layer -
violation type: Horizontal congestion
	srcs: net:u_impl/load_black_flat[1780] net:u_impl/load_black_flat[2473] net:u_impl/load_black_flat[2532] net:u_impl/n1133 net:u_impl/n6175 net:u_impl/n6744 net:net8175 net:net11259 net:net12358 net:net15234 net:net15480 net:net17692 net:net18708 net:net19370 net:net19467 net:net20437
	comment: capacity:15 usage:16 overflow:1
	bbox = (321.0000, 669.0000) - (324.0000, 672.0000) on Layer -
violation type: Horizontal congestion
	srcs: net:u_impl/load_black_flat[2528] net:u_impl/load_red_flat[2519] net:u_impl/load_red_flat[2602] net:u_impl/n2274 net:u_impl/n6243 net:net9237 net:net11254 net:net13443 net:net14057 net:net14945 net:net15857 net:net19436 net:net20500
	comment: capacity:12 usage:13 overflow:1
	bbox = (321.0000, 675.0000) - (324.0000, 678.0000) on Layer -
violation type: Horizontal congestion
	srcs: net:u_impl/load_red_flat[2452] net:net4607 net:net10717 net:net11691 net:net12127 net:net12250 net:net15775 net:net15791 net:net18660 net:net19224 net:net19465 net:net19472 net:net19484 net:net19499 net:net20059 net:net23133
	comment: capacity:15 usage:16 overflow:1
	bbox = (321.0000, 681.0000) - (324.0000, 684.0000) on Layer -
violation type: Horizontal congestion
	srcs: net:u_impl/n521 net:u_impl/u_core/n422 net:u_impl/u_core/g_row_14__g_col_6__u_pe/r_black_q[5] net:u_impl/u_core/g_row_14__g_col_6__u_pe/r_black_q[6] net:u_impl/u_core/g_row_14__g_col_6__u_pe/u_r_black/n31 net:net5123 net:net5124 net:net13465 net:net13832 net:net13923 net:net15770 net:net18415 net:net19429 net:net20339 net:net20451 net:net23933
	comment: capacity:15 usage:16 overflow:1
	bbox = (324.0000, 507.0000) - (327.0000, 510.0000) on Layer -
violation type: Horizontal congestion
	srcs: net:u_impl/load_black_flat[2322] net:u_impl/load_red_flat[2323] net:u_impl/n2671 net:net10996 net:net12672 net:net13096 net:net13958 net:net16227 net:net16339 net:net17846 net:net18667 net:net19309 net:net19443 net:net19775 net:net20417 net:net20507
	comment: capacity:15 usage:16 overflow:1
	bbox = (324.0000, 519.0000) - (327.0000, 522.0000) on Layer -
violation type: Horizontal congestion
	srcs: net:u_impl/load_red_flat[1302] net:u_impl/load_red_flat[1777] net:u_impl/load_red_flat[2335] net:u_impl/u_core/g_row_16__g_col_0__u_pe/r_black_q[5] net:net1495 net:net9264 net:net9325 net:net11365 net:net11693 net:net14350 net:net15455 net:net15543 net:net17235 net:net18618 net:net19305 net:net19358
	comment: capacity:15 usage:16 overflow:1
	bbox = (324.0000, 552.0000) - (327.0000, 555.0000) on Layer -
violation type: Horizontal congestion
	srcs: net:u_impl/load_black_flat[2431] net:u_impl/load_red_flat[2182] net:u_impl/load_red_flat[2220] net:u_impl/load_red_flat[2313] net:u_impl/load_red_flat[2518] net:u_impl/load_red_flat[2566] net:u_impl/n7222 net:u_impl/n946 net:net4775 net:net8855 net:net10482 net:net11593 net:net12778 net:net12847 net:net13438 net:net15856
	comment: capacity:15 usage:16 overflow:1
	bbox = (324.0000, 585.0000) - (327.0000, 588.0000) on Layer -
violation type: Horizontal congestion
	srcs: net:u_impl/load_black_flat[1542] net:u_impl/load_black_flat[2330] net:u_impl/load_red_flat[2471] net:u_impl/load_red_flat[2530] net:u_impl/load_red_flat[2615] net:u_impl/load_red_flat[2668] net:u_impl/n2712 net:net9622 net:net11294 net:net13126 net:net14080 net:net19520 net:net20336 net:net20517 net:net23049 net:net23366
	comment: capacity:15 usage:16 overflow:1
	bbox = (324.0000, 591.0000) - (327.0000, 594.0000) on Layer -
violation type: Horizontal congestion
	srcs: net:u_impl/load_black_flat[1963] net:u_impl/load_black_flat[2179] net:u_impl/load_black_flat[2391] net:u_impl/n2707 net:u_impl/n2804 net:u_impl/n3674 net:net7570 net:net10172 net:net11385 net:net12791 net:net13615 net:net13752 net:net15765 net:net15846 net:net20280 net:net20495
	comment: capacity:15 usage:16 overflow:1
	bbox = (324.0000, 603.0000) - (327.0000, 606.0000) on Layer -
violation type: Horizontal congestion
	srcs: net:u_impl/load_black_flat[1959] net:u_impl/load_black_flat[2256] net:u_impl/load_black_flat[2259] net:u_impl/load_black_flat[2430] net:u_impl/load_black_flat[2599] net:u_impl/load_black_flat[2602] net:u_impl/load_red_flat[2475] net:u_impl/n2400 net:u_impl/n3822 net:net13794 net:net15024 net:net19217 net:net19411 net:net19489 net:net19522 net:net20551
	comment: capacity:15 usage:16 overflow:1
	bbox = (324.0000, 609.0000) - (327.0000, 612.0000) on Layer -
violation type: Horizontal congestion
	srcs: net:u_impl/load_black_flat[2427] net:u_impl/load_black_flat[2499] net:u_impl/load_black_flat[2713] net:u_impl/load_red_flat[1782] net:net1697 net:net7445 net:net9747 net:net12705 net:net14058 net:net15530 net:net19303 net:net19348 net:net19456 net:net19769 net:net20414 net:net20424
	comment: capacity:15 usage:16 overflow:1
	bbox = (324.0000, 612.0000) - (327.0000, 615.0000) on Layer -
violation type: Horizontal congestion
	srcs: net:u_impl/load_black_flat[2506] net:u_impl/load_black_flat[2521] net:u_impl/load_black_flat[2527] net:u_impl/load_red_flat[2542] net:u_impl/load_red_flat[2623] net:u_impl/n3773 net:u_impl/n3774 net:u_impl/n5230 net:u_impl/n6214 net:net3091 net:net13860 net:net14744 net:net15857 net:net16742 net:net19338 net:net20094
	comment: capacity:15 usage:16 overflow:1
	bbox = (324.0000, 672.0000) - (327.0000, 675.0000) on Layer -
violation type: Horizontal congestion
	srcs: net:u_impl/load_red_flat[2452] net:net4607 net:net10717 net:net11691 net:net12127 net:net12145 net:net12250 net:net15775 net:net19224 net:net19465 net:net19472 net:net19484 net:net19499 net:net19623 net:net20059 net:net23133
	comment: capacity:15 usage:16 overflow:1
	bbox = (324.0000, 681.0000) - (327.0000, 684.0000) on Layer -
violation type: Horizontal congestion
	srcs: net:u_impl/load_black_flat[1984] net:u_impl/load_red_flat[1783] net:u_impl/load_red_flat[1949] net:u_impl/load_red_flat[2016] net:u_impl/n1456 net:u_impl/n2104 net:u_impl/u_core/tx[146] net:net11743 net:net12374 net:net14994 net:net15230 net:net16654 net:net17827 net:net19531 net:net20342 net:net20571
	comment: capacity:15 usage:16 overflow:1
	bbox = (330.0000, 531.0000) - (333.0000, 534.0000) on Layer -
violation type: Horizontal congestion
	srcs: net:u_impl/load_black_flat[1811] net:u_impl/n4651 net:net4369 net:net12811 net:net15547 net:net16692 net:net17208 net:net19243 net:net19464 net:net20194 net:net20349 net:net20449 net:net20497 net:net21770
	comment: capacity:13 usage:14 overflow:1
	bbox = (330.0000, 576.0000) - (333.0000, 579.0000) on Layer -
violation type: Horizontal congestion
	srcs: net:u_impl/load_black_flat[1355] net:u_impl/load_black_flat[2271] net:u_impl/load_black_flat[2431] net:u_impl/load_red_flat[1947] net:u_impl/load_red_flat[2220] net:net7570 net:net10482 net:net10955 net:net11127 net:net11128 net:net11428 net:net12847 net:net13126 net:net15375 net:net19108 net:net19430
	comment: capacity:15 usage:16 overflow:1
	bbox = (330.0000, 588.0000) - (333.0000, 591.0000) on Layer -
violation type: Horizontal congestion
	srcs: net:u_impl/load_red_flat[2530] net:u_impl/load_red_flat[2668] net:u_impl/n3210 net:u_impl/n3222 net:net9622 net:net13896 net:net13984 net:net14080 net:net19520 net:net20279 net:net20336 net:net20362 net:net20517 net:net21403 net:net23049 net:net23366
	comment: capacity:15 usage:16 overflow:1
	bbox = (330.0000, 591.0000) - (333.0000, 594.0000) on Layer -
violation type: Horizontal congestion
	srcs: net:u_impl/load_black_flat[2227] net:u_impl/load_black_flat[2330] net:u_impl/load_red_flat[2534] net:u_impl/load_red_flat[2598] net:u_impl/n2715 net:net9653 net:net10435 net:net12705 net:net12941 net:net13830 net:net19116 net:net19217 net:net19290 net:net19470 net:net19621 net:net22974
	comment: capacity:15 usage:16 overflow:1
	bbox = (330.0000, 597.0000) - (333.0000, 600.0000) on Layer -
violation type: Horizontal congestion
	srcs: net:u_impl/load_black_flat[2268] net:u_impl/load_black_flat[2519] net:u_impl/load_black_flat[2710] net:u_impl/load_red_flat[2259] net:u_impl/n4344 net:net1697 net:net5555 net:net10292 net:net11178 net:net13079 net:net13491 net:net13886 net:net14033 net:net15438 net:net15796 net:net20415
	comment: capacity:15 usage:16 overflow:1
	bbox = (330.0000, 630.0000) - (333.0000, 633.0000) on Layer -
violation type: Horizontal congestion
	srcs: net:u_impl/load_black_flat[2237] net:u_impl/load_red_flat[2260] net:u_impl/load_red_flat[2460] net:u_impl/load_red_flat[2513] net:u_impl/n4798 net:net6714 net:net11113 net:net11214 net:net11816 net:net11921 net:net13421 net:net14092 net:net16732 net:net18616 net:net18706 net:net21825
	comment: capacity:15 usage:16 overflow:1
	bbox = (330.0000, 642.0000) - (333.0000, 645.0000) on Layer -
violation type: Horizontal congestion
	srcs: net:u_impl/load_black_flat[2473] net:u_impl/load_black_flat[2521] net:u_impl/load_red_flat[2188] net:u_impl/load_red_flat[2542] net:u_impl/n257 net:u_impl/n6744 net:net11254 net:net13793 net:net15234 net:net15294 net:net15480 net:net17692 net:net18708 net:net19370 net:net19467 net:net20437
	comment: capacity:15 usage:16 overflow:1
	bbox = (330.0000, 669.0000) - (333.0000, 672.0000) on Layer -
violation type: Horizontal congestion
	srcs: net:u_impl/load_black_flat[2239] net:u_impl/load_black_flat[2553] net:u_impl/n277 net:u_impl/n6242 net:net8866 net:net10153 net:net11071 net:net11443 net:net12710 net:net13090 net:net13289 net:net13626 net:net15391
	comment: capacity:12 usage:13 overflow:1
	bbox = (360.0000, 702.0000) - (363.0000, 705.0000) on Layer -
violation type: Horizontal congestion
	srcs: net:u_impl/load_black_flat[2208] net:u_impl/load_black_flat[2239] net:net10153 net:net11443 net:net11520 net:net13090 net:net13289 net:net13626 net:net15333 net:net15391 net:net19106 net:net19114 net:net19673
	comment: capacity:12 usage:13 overflow:1
	bbox = (366.0000, 702.0000) - (369.0000, 705.0000) on Layer -
violation type: Horizontal congestion
	srcs: net:u_impl/load_black_flat[1156] net:u_impl/load_red_flat[1162] net:u_impl/n1017 net:u_impl/n967 net:net3030 net:net5527 net:net6644 net:net8123 net:net11100 net:net13445 net:net13504 net:net13637 net:net13864 net:net15781 net:net16693 net:net23134
	comment: capacity:15 usage:16 overflow:1
	bbox = (411.0000, 681.0000) - (414.0000, 684.0000) on Layer -
violation type: Horizontal congestion
	srcs: net:u_impl/load_black_flat[2227] net:u_impl/n2008 net:u_impl/n4838 net:u_impl/n5058 net:u_impl/n6114 net:u_impl/n6173 net:net3092 net:net7340 net:net8776 net:net11255 net:net13827 net:net13842 net:net13920 net:net14038 net:net15657 net:net18248
	comment: capacity:15 usage:16 overflow:1
	bbox = (414.0000, 669.0000) - (417.0000, 672.0000) on Layer -
violation type: Horizontal congestion
	srcs: net:u_impl/load_black_flat[1177] net:u_impl/load_black_flat[2237] net:u_impl/load_red_flat[1165] net:u_impl/n3665 net:u_impl/n6243 net:u_impl/n941 net:net6644 net:net7641 net:net10890 net:net12252 net:net13264 net:net13504 net:net16375 net:net16764 net:net19118 net:net21074
	comment: capacity:15 usage:16 overflow:1
	bbox = (414.0000, 678.0000) - (417.0000, 681.0000) on Layer -
violation type: Horizontal congestion
	srcs: net:u_impl/load_black_flat[2227] net:u_impl/n1647 net:u_impl/n2008 net:u_impl/n4838 net:u_impl/n5058 net:u_impl/n6114 net:u_impl/n6173 net:net3092 net:net7340 net:net8776 net:net13144 net:net13827 net:net13920 net:net15657 net:net18248 net:net18373
	comment: capacity:15 usage:16 overflow:1
	bbox = (417.0000, 669.0000) - (420.0000, 672.0000) on Layer -
violation type: Horizontal congestion
	srcs: net:u_impl/load_black_flat[1264] net:u_impl/load_black_flat[1470] net:u_impl/load_black_flat[2214] net:u_impl/load_red_flat[1970] net:net8755 net:net9394 net:net12814 net:net14947 net:net15434 net:net15801 net:net15803 net:net19747 net:net23197 net:net23947
	comment: capacity:13 usage:14 overflow:1
	bbox = (423.0000, 576.0000) - (426.0000, 579.0000) on Layer -
violation type: Horizontal congestion
	srcs: net:u_impl/load_red_flat[2321] net:u_impl/n1962 net:u_impl/n4384 net:u_impl/n4676 net:u_impl/n4707 net:u_impl/n5483 net:net5719 net:net6575 net:net8860 net:net13831 net:net15279 net:net15894 net:net20343
	comment: capacity:12 usage:13 overflow:1
	bbox = (423.0000, 582.0000) - (426.0000, 585.0000) on Layer -
violation type: Horizontal congestion
	srcs: net:u_impl/load_black_flat[1320] net:u_impl/load_red_flat[1270] net:u_impl/load_red_flat[2217] net:u_impl/n331 net:u_impl/n4709 net:u_impl/n4730 net:u_impl/n978 net:net7401 net:net10326 net:net10404 net:net11592 net:net11853 net:net15260 net:net15780 net:net15797 net:net16564
	comment: capacity:15 usage:16 overflow:1
	bbox = (423.0000, 585.0000) - (426.0000, 588.0000) on Layer -
violation type: Horizontal congestion
	srcs: net:u_impl/n2083 net:u_impl/n3526 net:u_impl/n4713 net:u_impl/n827 net:net8230 net:net10893 net:net10971 net:net11258 net:net13138 net:net14911 net:net14956 net:net15819 net:net16743 net:net16745 net:net20118 net:net20427
	comment: capacity:15 usage:16 overflow:1
	bbox = (423.0000, 648.0000) - (426.0000, 651.0000) on Layer -
violation type: Horizontal congestion
	srcs: net:u_impl/load_black_flat[2239] net:u_impl/load_black_flat[3131] net:net7533 net:net7913 net:net12755 net:net12988 net:net13388 net:net13445 net:net17884 net:net20808 net:net23071 net:clknet_9_208_0_clk net:clknet_11_833__leaf_clk
	comment: capacity:12 usage:13 overflow:1
	bbox = (423.0000, 702.0000) - (426.0000, 705.0000) on Layer -
violation type: Horizontal congestion
	srcs: net:u_impl/load_black_flat[2229] net:u_impl/load_black_flat[2236] net:u_impl/n6772 net:net3086 net:net9735 net:net11132 net:net13352 net:net13424 net:net14508 net:net15895 net:net18256 net:net19605 net:net19658 net:net19660 net:net23199 net:clknet_9_208_0_clk
	comment: capacity:15 usage:16 overflow:1
	bbox = (423.0000, 705.0000) - (426.0000, 708.0000) on Layer -
violation type: Horizontal congestion
	srcs: net:u_impl/load_black_flat[1274] net:u_impl/n4303 net:u_impl/u_core/g_row_14__g_col_2__u_pe/u_r_red/n8 net:net5263 net:net12380 net:net12928 net:net13120 net:net13356 net:net14972 net:net15585 net:net19351 net:net20147 net:net20853 net:net23940
	comment: capacity:13 usage:14 overflow:1
	bbox = (426.0000, 516.0000) - (429.0000, 519.0000) on Layer -
violation type: Horizontal congestion
	srcs: net:u_impl/load_black_flat[2295] net:u_impl/load_red_flat[1358] net:u_impl/n3550 net:u_impl/n6129 net:net5801 net:net6571 net:net6656 net:net6757 net:net6794 net:net9831 net:net11328 net:net12377 net:net14025 net:net15334 net:net15890 net:net18726
	comment: capacity:15 usage:16 overflow:1
	bbox = (426.0000, 630.0000) - (429.0000, 633.0000) on Layer -
violation type: Horizontal congestion
	srcs: net:u_impl/load_black_flat[1347] net:u_impl/load_red_flat[1275] net:u_impl/load_red_flat[1316] net:u_impl/n4452 net:u_impl/n4802 net:u_impl/n4867 net:u_impl/n810 net:net9591 net:net9781 net:net11744 net:net12325 net:net13204 net:net15474 net:net15821 net:net16469 net:net23198
	comment: capacity:15 usage:16 overflow:1
	bbox = (426.0000, 645.0000) - (429.0000, 648.0000) on Layer -
violation type: Horizontal congestion
	srcs: net:u_impl/n2083 net:u_impl/n3526 net:u_impl/n4713 net:net8230 net:net9399 net:net10893 net:net10971 net:net11111 net:net11258 net:net13138 net:net14911 net:net14956 net:net15819 net:net16743 net:net16745 net:net20427
	comment: capacity:15 usage:16 overflow:1
	bbox = (426.0000, 648.0000) - (429.0000, 651.0000) on Layer -
violation type: Horizontal congestion
	srcs: net:u_impl/load_red_flat[2437] net:u_impl/n1760 net:u_impl/n4865 net:u_impl/n5838 net:u_impl/n6092 net:u_impl/n942 net:net4820 net:net7383 net:net11066 net:net13165 net:net14946 net:net14961 net:net18259 net:net19761 net:net20589 net:net23272
	comment: capacity:15 usage:16 overflow:1
	bbox = (426.0000, 687.0000) - (429.0000, 690.0000) on Layer -
violation type: Horizontal congestion
	srcs: net:u_impl/load_black_flat[1159] net:u_impl/load_black_flat[1162] net:u_impl/load_black_flat[1164] net:u_impl/load_black_flat[2227] net:u_impl/n15005 net:u_impl/n3706 net:net7353 net:net7830 net:net8094 net:net12762 net:net13144 net:net15488 net:net19567 net:net22369
	comment: capacity:13 usage:14 overflow:1
	bbox = (426.0000, 693.0000) - (429.0000, 696.0000) on Layer -
violation type: Horizontal congestion
	srcs: net:u_impl/load_black_flat[1323] net:u_impl/load_black_flat[2283] net:u_impl/n15044 net:u_impl/n6255 net:net4650 net:net7916 net:net12017 net:net12660 net:net12740 net:net13822 net:net15865 net:net20352 net:net22367
	comment: capacity:12 usage:13 overflow:1
	bbox = (429.0000, 555.0000) - (432.0000, 558.0000) on Layer -
violation type: Horizontal congestion
	srcs: net:u_impl/load_black_flat[1353] net:u_impl/load_red_flat[2295] net:u_impl/n4016 net:u_impl/n4019 net:u_impl/n5934 net:net5432 net:net8032 net:net10225 net:net12335 net:net13665 net:net15824 net:net16754 net:net18372 net:net18687 net:net19712 net:net23387
	comment: capacity:15 usage:16 overflow:1
	bbox = (429.0000, 657.0000) - (432.0000, 660.0000) on Layer -
violation type: Horizontal congestion
	srcs: net:u_impl/n1760 net:u_impl/n4865 net:u_impl/n5838 net:u_impl/n6092 net:u_impl/n942 net:net7383 net:net7931 net:net9259 net:net11066 net:net13165 net:net14946 net:net14961 net:net16609 net:net19761 net:net20589 net:net23272
	comment: capacity:15 usage:16 overflow:1
	bbox = (429.0000, 687.0000) - (432.0000, 690.0000) on Layer -
violation type: Horizontal congestion
	srcs: net:u_impl/load_black_flat[1159] net:u_impl/load_black_flat[1162] net:u_impl/load_black_flat[1164] net:u_impl/load_black_flat[2226] net:u_impl/load_black_flat[2227] net:u_impl/load_red_flat[2437] net:u_impl/n3706 net:net7353 net:net7830 net:net8094 net:net12767 net:net19567 net:net22369 net:net23199
	comment: capacity:13 usage:14 overflow:1
	bbox = (429.0000, 693.0000) - (432.0000, 696.0000) on Layer -
violation type: Horizontal congestion
	srcs: net:u_impl/load_black_flat[2361] net:u_impl/n3803 net:u_impl/n5261 net:net6698 net:net8931 net:net9394 net:net11810 net:net12181 net:net12880 net:net13302 net:net13434 net:net15155 net:net19134 net:net19135 net:net19270 net:net23048
	comment: capacity:15 usage:16 overflow:1
	bbox = (432.0000, 567.0000) - (435.0000, 570.0000) on Layer -
violation type: Horizontal congestion
	srcs: net:u_impl/load_black_flat[2297] net:u_impl/n2841 net:u_impl/n2887 net:u_impl/n2895 net:u_impl/n4809 net:net5811 net:net6007 net:net6093 net:net6654 net:net9683 net:net14043 net:net14953 net:net16763 net:net17876 net:net20066 net:net20141
	comment: capacity:15 usage:16 overflow:1
	bbox = (432.0000, 603.0000) - (435.0000, 606.0000) on Layer -
violation type: Horizontal congestion
	srcs: net:u_impl/load_black_flat[2299] net:u_impl/load_black_flat[2301] net:u_impl/load_red_flat[2219] net:u_impl/n2159 net:net5807 net:net6065 net:net6089 net:net6153 net:net7871 net:net7892 net:net9692 net:net10481 net:net12655 net:net13113 net:net19650 net:net20073
	comment: capacity:15 usage:16 overflow:1
	bbox = (432.0000, 606.0000) - (435.0000, 609.0000) on Layer -
violation type: Horizontal congestion
	srcs: net:u_impl/load_black_flat[2295] net:u_impl/load_red_flat[1358] net:u_impl/n1946 net:u_impl/n2011 net:u_impl/n3550 net:net5256 net:net5801 net:net6744 net:net6757 net:net6794 net:net8704 net:net11103 net:net12335 net:net13490 net:net14025 net:net18726
	comment: capacity:15 usage:16 overflow:1
	bbox = (432.0000, 630.0000) - (435.0000, 633.0000) on Layer -
violation type: Horizontal congestion
	srcs: net:u_impl/load_black_flat[1175] net:u_impl/load_red_flat[2251] net:u_impl/load_red_flat[2324] net:u_impl/load_red_flat[2433] net:net7373 net:net11112 net:net11815 net:net12776 net:net13626 net:net15006 net:net15567 net:net15835 net:net16743 net:net19065 net:net21826 net:net22355
	comment: capacity:15 usage:16 overflow:1
	bbox = (432.0000, 642.0000) - (435.0000, 645.0000) on Layer -
violation type: Horizontal congestion
	srcs: net:u_impl/load_black_flat[2228] net:u_impl/n6242 net:u_impl/u_core/g_row_13__g_col_9__u_pe/r_black_q[4] net:net7398 net:net7419 net:net9259 net:net12755 net:net18259 net:net18680 net:net19118 net:net19553 net:net20411 net:net24374
	comment: capacity:12 usage:13 overflow:1
	bbox = (432.0000, 699.0000) - (435.0000, 702.0000) on Layer -
violation type: Horizontal congestion
	srcs: net:u_impl/load_black_flat[2298] net:u_impl/load_red_flat[2176] net:u_impl/load_red_flat[2178] net:u_impl/load_red_flat[2179] net:u_impl/n3330 net:u_impl/n6253 net:u_impl/n631 net:net6702 net:net10071 net:net11196 net:net13615 net:net15771 net:net15813 net:net15855 net:net19371 net:net19738
	comment: capacity:15 usage:16 overflow:1
	bbox = (435.0000, 600.0000) - (438.0000, 603.0000) on Layer -
violation type: Horizontal congestion
	srcs: net:u_impl/load_black_flat[2299] net:u_impl/load_black_flat[2301] net:u_impl/load_red_flat[2219] net:u_impl/n2159 net:net5807 net:net6065 net:net6153 net:net7892 net:net9683 net:net9692 net:net10481 net:net12655 net:net13113 net:net15787 net:net19650 net:net20073
	comment: capacity:15 usage:16 overflow:1
	bbox = (435.0000, 606.0000) - (438.0000, 609.0000) on Layer -
violation type: Horizontal congestion
	srcs: net:u_impl/load_black_flat[1265] net:u_impl/load_red_flat[1346] net:u_impl/n1098 net:u_impl/n3133 net:u_impl/n3134 net:u_impl/n3394 net:u_impl/n5066 net:net6644 net:net7630 net:net9745 net:net13658 net:net13848 net:net14980 net:net18234 net:net18700 net:net19683
	comment: capacity:15 usage:16 overflow:1
	bbox = (435.0000, 672.0000) - (438.0000, 675.0000) on Layer -
violation type: Horizontal congestion
	srcs: net:u_impl/load_black_flat[1156] net:u_impl/load_red_flat[1162] net:u_impl/load_red_flat[2353] net:u_impl/n966 net:net3030 net:net7641 net:net11100 net:net12252 net:net13493 net:net14961 net:net16765 net:net18751 net:net19072 net:net19274 net:net20118 net:net23134
	comment: capacity:15 usage:16 overflow:1
	bbox = (435.0000, 681.0000) - (438.0000, 684.0000) on Layer -
violation type: Horizontal congestion
	srcs: net:u_impl/load_black_flat[2231] net:u_impl/n1144 net:net4820 net:net8158 net:net9877 net:net11531 net:net12310 net:net12377 net:net12688 net:net13104 net:net13166 net:net15793 net:net17847 net:net19072 net:net19569 net:clknet_11_836__leaf_clk
	comment: capacity:15 usage:16 overflow:1
	bbox = (438.0000, 684.0000) - (441.0000, 687.0000) on Layer -
violation type: Horizontal congestion
	srcs: net:u_impl/load_black_flat[1311] net:u_impl/load_black_flat[1327] net:u_impl/load_red_flat[1325] net:u_impl/load_red_flat[2223] net:u_impl/n3202 net:u_impl/u_core/g_row_14__g_col_2__u_pe/n46 net:u_impl/u_core/g_row_14__g_col_2__u_pe/red_ser_bit net:u_impl/u_core/g_row_14__g_col_2__u_pe/u_r_black/n6 net:net5654 net:net8996 net:net11024 net:net16172 net:net16284 net:net18591 net:net19559 net:net20150
	comment: capacity:15 usage:16 overflow:1
	bbox = (441.0000, 522.0000) - (444.0000, 525.0000) on Layer -
violation type: Horizontal congestion
	srcs: net:u_impl/load_black_flat[1464] net:u_impl/load_black_flat[2280] net:u_impl/load_red_flat[1318] net:u_impl/load_red_flat[2214] net:u_impl/load_red_flat[2429] net:u_impl/n6120 net:net5133 net:net7678 net:net7700 net:net9026 net:net11453 net:net15128 net:net16379 net:net18420 net:net19240 net:net19776
	comment: capacity:15 usage:16 overflow:1
	bbox = (441.0000, 549.0000) - (444.0000, 552.0000) on Layer -
violation type: Horizontal congestion
	srcs: net:u_impl/n6255 net:u_impl/n7260 net:u_impl/u_core/g_row_14__g_col_2__u_pe/r_black_q[5] net:net7916 net:net11343 net:net12017 net:net12660 net:net12740 net:net13822 net:net16481 net:net20352 net:net20365 net:clknet_9_110_0_clk
	comment: capacity:12 usage:13 overflow:1
	bbox = (441.0000, 555.0000) - (444.0000, 558.0000) on Layer -
violation type: Horizontal congestion
	srcs: net:u_impl/load_black_flat[2260] net:u_impl/load_red_flat[1158] net:u_impl/load_red_flat[2321] net:net5769 net:net9394 net:net10219 net:net12305 net:net13150 net:net14012 net:net15337 net:net17854 net:net18759 net:net19271 net:net20141
	comment: capacity:13 usage:14 overflow:1
	bbox = (441.0000, 573.0000) - (444.0000, 576.0000) on Layer -
violation type: Horizontal congestion
	srcs: net:u_impl/load_red_flat[1275] net:u_impl/load_red_flat[2294] net:u_impl/n4116 net:u_impl/n4433 net:u_impl/n4435 net:u_impl/n4802 net:u_impl/n6251 net:net7975 net:net8826 net:net11111 net:net13138 net:net13293 net:net13318 net:net13397 net:net13492 net:net22748
	comment: capacity:15 usage:16 overflow:1
	bbox = (441.0000, 651.0000) - (444.0000, 654.0000) on Layer -
violation type: Horizontal congestion
	srcs: net:u_impl/n3478 net:u_impl/n4150 net:u_impl/n4445 net:u_impl/n4531 net:u_impl/n5065 net:u_impl/n5234 net:u_impl/n6104 net:net6737 net:net11493 net:net13175 net:net13983 net:net16622 net:net23289
	comment: capacity:12 usage:13 overflow:1
	bbox = (441.0000, 654.0000) - (444.0000, 657.0000) on Layer -
violation type: Horizontal congestion
	srcs: net:u_impl/load_black_flat[2236] net:u_impl/load_black_flat[2893] net:u_impl/load_red_flat[2265] net:u_impl/n4654 net:u_impl/u_core/g_row_13__g_col_9__u_pe/r_black_q[13] net:u_impl/u_core/g_row_13__g_col_9__u_pe/u_r_black/n9 net:net3086 net:net9736 net:net13352 net:net15832 net:net16097 net:net16797 net:net19605 net:net19660 net:net23071 net:clknet_6_26_0_clk
	comment: capacity:15 usage:16 overflow:1
	bbox = (441.0000, 705.0000) - (444.0000, 708.0000) on Layer -
violation type: Horizontal congestion
	srcs: net:u_impl/load_black_flat[2296] net:u_impl/load_black_flat[2841] net:u_impl/load_red_flat[2178] net:u_impl/load_red_flat[2828] net:u_impl/n3228 net:net3114 net:net6007 net:net6717 net:net7101 net:net13853 net:net18685 net:net18726 net:net18763 net:net18771 net:net20465 net:net23367
	comment: capacity:15 usage:16 overflow:1
	bbox = (444.0000, 597.0000) - (447.0000, 600.0000) on Layer -
violation type: Horizontal congestion
	srcs: net:u_impl/load_black_flat[2298] net:u_impl/load_black_flat[2299] net:u_impl/load_red_flat[1260] net:u_impl/load_red_flat[2179] net:u_impl/load_red_flat[2219] net:u_impl/load_red_flat[2828] net:u_impl/n4820 net:net6007 net:net6702 net:net7518 net:net12801 net:net16743 net:net19650 net:net19728 net:net21258 net:net23282
	comment: capacity:15 usage:16 overflow:1
	bbox = (450.0000, 600.0000) - (453.0000, 603.0000) on Layer -
violation type: Horizontal congestion
	srcs: net:u_impl/load_black_flat[1318] net:u_impl/load_black_flat[2182] net:u_impl/load_black_flat[2183] net:u_impl/load_black_flat[2302] net:u_impl/n2133 net:u_impl/n3850 net:net6058 net:net6129 net:net6744 net:net7871 net:net7892 net:net9224 net:net9683 net:net17875 net:net19729 net:net19731
	comment: capacity:15 usage:16 overflow:1
	bbox = (450.0000, 609.0000) - (453.0000, 612.0000) on Layer -
violation type: Horizontal congestion
	srcs: net:u_impl/load_black_flat[1175] net:u_impl/load_black_flat[1353] net:u_impl/load_black_flat[2224] net:u_impl/load_red_flat[1275] net:u_impl/load_red_flat[2295] net:u_impl/load_red_flat[2360] net:u_impl/n15007 net:u_impl/n4531 net:net4821 net:net5231 net:net12390 net:net16485 net:net16754 net:net18687 net:net19712 net:net23295
	comment: capacity:15 usage:16 overflow:1
	bbox = (450.0000, 657.0000) - (453.0000, 660.0000) on Layer -
violation type: Horizontal congestion
	srcs: net:u_impl/load_black_flat[2298] net:u_impl/load_black_flat[2360] net:u_impl/load_black_flat[2523] net:u_impl/load_black_flat[2828] net:u_impl/load_black_flat[2841] net:u_impl/load_red_flat[1968] net:u_impl/load_red_flat[2178] net:u_impl/n5482 net:u_impl/n613 net:net6717 net:net7691 net:net13150 net:net13853 net:net14971 net:net18763 net:net23367
	comment: capacity:15 usage:16 overflow:1
	bbox = (453.0000, 597.0000) - (456.0000, 600.0000) on Layer -
violation type: Horizontal congestion
	srcs: net:u_impl/load_black_flat[2296] net:u_impl/load_black_flat[2297] net:u_impl/load_black_flat[2299] net:u_impl/load_red_flat[2219] net:u_impl/load_red_flat[2300] net:u_impl/n2886 net:u_impl/n6253 net:u_impl/n6763 net:net5795 net:net6093 net:net12655 net:net17854 net:net18648 net:net18723 net:net20066 net:net20070
	comment: capacity:15 usage:16 overflow:1
	bbox = (453.0000, 603.0000) - (456.0000, 606.0000) on Layer -
violation type: Horizontal congestion
	srcs: net:u_impl/n3478 net:u_impl/n4150 net:u_impl/n4445 net:u_impl/n5234 net:u_impl/n6178 net:net6737 net:net8826 net:net12397 net:net13983 net:net14948 net:net15824 net:net18657 net:net23289
	comment: capacity:12 usage:13 overflow:1
	bbox = (453.0000, 654.0000) - (456.0000, 657.0000) on Layer -
violation type: Vertical congestion
	srcs: net:u_impl/load_black_flat[1780] net:u_impl/load_black_flat[2528] net:u_impl/load_red_flat[2528] net:u_impl/load_red_flat[2602] net:u_impl/n6732 net:net9466 net:net10318 net:net11549 net:net11671 net:net13188 net:net14945 net:net15781 net:net15793 net:net16132 net:net16693 net:net17928 net:net20079 net:net20106 net:net22939 net:net22973 net:clknet_11_607__leaf_clk
	comment: capacity:20 usage:21 overflow:1
	bbox = (315.0000, 675.0000) - (318.0000, 678.0000) on Layer -
violation type: Vertical congestion
	srcs: net:u_impl/load_black_flat[1540] net:u_impl/load_black_flat[1928] net:u_impl/load_black_flat[2574] net:net8646 net:net8713 net:net8976 net:net10996 net:net11365 net:net12407 net:net13192 net:net13958 net:net14079 net:net16339 net:net17739 net:net18035 net:net18574 net:net19443 net:net20507 net:net20553 net:net20569 net:net22496 net:clknet_11_253__leaf_clk
	comment: capacity:21 usage:22 overflow:1
	bbox = (324.0000, 516.0000) - (327.0000, 519.0000) on Layer -
violation type: Vertical congestion
	srcs: net:u_impl/load_black_flat[1540] net:u_impl/load_black_flat[1928] net:u_impl/load_black_flat[2574] net:net8646 net:net8713 net:net8976 net:net10024 net:net10828 net:net11365 net:net12407 net:net13192 net:net13790 net:net17739 net:net17827 net:net17864 net:net18035 net:net20164 net:net20302 net:net20553 net:net20569 net:net22496 net:clknet_11_253__leaf_clk
	comment: capacity:21 usage:22 overflow:1
	bbox = (324.0000, 522.0000) - (327.0000, 525.0000) on Layer -
violation type: Vertical congestion
	srcs: net:u_impl/load_black_flat[1315] net:u_impl/load_black_flat[1467] net:u_impl/load_black_flat[2334] net:u_impl/load_black_flat[2517] net:u_impl/load_red_flat[1454] net:u_impl/n3680 net:net4386 net:net9740 net:net10658 net:net11042 net:net11150 net:net11869 net:net12721 net:net13993 net:net14002 net:net15847 net:net17845 net:net18633 net:net19259 net:net19563 net:net19568 net:clknet_11_247__leaf_clk
	comment: capacity:21 usage:22 overflow:1
	bbox = (336.0000, 492.0000) - (339.0000, 495.0000) on Layer -
violation type: Vertical congestion
	srcs: net:u_impl/load_black_flat[2401] net:u_impl/load_black_flat[2866] net:u_impl/load_red_flat[1167] net:u_impl/load_red_flat[2674] net:u_impl/load_red_flat[2713] net:u_impl/load_red_flat[2716] net:u_impl/n4141 net:net9082 net:net9928 net:net10662 net:net10910 net:net11029 net:net11873 net:net12327 net:net15333 net:net15633 net:net16712 net:net19098 net:net19162 net:net19228 net:net19651 net:net20220
	comment: capacity:21 usage:22 overflow:1
	bbox = (336.0000, 711.0000) - (339.0000, 714.0000) on Layer -
violation type: Vertical congestion
	srcs: net:u_impl/load_black_flat[1920] net:u_impl/load_red_flat[1975] net:u_impl/n2257 net:net4386 net:net4701 net:net9144 net:net11268 net:net11466 net:net11528 net:net12721 net:net13360 net:net15023 net:net18604 net:net18609 net:net19056 net:net19426 net:net19752
	comment: capacity:16 usage:17 overflow:1
	bbox = (339.0000, 507.0000) - (342.0000, 510.0000) on Layer -
violation type: Vertical congestion
	srcs: net:u_impl/load_black_flat[2343] net:u_impl/load_black_flat[2345] net:u_impl/load_red_flat[1322] net:u_impl/load_red_flat[1491] net:u_impl/n2255 net:u_impl/n2709 net:net9112 net:net9741 net:net10803 net:net10888 net:net11832 net:net11901 net:net12784 net:net15221 net:net15229 net:net15430 net:net15847 net:net18698 net:net19255 net:net19576 net:net22876 net:net23328
	comment: capacity:21 usage:22 overflow:1
	bbox = (345.0000, 507.0000) - (348.0000, 510.0000) on Layer -
violation type: Vertical congestion
	srcs: net:u_impl/load_black_flat[2342] net:u_impl/load_black_flat[2345] net:u_impl/load_red_flat[1322] net:u_impl/load_red_flat[1491] net:u_impl/load_red_flat[1632] net:u_impl/n2255 net:u_impl/n2709 net:net9112 net:net9741 net:net10803 net:net10888 net:net11832 net:net11901 net:net12784 net:net13640 net:net15221 net:net15229 net:net15430 net:net18698 net:net19255 net:net19576 net:net22876
	comment: capacity:21 usage:22 overflow:1
	bbox = (345.0000, 510.0000) - (348.0000, 513.0000) on Layer -
violation type: Vertical congestion
	srcs: net:u_impl/load_black_flat[2550] net:u_impl/load_black_flat[2712] net:u_impl/load_red_flat[2372] net:u_impl/load_red_flat[2548] net:u_impl/load_red_flat[2549] net:u_impl/load_red_flat[2836] net:u_impl/n1141 net:u_impl/n4634 net:net9049 net:net10724 net:net11599 net:net13325 net:net14081 net:net18067 net:net18738 net:net19164 net:net19266 net:net19410 net:net20044 net:net20138 net:net20235 net:net23358
	comment: capacity:21 usage:22 overflow:1
	bbox = (351.0000, 711.0000) - (354.0000, 714.0000) on Layer -
violation type: Vertical congestion
	srcs: net:u_impl/load_black_flat[2388] net:u_impl/load_black_flat[2711] net:u_impl/load_black_flat[2814] net:u_impl/load_red_flat[2723] net:u_impl/n3007 net:net7932 net:net8690 net:net9136 net:net10724 net:net11727 net:net13021 net:net13951 net:net15241 net:net15295 net:net15486 net:net15503 net:net15828 net:net18748 net:net19097 net:net20138
	comment: capacity:19 usage:20 overflow:1
	bbox = (354.0000, 696.0000) - (357.0000, 699.0000) on Layer -
violation type: Vertical congestion
	srcs: net:u_impl/load_black_flat[2711] net:u_impl/load_black_flat[2814] net:u_impl/load_black_flat[2903] net:u_impl/load_red_flat[1159] net:u_impl/load_red_flat[2617] net:u_impl/load_red_flat[2723] net:net7786 net:net8690 net:net9136 net:net11011 net:net11728 net:net13004 net:net13007 net:net15241 net:net15295 net:net15503 net:net15798 net:net18748 net:net19069 net:net19616
	comment: capacity:19 usage:20 overflow:1
	bbox = (354.0000, 708.0000) - (357.0000, 711.0000) on Layer -
violation type: Vertical congestion
	srcs: net:u_impl/load_black_flat[1920] net:u_impl/load_red_flat[1277] net:u_impl/load_red_flat[1449] net:u_impl/load_red_flat[2319] net:u_impl/n5402 net:u_impl/n5845 net:u_impl/n6162 net:net8260 net:net10226 net:net10780 net:net10800 net:net11273 net:net11458 net:net12384 net:net13663 net:net13812 net:net15809 net:net15891 net:net17541 net:net18710 net:net19646 net:net19656
	comment: capacity:21 usage:22 overflow:1
	bbox = (357.0000, 492.0000) - (360.0000, 495.0000) on Layer -
violation type: Vertical congestion
	srcs: net:u_impl/load_red_flat[2319] net:u_impl/n2154 net:u_impl/n5845 net:u_impl/n6162 net:u_impl/n742 net:net8260 net:net10384 net:net10780 net:net10800 net:net11097 net:net11273 net:net11458 net:net12323 net:net12384 net:net13663 net:net14061 net:net15809 net:net15891 net:net18710 net:net19498 net:net19646 net:net19656
	comment: capacity:21 usage:22 overflow:1
	bbox = (357.0000, 498.0000) - (360.0000, 501.0000) on Layer -
violation type: Vertical congestion
	srcs: net:u_impl/load_black_flat[2550] net:u_impl/load_black_flat[2553] net:u_impl/load_red_flat[1159] net:u_impl/n2004 net:u_impl/n5254 net:u_impl/n6744 net:net8648 net:net9339 net:net9427 net:net11011 net:net12122 net:net12387 net:net12403 net:net12709 net:net14085 net:net17693 net:net17741 net:net18736 net:net19239 net:net20064 net:net20080 net:net20169
	comment: capacity:21 usage:22 overflow:1
	bbox = (357.0000, 696.0000) - (360.0000, 699.0000) on Layer -
violation type: Vertical congestion
	srcs: net:u_impl/load_black_flat[1637] net:u_impl/load_black_flat[1678] net:u_impl/load_black_flat[1920] net:u_impl/n1351 net:u_impl/n2840 net:u_impl/n6194 net:u_impl/n7258 net:net9567 net:net11168 net:net11635 net:net11755 net:net12665 net:net13244 net:net13663 net:net17506 net:net18038 net:net18603 net:net18606 net:net18608 net:net18670 net:net19718 net:net19764
	comment: capacity:21 usage:22 overflow:1
	bbox = (360.0000, 489.0000) - (363.0000, 492.0000) on Layer -
violation type: Vertical congestion
	srcs: net:u_impl/load_black_flat[2208] net:u_impl/load_black_flat[2392] net:u_impl/load_black_flat[2732] net:u_impl/load_red_flat[1180] net:u_impl/load_red_flat[2380] net:u_impl/load_red_flat[2558] net:u_impl/load_red_flat[2820] net:u_impl/load_red_flat[2902] net:u_impl/n277 net:u_impl/n526 net:net9997 net:net10849 net:net11520 net:net12084 net:net12089 net:net13031 net:net13253 net:net13272 net:net15325 net:net17540 net:net19227 net:net19230
	comment: capacity:21 usage:22 overflow:1
	bbox = (366.0000, 702.0000) - (369.0000, 705.0000) on Layer -
violation type: Vertical congestion
	srcs: net:u_impl/load_black_flat[2673] net:u_impl/load_black_flat[2873] net:u_impl/load_red_flat[2401] net:u_impl/load_red_flat[2411] net:u_impl/load_red_flat[2664] net:u_impl/n4469 net:net7424 net:net9460 net:net11307 net:net11469 net:net11588 net:net13017 net:net13305 net:net14745 net:net15333 net:net15767 net:net15798 net:net19085 net:net19106 net:net19114 net:net19673 net:net19742
	comment: capacity:21 usage:22 overflow:1
	bbox = (369.0000, 702.0000) - (372.0000, 705.0000) on Layer -
violation type: Vertical congestion
	srcs: net:u_impl/load_black_flat[2648] net:u_impl/load_black_flat[2705] net:u_impl/load_black_flat[2904] net:u_impl/load_red_flat[2368] net:u_impl/load_red_flat[2412] net:u_impl/load_red_flat[2726] net:u_impl/load_red_flat[2727] net:u_impl/n3160 net:net11588 net:net11776 net:net12679 net:net12855 net:net12924 net:net12967 net:net16680 net:net18727 net:net19122 net:net19203 net:net19313 net:net19742 net:net20246
	comment: capacity:20 usage:21 overflow:1
	bbox = (372.0000, 708.0000) - (375.0000, 711.0000) on Layer -
violation type: Vertical congestion
	srcs: net:u_impl/load_black_flat[1587] net:u_impl/load_black_flat[1597] net:u_impl/load_black_flat[1696] net:u_impl/n1769 net:u_impl/n3172 net:u_impl/n3637 net:net5252 net:net7964 net:net11142 net:net11652 net:net12186 net:net12361 net:net13161 net:net13568 net:net13802 net:net14052 net:net17874 net:net18593 net:net19402 net:net19412 net:net20239 net:net20501
	comment: capacity:21 usage:22 overflow:1
	bbox = (384.0000, 510.0000) - (387.0000, 513.0000) on Layer -
violation type: Vertical congestion
	srcs: net:u_impl/load_black_flat[2198] net:u_impl/n1110 net:u_impl/n1786 net:net6164 net:net9090 net:net9456 net:net10862 net:net13502 net:net13791 net:net13796 net:net14656 net:net14923 net:net14954 net:net15528 net:net15595 net:net15839 net:net19582 net:net19715 net:net19767 net:net20098 net:net20555 net:net22365
	comment: capacity:21 usage:22 overflow:1
	bbox = (387.0000, 516.0000) - (390.0000, 519.0000) on Layer -
violation type: Vertical congestion
	srcs: net:u_impl/load_black_flat[2716] net:u_impl/load_black_flat[2722] net:u_impl/load_black_flat[2723] net:u_impl/load_red_flat[1348] net:u_impl/load_red_flat[2903] net:u_impl/n141 net:u_impl/n5592 net:net10831 net:net11157 net:net11256 net:net11514 net:net12706 net:net13198 net:net13570 net:net13953 net:net18755 net:net19084 net:net19441 net:net20045 net:net20114 net:net21118 net:net24373
	comment: capacity:21 usage:22 overflow:1
	bbox = (387.0000, 708.0000) - (390.0000, 711.0000) on Layer -
violation type: Vertical congestion
	srcs: net:u_impl/load_black_flat[1639] net:u_impl/load_black_flat[1924] net:u_impl/load_red_flat[1634] net:u_impl/n6210 net:net12658 net:net12757 net:net13054 net:net13250 net:net13502 net:net13820 net:net17883 net:net18421 net:net18620 net:net18671 net:net19581 net:net19607 net:net19608 net:net19770 net:net20076 net:net20501 net:net20581 net:net23386
	comment: capacity:21 usage:22 overflow:1
	bbox = (390.0000, 498.0000) - (393.0000, 501.0000) on Layer -
violation type: Vertical congestion
	srcs: net:u_impl/load_black_flat[1639] net:u_impl/load_black_flat[1924] net:u_impl/load_black_flat[1983] net:u_impl/load_black_flat[2206] net:u_impl/load_red_flat[1634] net:u_impl/n6210 net:u_impl/n760 net:net10261 net:net10862 net:net11950 net:net12757 net:net13789 net:net13820 net:net14021 net:net18620 net:net19581 net:net19607 net:net19608 net:net19736 net:net20150 net:net20581 net:net21382
	comment: capacity:21 usage:22 overflow:1
	bbox = (390.0000, 525.0000) - (393.0000, 528.0000) on Layer -
violation type: Vertical congestion
	srcs: net:u_impl/load_black_flat[1592] net:u_impl/load_black_flat[1639] net:u_impl/load_black_flat[1924] net:u_impl/load_black_flat[2206] net:u_impl/load_red_flat[1634] net:u_impl/n6210 net:net10261 net:net11912 net:net11950 net:net12757 net:net13789 net:net13820 net:net18620 net:net19419 net:net19581 net:net19607 net:net19608 net:net19733 net:net20317 net:net20332 net:net20581 net:net21382
	comment: capacity:21 usage:22 overflow:1
	bbox = (390.0000, 534.0000) - (393.0000, 537.0000) on Layer -
violation type: Vertical congestion
	srcs: net:u_impl/load_black_flat[2414] net:u_impl/load_black_flat[2496] net:u_impl/load_black_flat[2604] net:u_impl/load_black_flat[2644] net:u_impl/load_black_flat[2718] net:u_impl/n4464 net:u_impl/n5274 net:u_impl/n6176 net:u_impl/n683 net:net10787 net:net11953 net:net13092 net:net13202 net:net14060 net:net14955 net:net18647 net:net19055 net:net19064 net:net19101 net:net19193 net:net19209 net:net20368
	comment: capacity:21 usage:22 overflow:1
	bbox = (390.0000, 708.0000) - (393.0000, 711.0000) on Layer -
violation type: Vertical congestion
	srcs: net:u_impl/load_black_flat[2414] net:u_impl/load_black_flat[2496] net:u_impl/load_black_flat[2604] net:u_impl/load_black_flat[2644] net:u_impl/load_black_flat[2718] net:u_impl/n2085 net:u_impl/n4464 net:u_impl/n5274 net:u_impl/n6176 net:u_impl/n683 net:net10787 net:net11953 net:net13092 net:net14060 net:net14955 net:net19055 net:net19064 net:net19101 net:net19209 net:net19666 net:net20368 net:clknet_9_197_0_clk
	comment: capacity:21 usage:22 overflow:1
	bbox = (390.0000, 711.0000) - (393.0000, 714.0000) on Layer -
violation type: Vertical congestion
	srcs: net:u_impl/load_black_flat[2717] net:u_impl/load_red_flat[2202] net:u_impl/n298 net:u_impl/n3544 net:u_impl/n760 net:net8255 net:net9457 net:net10925 net:net11227 net:net12306 net:net12658 net:net13802 net:net15807 net:net15818 net:net18689 net:net19054 net:net19419 net:net19733 net:net20580 net:net23386
	comment: capacity:19 usage:20 overflow:1
	bbox = (393.0000, 516.0000) - (396.0000, 519.0000) on Layer -
violation type: Vertical congestion
	srcs: net:u_impl/load_black_flat[1311] net:u_impl/load_black_flat[2717] net:u_impl/load_red_flat[2202] net:u_impl/n5137 net:net5699 net:net8255 net:net10925 net:net11227 net:net11416 net:net12002 net:net12658 net:net14010 net:net15515 net:net18689 net:net19054 net:net19419 net:net19733 net:net20317 net:net20580 net:net23386
	comment: capacity:19 usage:20 overflow:1
	bbox = (393.0000, 525.0000) - (396.0000, 528.0000) on Layer -
violation type: Vertical congestion
	srcs: net:u_impl/load_black_flat[2547] net:u_impl/load_red_flat[2466] net:u_impl/red_valid_q[152] net:net9404 net:net11442 net:net13088 net:net13415 net:net13417 net:net13597 net:net13691 net:net14955 net:net16466 net:net16577 net:net16589 net:net18729 net:net19119 net:net19120 net:net19237 net:net19330 net:net20341
	comment: capacity:19 usage:20 overflow:1
	bbox = (393.0000, 705.0000) - (396.0000, 708.0000) on Layer -
violation type: Vertical congestion
	srcs: net:u_impl/load_black_flat[2547] net:u_impl/load_red_flat[2466] net:u_impl/n5644 net:u_impl/n7248 net:net8732 net:net9404 net:net11442 net:net12851 net:net13418 net:net13597 net:net15520 net:net16466 net:net16577 net:net16589 net:net18729 net:net19120 net:net19237 net:net19330 net:net20045 net:net20583
	comment: capacity:19 usage:20 overflow:1
	bbox = (393.0000, 711.0000) - (396.0000, 714.0000) on Layer -
violation type: Vertical congestion
	srcs: net:u_impl/load_black_flat[1257] net:u_impl/load_black_flat[1426] net:u_impl/n1442 net:u_impl/n6775 net:net3088 net:net8944 net:net10162 net:net10810 net:net12797 net:net13435 net:net15222 net:net15594 net:net15792 net:net15804 net:net19478 net:net19579 net:net19615 net:net19773 net:net20508 net:net20579 net:net21072 net:net22701
	comment: capacity:21 usage:22 overflow:1
	bbox = (399.0000, 510.0000) - (402.0000, 513.0000) on Layer -
violation type: Vertical congestion
	srcs: net:u_impl/load_black_flat[1605] net:u_impl/load_black_flat[2195] net:u_impl/load_red_flat[2019] net:u_impl/n2889 net:u_impl/n4869 net:net8945 net:net9059 net:net10709 net:net10812 net:net11473 net:net11946 net:net13554 net:net13844 net:net15594 net:net19352 net:net19577 net:net19587 net:net19727 net:net20054 net:net20587 net:net21414 net:net22701
	comment: capacity:21 usage:22 overflow:1
	bbox = (402.0000, 498.0000) - (405.0000, 501.0000) on Layer -
violation type: Vertical congestion
	srcs: net:u_impl/load_black_flat[1606] net:u_impl/load_red_flat[1321] net:u_impl/load_red_flat[1609] net:u_impl/load_red_flat[1790] net:u_impl/load_red_flat[2019] net:u_impl/u_core/g_row_13__g_col_7__u_pe/r_red_q[10] net:u_impl/u_core/g_row_13__g_col_7__u_pe/u_r_red/n37 net:net10328 net:net11457 net:net12361 net:net12662 net:net12897 net:net13193 net:net13964 net:net14900 net:net15179 net:net16657 net:net19645 net:net20098 net:net20556 net:net20805 net:net23270
	comment: capacity:21 usage:22 overflow:1
	bbox = (405.0000, 492.0000) - (408.0000, 495.0000) on Layer -
violation type: Vertical congestion
	srcs: net:u_impl/load_black_flat[2408] net:u_impl/load_black_flat[2409] net:u_impl/load_black_flat[2831] net:u_impl/load_red_flat[2225] net:u_impl/load_red_flat[2228] net:u_impl/load_red_flat[2229] net:u_impl/load_red_flat[2910] net:u_impl/n4900 net:u_impl/n5596 net:u_impl/n6119 net:net12747 net:net13347 net:net15180 net:net15307 net:net15335 net:net15629 net:net16576 net:net16792 net:net19159 net:net20071 net:net20328 net:net21771
	comment: capacity:21 usage:22 overflow:1
	bbox = (411.0000, 702.0000) - (414.0000, 705.0000) on Layer -
violation type: Vertical congestion
	srcs: net:u_impl/load_black_flat[1448] net:u_impl/load_black_flat[1592] net:u_impl/load_red_flat[2198] net:u_impl/n2415 net:net4721 net:net8763 net:net13028 net:net13065 net:net15380 net:net18699 net:net19416 net:net19420 net:net19593 net:net20432 net:net20452 net:net20586 net:net20924 net:net23111 net:net23124 net:clknet_6_13_0_clk
	comment: capacity:19 usage:20 overflow:1
	bbox = (414.0000, 498.0000) - (417.0000, 501.0000) on Layer -
violation type: Vertical congestion
	srcs: net:u_impl/load_black_flat[2559] net:u_impl/load_black_flat[2731] net:u_impl/load_black_flat[2906] net:u_impl/load_red_flat[2481] net:u_impl/load_red_flat[2825] net:u_impl/load_red_flat[2865] net:u_impl/n1012 net:u_impl/n3710 net:net5770 net:net10133 net:net11146 net:net12960 net:net13682 net:net14047 net:net15156 net:net16520 net:net18653 net:net19082 net:net19133 net:net21771
	comment: capacity:19 usage:20 overflow:1
	bbox = (414.0000, 708.0000) - (417.0000, 711.0000) on Layer -
violation type: Vertical congestion
	srcs: net:u_impl/load_black_flat[2559] net:u_impl/load_black_flat[2731] net:u_impl/load_black_flat[2906] net:u_impl/load_red_flat[2229] net:u_impl/load_red_flat[2233] net:u_impl/load_red_flat[2481] net:u_impl/load_red_flat[2825] net:u_impl/load_red_flat[2865] net:u_impl/n1012 net:u_impl/n3710 net:u_impl/n7279 net:net10133 net:net11146 net:net12747 net:net12960 net:net13682 net:net15156 net:net16521 net:net18647 net:net19082
	comment: capacity:19 usage:20 overflow:1
	bbox = (414.0000, 711.0000) - (417.0000, 714.0000) on Layer -
violation type: Vertical congestion
	srcs: net:u_impl/load_black_flat[2831] net:u_impl/load_red_flat[2232] net:u_impl/load_red_flat[2544] net:u_impl/load_red_flat[2657] net:u_impl/load_red_flat[2905] net:u_impl/n792 net:net11171 net:net11212 net:net11497 net:net12328 net:net12963 net:net13319 net:net13377 net:net14507 net:net15629 net:net19236 net:net19277 net:net19347 net:net21383 net:net21410
	comment: capacity:19 usage:20 overflow:1
	bbox = (417.0000, 708.0000) - (420.0000, 711.0000) on Layer -
violation type: Vertical congestion
	srcs: net:u_impl/load_red_flat[2237] net:u_impl/n1593 net:u_impl/n4653 net:u_impl/n6772 net:net1700 net:net4820 net:net8942 net:net11236 net:net11441 net:net11537 net:net12933 net:net12988 net:net13300 net:net14508 net:net19176 net:net19345 net:net20808 net:clknet_11_832__leaf_clk
	comment: capacity:17 usage:18 overflow:1
	bbox = (420.0000, 699.0000) - (423.0000, 702.0000) on Layer -
violation type: Vertical congestion
	srcs: net:u_impl/load_black_flat[1427] net:u_impl/load_black_flat[1450] net:u_impl/load_black_flat[1612] net:u_impl/load_red_flat[1807] net:u_impl/n951 net:u_impl/n983 net:u_impl/u_core/g_row_14__g_col_2__u_pe/r_red_q[12] net:u_impl/u_core/g_row_14__g_col_2__u_pe/u_r_red/n40 net:u_impl/u_core/g_row_14__g_col_2__u_pe/u_r_red/n8 net:net4358 net:net10084 net:net11194 net:net11243 net:net11381 net:net11533 net:net11540 net:net12928 net:net15864 net:net20075 net:net20147 net:net20211 net:net20576
	comment: capacity:21 usage:22 overflow:1
	bbox = (423.0000, 516.0000) - (426.0000, 519.0000) on Layer -
violation type: Vertical congestion
	srcs: net:u_impl/load_black_flat[2390] net:u_impl/load_black_flat[2490] net:u_impl/load_black_flat[3130] net:u_impl/load_red_flat[2437] net:u_impl/n968 net:net9052 net:net9410 net:net10158 net:net12139 net:net12762 net:net13000 net:net13165 net:net13388 net:net13493 net:net14946 net:net14961 net:net19218 net:net19258 net:net20330 net:net22166 net:net22749 net:clknet_11_832__leaf_clk
	comment: capacity:21 usage:22 overflow:1
	bbox = (423.0000, 684.0000) - (426.0000, 687.0000) on Layer -
violation type: Vertical congestion
	srcs: net:u_impl/load_black_flat[2390] net:u_impl/load_black_flat[2490] net:u_impl/load_black_flat[3130] net:u_impl/n4643 net:u_impl/n968 net:net9052 net:net9410 net:net10158 net:net12139 net:net12762 net:net13000 net:net13388 net:net13445 net:net18661 net:net19086 net:net19218 net:net19258 net:net20330 net:net22166 net:net22749 net:clknet_9_208_0_clk net:clknet_11_832__leaf_clk
	comment: capacity:21 usage:22 overflow:1
	bbox = (423.0000, 687.0000) - (426.0000, 690.0000) on Layer -
violation type: Vertical congestion
	srcs: net:u_impl/load_black_flat[2229] net:u_impl/load_black_flat[2390] net:u_impl/load_black_flat[3130] net:u_impl/n15002 net:u_impl/n3496 net:u_impl/n6772 net:u_impl/n968 net:net9673 net:net10158 net:net12139 net:net13424 net:net18652 net:net18731 net:net19086 net:net19218 net:net19258 net:net19660 net:net20330 net:net22166 net:net22749 net:clknet_9_208_0_clk net:clknet_11_833__leaf_clk
	comment: capacity:21 usage:22 overflow:1
	bbox = (423.0000, 702.0000) - (426.0000, 705.0000) on Layer -
violation type: Vertical congestion
	srcs: net:u_impl/load_black_flat[2390] net:u_impl/load_black_flat[3130] net:u_impl/load_red_flat[2237] net:u_impl/n3496 net:u_impl/n6260 net:u_impl/n968 net:net9673 net:net10158 net:net11441 net:net12139 net:net15307 net:net15895 net:net18652 net:net18731 net:net19086 net:net19218 net:net19258 net:net19427 net:net19433 net:net20330 net:net22749 net:net23200
	comment: capacity:21 usage:22 overflow:1
	bbox = (423.0000, 708.0000) - (426.0000, 711.0000) on Layer -
violation type: Vertical congestion
	srcs: net:u_impl/load_red_flat[2459] net:u_impl/load_red_flat[2667] net:u_impl/n1316 net:u_impl/n4183 net:u_impl/n4629 net:net9571 net:net11066 net:net11812 net:net11877 net:net13144 net:net13341 net:net14944 net:net14980 net:net18251 net:net18259 net:net18751 net:net19092 net:net19118 net:net20333 net:net20589 net:net21625 net:net22369
	comment: capacity:21 usage:22 overflow:1
	bbox = (426.0000, 678.0000) - (429.0000, 681.0000) on Layer -
violation type: Vertical congestion
	srcs: net:u_impl/load_black_flat[2228] net:u_impl/load_black_flat[2558] net:u_impl/load_red_flat[2344] net:u_impl/load_red_flat[2478] net:u_impl/load_red_flat[2821] net:u_impl/n4643 net:u_impl/n6772 net:net4820 net:net9399 net:net12762 net:net12879 net:net13144 net:net14015 net:net17603 net:net18233 net:net18576 net:net19092 net:net19118 net:net19281 net:net20327 net:net21873 net:net23199
	comment: capacity:21 usage:22 overflow:1
	bbox = (429.0000, 696.0000) - (432.0000, 699.0000) on Layer -
violation type: Vertical congestion
	srcs: net:u_impl/load_black_flat[2229] net:u_impl/load_red_flat[2344] net:u_impl/load_red_flat[2437] net:u_impl/load_red_flat[2574] net:u_impl/load_red_flat[2672] net:u_impl/n4017 net:u_impl/n4643 net:net7102 net:net7116 net:net7533 net:net12914 net:net13144 net:net13308 net:net13445 net:net18258 net:net19092 net:net19196 net:net19567 net:net19594 net:net20053 net:net20200
	comment: capacity:20 usage:21 overflow:1
	bbox = (432.0000, 702.0000) - (435.0000, 705.0000) on Layer -
violation type: Vertical congestion
	srcs: net:u_impl/load_black_flat[2481] net:u_impl/load_red_flat[2344] net:u_impl/load_red_flat[2728] net:u_impl/load_red_flat[2818] net:u_impl/load_red_flat[2822] net:net1653 net:net5527 net:net10680 net:net12400 net:net12879 net:net13145 net:net15640 net:net19092 net:net19118 net:net19262 net:net19340 net:net19487 net:net19567 net:net19594 net:net20278 net:clknet_11_833__leaf_clk
	comment: capacity:20 usage:21 overflow:1
	bbox = (435.0000, 708.0000) - (438.0000, 711.0000) on Layer -
violation type: Vertical congestion
	srcs: net:u_impl/load_black_flat[1447] net:u_impl/load_black_flat[1469] net:u_impl/load_black_flat[1944] net:u_impl/load_red_flat[1459] net:u_impl/load_red_flat[1981] net:net5653 net:net8188 net:net8774 net:net9503 net:net12723 net:net12928 net:net13866 net:net18669 net:net19351 net:net19457 net:net19685 net:net20075 net:net20358 net:net20538 net:net20541 net:net21218 net:net23144
	comment: capacity:21 usage:22 overflow:1
	bbox = (438.0000, 507.0000) - (441.0000, 510.0000) on Layer -
