Startpoint: u_impl/u_core/u_tcu/state_q_reg_0_
            (rising edge-triggered flip-flop clocked by core_clk)
Endpoint: u_impl/u_core/g_row_11__g_col_6__u_pe/u_sol/u_red_q_reg_15_
          (rising edge-triggered flip-flop clocked by core_clk)
Path Group: core_clk
Path Type: max

Fanout     Cap    Slew   Delay    Time   Description
-----------------------------------------------------------------------------
                          0.00    0.00   clock core_clk (rise edge)
                          0.51    0.51   clock network delay (propagated)
                  0.03    0.00    0.51 ^ u_impl/u_core/u_tcu/state_q_reg_0_/CP (DFCNQD1)
     4    0.01    0.03    0.05    0.56 v u_impl/u_core/u_tcu/state_q_reg_0_/Q (DFCNQD1)
                                         u_impl/u_core/u_tcu/state_q[0] (net)
                  0.03    0.00    0.56 v u_impl/u_core/u_tcu/U10/I (CKND1)
     7    0.01    0.03    0.05    0.61 ^ u_impl/u_core/u_tcu/U10/ZN (CKND1)
                                         u_impl/u_core/u_tcu/n159 (net)
                  0.03    0.00    0.61 ^ u_impl/u_core/u_tcu/U31/A2 (OR2D0)
     3    0.01    0.03    0.05    0.66 v u_impl/u_core/u_tcu/U31/Z (OR2D0)
                                         u_impl/u_core/u_tcu/n377 (net)
                  0.03    0.00    0.66 v u_impl/u_core/u_tcu/U19/I (INVD1)
    28    0.71    0.03    0.05    0.71 ^ u_impl/u_core/u_tcu/U19/ZN (INVD1)
                                         u_impl/u_core/run_en (net)
                  0.03    0.58    1.29 ^ u_impl/u_core/U30/I (BUFFD1)
    31    0.82    0.03    0.05    1.34 ^ u_impl/u_core/U30/Z (BUFFD1)
                                         u_impl/u_core/n797 (net)
                  0.03    0.94    2.28 ^ u_impl/u_core/g_row_11__g_col_6__u_pe/u_ctrl/U8/I (INVD0)
     2    0.00    0.03    0.05    2.33 v u_impl/u_core/g_row_11__g_col_6__u_pe/u_ctrl/U8/ZN (INVD0)
                                         u_impl/u_core/g_row_11__g_col_6__u_pe/u_ctrl/n8 (net)
                  0.03    0.00    2.33 v u_impl/u_core/g_row_11__g_col_6__u_pe/u_ctrl/U9/I (INVD0)
     8    0.05    0.03    0.05    2.38 ^ u_impl/u_core/g_row_11__g_col_6__u_pe/u_ctrl/U9/ZN (INVD0)
                                         u_impl/u_core/g_row_11__g_col_6__u_pe/shift_en (net)
                  0.03    0.00    2.38 ^ u_impl/u_core/g_row_11__g_col_6__u_pe/u_ctrl/U1/A2 (AOI22D0)
     1    0.00    0.03    0.05    2.43 v u_impl/u_core/g_row_11__g_col_6__u_pe/u_ctrl/U1/ZN (AOI22D0)
                                         u_impl/u_core/g_row_11__g_col_6__u_pe/read_black (net)
                  0.03    0.00    2.43 v u_impl/u_core/g_row_11__g_col_6__u_pe/U16/I (BUFFD1)
    19    0.04    0.03    0.05    2.48 v u_impl/u_core/g_row_11__g_col_6__u_pe/U16/Z (BUFFD1)
                                         u_impl/u_core/g_row_11__g_col_6__u_pe/n26 (net)
                  0.03    0.00    2.48 v u_impl/u_core/g_row_11__g_col_6__u_pe/U12/I (INVD0)
    12    0.02    0.03    0.05    2.53 ^ u_impl/u_core/g_row_11__g_col_6__u_pe/U12/ZN (INVD0)
                                         u_impl/u_core/g_row_11__g_col_6__u_pe/n25 (net)
                  0.03    0.00    2.53 ^ u_impl/u_core/g_row_11__g_col_6__u_pe/U26/A1 (CKND2D0)
     3    0.00    0.03    0.05    2.58 ^ u_impl/u_core/g_row_11__g_col_6__u_pe/U26/ZN (CKND2D0)
                                         u_impl/u_core/g_row_11__g_col_6__u_pe/n7 (net)
                  0.03    0.00    2.58 ^ u_impl/u_core/g_row_11__g_col_6__u_pe/U28/B1 (OAI222D0)
     2    0.00    0.03    0.05    2.63 v u_impl/u_core/g_row_11__g_col_6__u_pe/U28/ZN (OAI222D0)
                                         u_impl/u_core/g_row_11__g_col_6__u_pe/n37 (net)
                  0.03    0.00    2.63 v u_impl/u_core/g_row_11__g_col_6__u_pe/U29/B2 (OA22D0)
     1    0.00    0.03    0.05    2.68 v u_impl/u_core/g_row_11__g_col_6__u_pe/U29/Z (OA22D0)
                                         u_impl/u_core/g_row_11__g_col_6__u_pe/n2 (net)
                  0.03    0.00    2.68 v u_impl/u_core/g_row_11__g_col_6__u_pe/U30/A2 (CKND2D0)
     2    0.04    0.03    0.05    2.73 v u_impl/u_core/g_row_11__g_col_6__u_pe/U30/ZN (CKND2D0)
                                         u_impl/u_core/g_row_11__g_col_6__u_pe/read_value[0] (net)
                  0.03    0.01    2.74 v u_impl/u_core/g_row_11__g_col_6__u_pe/u_sol/U61/B (HA1D0)
     1    0.00    0.03    0.05    2.79 ^ u_impl/u_core/g_row_11__g_col_6__u_pe/u_sol/U61/CO (HA1D0)
                                         u_impl/u_core/g_row_11__g_col_6__u_pe/u_sol/n76 (net)
                  0.03    0.00    2.79 ^ u_impl/u_core/g_row_11__g_col_6__u_pe/u_sol/U64/CI (FA1D0)
     1    0.00    0.03    0.05    2.84 ^ u_impl/u_core/g_row_11__g_col_6__u_pe/u_sol/U64/CO (FA1D0)
                                         u_impl/u_core/g_row_11__g_col_6__u_pe/u_sol/n33 (net)
                  0.03    0.00    2.84 ^ u_impl/u_core/g_row_11__g_col_6__u_pe/u_sol/U9/CI (FA1D0)
     1    0.00    0.03    0.05    2.89 ^ u_impl/u_core/g_row_11__g_col_6__u_pe/u_sol/U9/CO (FA1D0)
                                         u_impl/u_core/g_row_11__g_col_6__u_pe/u_sol/n36 (net)
                  0.03    0.00    2.89 ^ u_impl/u_core/g_row_11__g_col_6__u_pe/u_sol/U13/CI (FA1D0)
     1    0.00    0.03    0.05    2.94 ^ u_impl/u_core/g_row_11__g_col_6__u_pe/u_sol/U13/CO (FA1D0)
                                         u_impl/u_core/g_row_11__g_col_6__u_pe/u_sol/n39 (net)
                  0.03    0.00    2.94 ^ u_impl/u_core/g_row_11__g_col_6__u_pe/u_sol/U17/CI (FA1D0)
     1    0.00    0.03    0.05    2.99 ^ u_impl/u_core/g_row_11__g_col_6__u_pe/u_sol/U17/CO (FA1D0)
                                         u_impl/u_core/g_row_11__g_col_6__u_pe/u_sol/n42 (net)
                  0.03    0.00    2.99 ^ u_impl/u_core/g_row_11__g_col_6__u_pe/u_sol/U21/CI (FA1D0)
     1    0.00    0.03    0.05    3.04 ^ u_impl/u_core/g_row_11__g_col_6__u_pe/u_sol/U21/CO (FA1D0)
                                         u_impl/u_core/g_row_11__g_col_6__u_pe/u_sol/n45 (net)
                  0.03    0.00    3.04 ^ u_impl/u_core/g_row_11__g_col_6__u_pe/u_sol/U25/CI (FA1D0)
     1    0.00    0.03    0.05    3.09 ^ u_impl/u_core/g_row_11__g_col_6__u_pe/u_sol/U25/CO (FA1D0)
                                         u_impl/u_core/g_row_11__g_col_6__u_pe/u_sol/n48 (net)
                  0.03    0.00    3.09 ^ u_impl/u_core/g_row_11__g_col_6__u_pe/u_sol/U29/CI (FA1D0)
     1    0.00    0.03    0.05    3.14 ^ u_impl/u_core/g_row_11__g_col_6__u_pe/u_sol/U29/CO (FA1D0)
                                         u_impl/u_core/g_row_11__g_col_6__u_pe/u_sol/n51 (net)
                  0.03    0.00    3.14 ^ u_impl/u_core/g_row_11__g_col_6__u_pe/u_sol/U33/CI (FA1D0)
     1    0.00    0.03    0.05    3.19 ^ u_impl/u_core/g_row_11__g_col_6__u_pe/u_sol/U33/CO (FA1D0)
                                         u_impl/u_core/g_row_11__g_col_6__u_pe/u_sol/n54 (net)
                  0.03    0.00    3.19 ^ u_impl/u_core/g_row_11__g_col_6__u_pe/u_sol/U37/CI (FA1D0)
     1    0.00    0.03    0.05    3.24 ^ u_impl/u_core/g_row_11__g_col_6__u_pe/u_sol/U37/CO (FA1D0)
                                         u_impl/u_core/g_row_11__g_col_6__u_pe/u_sol/n57 (net)
                  0.03    0.00    3.24 ^ u_impl/u_core/g_row_11__g_col_6__u_pe/u_sol/U41/CI (FA1D0)
     1    0.00    0.03    0.05    3.29 ^ u_impl/u_core/g_row_11__g_col_6__u_pe/u_sol/U41/CO (FA1D0)
                                         u_impl/u_core/g_row_11__g_col_6__u_pe/u_sol/n60 (net)
                  0.03    0.00    3.29 ^ u_impl/u_core/g_row_11__g_col_6__u_pe/u_sol/U45/CI (FA1D0)
     1    0.00    0.03    0.05    3.34 ^ u_impl/u_core/g_row_11__g_col_6__u_pe/u_sol/U45/CO (FA1D0)
                                         u_impl/u_core/g_row_11__g_col_6__u_pe/u_sol/n63 (net)
                  0.03    0.00    3.34 ^ u_impl/u_core/g_row_11__g_col_6__u_pe/u_sol/U49/CI (FA1D0)
     1    0.00    0.03    0.05    3.39 ^ u_impl/u_core/g_row_11__g_col_6__u_pe/u_sol/U49/CO (FA1D0)
                                         u_impl/u_core/g_row_11__g_col_6__u_pe/u_sol/n66 (net)
                  0.03    0.00    3.39 ^ u_impl/u_core/g_row_11__g_col_6__u_pe/u_sol/U53/CI (FA1D0)
     1    0.00    0.03    0.05    3.44 ^ u_impl/u_core/g_row_11__g_col_6__u_pe/u_sol/U53/CO (FA1D0)
                                         u_impl/u_core/g_row_11__g_col_6__u_pe/u_sol/n69 (net)
                  0.03    0.00    3.44 ^ u_impl/u_core/g_row_11__g_col_6__u_pe/u_sol/U57/CI (FA1D0)
     1    0.00    0.03    0.05    3.49 ^ u_impl/u_core/g_row_11__g_col_6__u_pe/u_sol/U57/CO (FA1D0)
                                         u_impl/u_core/g_row_11__g_col_6__u_pe/u_sol/n71 (net)
                  0.03    0.00    3.49 ^ u_impl/u_core/g_row_11__g_col_6__u_pe/u_sol/U58/A2 (XOR3D0)
     2    0.00    0.03    0.05    3.54 ^ u_impl/u_core/g_row_11__g_col_6__u_pe/u_sol/U58/Z (XOR3D0)
                                         u_impl/u_core/g_row_11__g_col_6__u_pe/u_sol/n73 (net)
                  0.03    0.00    3.54 ^ u_impl/u_core/g_row_11__g_col_6__u_pe/u_sol/U59/I0 (MUX2D0)
     1    0.00    0.03    0.05    3.59 ^ u_impl/u_core/g_row_11__g_col_6__u_pe/u_sol/U59/Z (MUX2D0)
                                         u_impl/u_core/g_row_11__g_col_6__u_pe/u_sol/d_red[15] (net)
                  0.03    0.00    3.59 ^ u_impl/u_core/g_row_11__g_col_6__u_pe/u_sol/u_red_q_reg_15_/D (EDFCNQD1)
                                  3.59   data arrival time

                         10.00   10.00   clock core_clk (rise edge)
                          0.50   10.50   clock network delay (propagated)
                         -0.20   10.30   clock uncertainty
                          0.00   10.30   clock reconvergence pessimism
                                 10.30 ^ u_impl/u_core/g_row_11__g_col_6__u_pe/u_sol/u_red_q_reg_15_/CP (EDFCNQD1)
                         -0.10   10.20   library setup time
                                 10.20   data required time
-----------------------------------------------------------------------------
                                 10.20   data required time
                                 -3.59   data arrival time
-----------------------------------------------------------------------------
                                  6.61   slack (MET)
