violation type: Horizontal congestion
	srcs: net:u_impl/load_red_flat[2463] net:u_impl/load_red_flat[2560] net:u_impl/load_red_flat[2718] net:u_impl/u_core/g_row_16__g_col_0__u_pe/u_r_red/n7 net:net3147 net:net4283 net:net5110 net:net7143 net:net9748 net:net19104 net:net19423 net:net19541 net:net19554 net:net20162 net:net20194 net:net20267
	comment: capacity:15 usage:16 overflow:1
	bbox = (303.0000, 564.0000) - (306.0000, 567.0000) on Layer -
violation type: Horizontal congestion
	srcs: net:u_impl/load_black_flat[2526] net:u_impl/load_red_flat[2534] net:u_impl/n2725 net:net10936 net:net13340 net:net14057 net:net15328 net:net15793 net:net16131 net:net19436 net:net20331 net:net20500 net:net20578
	comment: capacity:12 usage:13 overflow:1
	bbox = (303.0000, 675.0000) - (306.0000, 678.0000) on Layer -
violation type: Horizontal congestion
	srcs: net:u_impl/load_black_flat[1948] net:u_impl/load_black_flat[2461] net:u_impl/load_black_flat[2660] net:u_impl/load_red_flat[1777] net:u_impl/load_red_flat[2335] net:u_impl/u_core/g_row_16__g_col_0__u_pe/n32 net:u_impl/u_core/g_row_16__g_col_0__u_pe/r_red_q[9] net:net9264 net:net14350 net:net15302 net:net15455 net:net17235 net:net19305 net:net19358 net:net20287 net:net20552
	comment: capacity:15 usage:16 overflow:1
	bbox = (306.0000, 552.0000) - (309.0000, 555.0000) on Layer -
violation type: Horizontal congestion
	srcs: net:u_impl/load_black_flat[2516] net:u_impl/load_red_flat[1357] net:u_impl/load_red_flat[2455] net:u_impl/load_red_flat[2669] net:u_impl/load_red_flat[2710] net:u_impl/n11929 net:u_impl/n4120 net:u_impl/u_core/g_row_16__g_col_0__u_pe/n23 net:u_impl/u_core/g_row_16__g_col_0__u_pe/n25 net:u_impl/u_core/g_row_16__g_col_0__u_pe/n26 net:u_impl/u_core/g_row_16__g_col_0__u_pe/r_black_q[8] net:net14403 net:net23936
	comment: capacity:12 usage:13 overflow:1
	bbox = (306.0000, 555.0000) - (309.0000, 558.0000) on Layer -
violation type: Horizontal congestion
	srcs: net:u_impl/load_black_flat[2452] net:u_impl/load_black_flat[2489] net:u_impl/load_red_flat[2313] net:u_impl/load_red_flat[2450] net:u_impl/load_red_flat[2525] net:u_impl/u_core/g_row_16__g_col_0__u_pe/u_r_black/n9 net:net10854 net:net13907 net:net14975 net:net19256 net:net19315 net:net20219 net:net20403 net:net21156
	comment: capacity:13 usage:14 overflow:1
	bbox = (306.0000, 573.0000) - (309.0000, 576.0000) on Layer -
violation type: Horizontal congestion
	srcs: net:u_impl/load_black_flat[2261] net:u_impl/load_red_flat[1795] net:u_impl/load_red_flat[2615] net:u_impl/n15034 net:u_impl/n3322 net:u_impl/n629 net:u_impl/n6726 net:net1696 net:net11106 net:net16658 net:net19290 net:net19554 net:clknet_11_597__leaf_clk
	comment: capacity:12 usage:13 overflow:1
	bbox = (312.0000, 594.0000) - (315.0000, 597.0000) on Layer -
violation type: Horizontal congestion
	srcs: net:u_impl/load_black_flat[2420] net:u_impl/load_black_flat[2526] net:u_impl/n6740 net:net8175 net:net11490 net:net12409 net:net12959 net:net14057 net:net14744 net:net16131 net:net18143 net:net19436 net:net20500
	comment: capacity:12 usage:13 overflow:1
	bbox = (312.0000, 675.0000) - (315.0000, 678.0000) on Layer -
violation type: Horizontal congestion
	srcs: net:u_impl/load_black_flat[2568] net:u_impl/load_red_flat[1783] net:u_impl/load_red_flat[2730] net:u_impl/n1456 net:u_impl/n2107 net:u_impl/u_core/tx[146] net:net3139 net:net4922 net:net9906 net:net10106 net:net11743 net:net15230 net:net16561 net:net18436 net:net19531 net:net20342
	comment: capacity:15 usage:16 overflow:1
	bbox = (315.0000, 531.0000) - (318.0000, 534.0000) on Layer -
violation type: Horizontal congestion
	srcs: net:u_impl/load_black_flat[2021] net:u_impl/load_black_flat[2571] net:u_impl/load_red_flat[2334] net:u_impl/n2109 net:net11563 net:net13158 net:net13758 net:net13795 net:net13927 net:net19129 net:net19177 net:net20264 net:net20314 net:net20497 net:clknet_6_7_0_clk net:clknet_11_252__leaf_clk
	comment: capacity:15 usage:16 overflow:1
	bbox = (315.0000, 537.0000) - (318.0000, 540.0000) on Layer -
violation type: Horizontal congestion
	srcs: net:u_impl/load_black_flat[2176] net:u_impl/load_black_flat[2524] net:u_impl/load_red_flat[1966] net:u_impl/load_red_flat[2446] net:u_impl/load_red_flat[2455] net:u_impl/load_red_flat[2461] net:u_impl/load_red_flat[2563] net:net1495 net:net12884 net:net13614 net:net15856 net:net18137 net:net18138 net:net19213 net:net19500 net:net20351
	comment: capacity:15 usage:16 overflow:1
	bbox = (315.0000, 558.0000) - (318.0000, 561.0000) on Layer -
violation type: Horizontal congestion
	srcs: net:u_impl/load_black_flat[2451] net:u_impl/load_red_flat[1795] net:u_impl/load_red_flat[2615] net:u_impl/n15337 net:u_impl/n3322 net:u_impl/n629 net:u_impl/n6726 net:net1696 net:net16658 net:net19290 net:net19554 net:net23049 net:clknet_11_597__leaf_clk
	comment: capacity:12 usage:13 overflow:1
	bbox = (315.0000, 594.0000) - (318.0000, 597.0000) on Layer -
violation type: Horizontal congestion
	srcs: net:u_impl/load_black_flat[2473] net:u_impl/load_black_flat[2521] net:u_impl/load_black_flat[2532] net:u_impl/load_red_flat[2530] net:net8034 net:net11077 net:net11489 net:net12358 net:net13340 net:net15234 net:net15480 net:net17692 net:net19338 net:net19370 net:net19467 net:net20496
	comment: capacity:15 usage:16 overflow:1
	bbox = (315.0000, 669.0000) - (318.0000, 672.0000) on Layer -
violation type: Horizontal congestion
	srcs: net:u_impl/load_black_flat[2527] net:u_impl/load_black_flat[2529] net:u_impl/load_red_flat[2623] net:u_impl/n2274 net:u_impl/n5230 net:u_impl/n6214 net:net3091 net:net9237 net:net9552 net:net11490 net:net12959 net:net15328 net:net15857 net:net16741 net:net20437 net:net20463
	comment: capacity:15 usage:16 overflow:1
	bbox = (315.0000, 672.0000) - (318.0000, 675.0000) on Layer -
violation type: Horizontal congestion
	srcs: net:u_impl/load_black_flat[2324] net:u_impl/load_black_flat[2574] net:u_impl/n2671 net:net9172 net:net9835 net:net11485 net:net12374 net:net12672 net:net12733 net:net14078 net:net17827 net:net19110 net:net19539 net:net20355
	comment: capacity:13 usage:14 overflow:1
	bbox = (318.0000, 516.0000) - (321.0000, 519.0000) on Layer -
violation type: Horizontal congestion
	srcs: net:u_impl/load_black_flat[2451] net:u_impl/load_red_flat[1795] net:u_impl/n3322 net:u_impl/n629 net:u_impl/n6727 net:net15765 net:net16658 net:net18627 net:net19108 net:net19290 net:net19554 net:net21403 net:net23049
	comment: capacity:12 usage:13 overflow:1
	bbox = (318.0000, 594.0000) - (321.0000, 597.0000) on Layer -
violation type: Horizontal congestion
	srcs: net:u_impl/load_black_flat[2473] net:u_impl/load_black_flat[2521] net:u_impl/load_black_flat[2532] net:net8034 net:net9552 net:net11433 net:net12358 net:net13340 net:net15234 net:net15480 net:net17692 net:net19329 net:net19338 net:net19370 net:net19467 net:net20496
	comment: capacity:15 usage:16 overflow:1
	bbox = (318.0000, 669.0000) - (321.0000, 672.0000) on Layer -
violation type: Horizontal congestion
	srcs: net:u_impl/load_black_flat[2506] net:u_impl/load_black_flat[2527] net:u_impl/load_black_flat[2529] net:u_impl/load_red_flat[2623] net:u_impl/n2274 net:u_impl/n5230 net:u_impl/n6214 net:net3091 net:net9237 net:net12409 net:net12959 net:net13443 net:net15328 net:net16741 net:net20437 net:net20463
	comment: capacity:15 usage:16 overflow:1
	bbox = (318.0000, 672.0000) - (321.0000, 675.0000) on Layer -
violation type: Horizontal congestion
	srcs: net:u_impl/load_red_flat[2331] net:u_impl/load_red_flat[2528] net:u_impl/load_red_flat[2719] net:u_impl/n1775 net:net4649 net:net8607 net:net9598 net:net10957 net:net11000 net:net11486 net:net15610 net:net17824 net:clknet_11_252__leaf_clk
	comment: capacity:12 usage:13 overflow:1
	bbox = (321.0000, 534.0000) - (324.0000, 537.0000) on Layer -
violation type: Horizontal congestion
	srcs: net:u_impl/load_black_flat[2568] net:u_impl/load_black_flat[2571] net:u_impl/load_red_flat[2016] net:u_impl/load_red_flat[2326] net:u_impl/load_red_flat[2334] net:u_impl/load_red_flat[2730] net:u_impl/n2107 net:u_impl/n2109 net:net11563 net:net13795 net:net13927 net:net15330 net:net19129 net:net19177 net:net20264 net:net20314
	comment: capacity:15 usage:16 overflow:1
	bbox = (321.0000, 537.0000) - (324.0000, 540.0000) on Layer -
violation type: Horizontal congestion
	srcs: net:u_impl/load_black_flat[2562] net:u_impl/load_black_flat[2570] net:u_impl/load_black_flat[2660] net:u_impl/load_red_flat[2325] net:u_impl/load_red_flat[2442] net:net11741 net:net13897 net:net15280 net:net20211 net:net22157
	comment: capacity:9 usage:10 overflow:1
	bbox = (321.0000, 540.0000) - (324.0000, 543.0000) on Layer -
violation type: Horizontal congestion
	srcs: net:u_impl/load_black_flat[1807] net:u_impl/load_black_flat[2728] net:u_impl/load_red_flat[2335] net:u_impl/load_red_flat[2416] net:u_impl/n1289 net:u_impl/n6122 net:net3065 net:net9931 net:net10036 net:net11693 net:net19275 net:net19280 net:net19350 net:net19468 net:net19527 net:net20497
	comment: capacity:15 usage:16 overflow:1
	bbox = (321.0000, 549.0000) - (324.0000, 552.0000) on Layer -
violation type: Horizontal congestion
	srcs: net:u_impl/load_black_flat[2431] net:u_impl/load_red_flat[2313] net:u_impl/n2151 net:net4775 net:net5267 net:net8855 net:net9747 net:net10482 net:net11428 net:net11593 net:net12778 net:net12847 net:net13438 net:net19180 net:net20593 net:net22747
	comment: capacity:15 usage:16 overflow:1
	bbox = (321.0000, 585.0000) - (324.0000, 588.0000) on Layer -
violation type: Horizontal congestion
	srcs: net:u_impl/load_red_flat[1782] net:u_impl/load_red_flat[2471] net:u_impl/load_red_flat[2615] net:u_impl/load_red_flat[2668] net:u_impl/n6726 net:net9622 net:net11294 net:net13125 net:net14080 net:net15329 net:net16790 net:net19520 net:net20336 net:net20517 net:net22894 net:net23366
	comment: capacity:15 usage:16 overflow:1
	bbox = (321.0000, 591.0000) - (324.0000, 594.0000) on Layer -
violation type: Horizontal congestion
	srcs: net:u_impl/load_black_flat[2421] net:u_impl/load_black_flat[2710] net:u_impl/load_red_flat[2269] net:u_impl/n3059 net:u_impl/n4314 net:net3614 net:net5555 net:net8801 net:net8816 net:net11027 net:net13678 net:net19166 net:net19212 net:net19411 net:net20279 net:net20807
	comment: capacity:15 usage:16 overflow:1
	bbox = (321.0000, 624.0000) - (324.0000, 627.0000) on Layer -
violation type: Horizontal congestion
	srcs: net:u_impl/load_black_flat[2184] net:u_impl/load_black_flat[2519] net:u_impl/n1090 net:u_impl/n4333 net:net11178 net:net12998 net:net13491 net:net13886 net:net14062 net:net15239 net:net15541 net:net16725 net:net19674 net:net20170 net:net20192 net:net21726
	comment: capacity:15 usage:16 overflow:1
	bbox = (321.0000, 630.0000) - (324.0000, 633.0000) on Layer -
violation type: Horizontal congestion
	srcs: net:u_impl/load_black_flat[2449] net:u_impl/load_red_flat[2260] net:u_impl/load_red_flat[2460] net:u_impl/load_red_flat[2740] net:u_impl/n1135 net:u_impl/n1944 net:u_impl/n2313 net:u_impl/n488 net:net6112 net:net11564 net:net11798 net:net12021 net:net14926 net:net19282 net:net19329 net:net20482
	comment: capacity:15 usage:16 overflow:1
	bbox = (321.0000, 639.0000) - (324.0000, 642.0000) on Layer -
violation type: Horizontal congestion
	srcs: net:u_impl/load_black_flat[2441] net:u_impl/load_black_flat[2445] net:u_impl/load_black_flat[2446] net:u_impl/load_black_flat[2530] net:u_impl/load_red_flat[2686] net:u_impl/n15206 net:u_impl/n3360 net:u_impl/n4043 net:net5556 net:net11088 net:net11259 net:net11496 net:net15328 net:net15602 net:net19447 net:net20433
	comment: capacity:15 usage:16 overflow:1
	bbox = (321.0000, 657.0000) - (324.0000, 660.0000) on Layer -
violation type: Horizontal congestion
	srcs: net:u_impl/load_black_flat[2506] net:u_impl/load_black_flat[2527] net:u_impl/load_red_flat[2623] net:u_impl/n2274 net:u_impl/n5230 net:u_impl/n6214 net:net3091 net:net9237 net:net11490 net:net12959 net:net13443 net:net15857 net:net16741 net:net19338 net:net20437 net:net20463
	comment: capacity:15 usage:16 overflow:1
	bbox = (321.0000, 672.0000) - (324.0000, 675.0000) on Layer -
violation type: Horizontal congestion
	srcs: net:u_impl/load_red_flat[2327] net:u_impl/load_red_flat[2488] net:u_impl/n4138 net:u_impl/n5578 net:u_impl/n6736 net:net5700 net:net9316 net:net9466 net:net11361 net:net12882 net:net13669 net:net13750 net:net19547 net:net19623
	comment: capacity:13 usage:14 overflow:1
	bbox = (321.0000, 693.0000) - (324.0000, 696.0000) on Layer -
violation type: Horizontal congestion
	srcs: net:u_impl/load_black_flat[2322] net:u_impl/load_red_flat[1820] net:u_impl/load_red_flat[2323] net:u_impl/n2671 net:net10996 net:net12672 net:net13096 net:net14079 net:net16227 net:net16339 net:net17846 net:net18574 net:net19165 net:net20302 net:net20417 net:net20507
	comment: capacity:15 usage:16 overflow:1
	bbox = (324.0000, 519.0000) - (327.0000, 522.0000) on Layer -
violation type: Horizontal congestion
	srcs: net:u_impl/load_black_flat[2562] net:u_impl/load_black_flat[2570] net:u_impl/load_red_flat[2325] net:u_impl/load_red_flat[2442] net:u_impl/load_red_flat[2730] net:net4922 net:net8645 net:net11741 net:net15280 net:net19129
	comment: capacity:9 usage:10 overflow:1
	bbox = (324.0000, 540.0000) - (327.0000, 543.0000) on Layer -
violation type: Horizontal congestion
	srcs: net:u_impl/load_black_flat[2021] net:u_impl/load_black_flat[2561] net:u_impl/load_black_flat[2567] net:u_impl/load_red_flat[2330] net:u_impl/load_red_flat[2706] net:u_impl/u_core/g_row_16__g_col_0__u_pe/r_black_q[7] net:net3668 net:net8713 net:net10106 net:net11984 net:net12013 net:net18035 net:net19093 net:net19318 net:net22009 net:clknet_11_252__leaf_clk
	comment: capacity:15 usage:16 overflow:1
	bbox = (324.0000, 546.0000) - (327.0000, 549.0000) on Layer -
violation type: Horizontal congestion
	srcs: net:u_impl/load_red_flat[2463] net:u_impl/load_red_flat[2560] net:u_impl/u_core/g_row_16__g_col_0__u_pe/r_black_q[4] net:net1495 net:net9615 net:net10268 net:net10656 net:net14072 net:net14350 net:net19331 net:net19417 net:net19500 net:net20223 net:net20301 net:net20335 net:net20351
	comment: capacity:15 usage:16 overflow:1
	bbox = (324.0000, 561.0000) - (327.0000, 564.0000) on Layer -
violation type: Horizontal congestion
	srcs: net:u_impl/load_black_flat[2176] net:u_impl/load_red_flat[1813] net:u_impl/load_red_flat[2457] net:u_impl/u_core/g_row_16__g_col_0__u_pe/r_red_q[6] net:net4369 net:net8757 net:net10985 net:net12015 net:net15547 net:net18081 net:net19403 net:net20234 net:net23935
	comment: capacity:12 usage:13 overflow:1
	bbox = (324.0000, 579.0000) - (327.0000, 582.0000) on Layer -
violation type: Horizontal congestion
	srcs: net:u_impl/load_black_flat[2451] net:u_impl/load_red_flat[1795] net:u_impl/load_red_flat[2492] net:u_impl/n2715 net:u_impl/n3322 net:u_impl/n629 net:u_impl/n6727 net:net7570 net:net15765 net:net16658 net:net18627 net:net19108 net:net19290
	comment: capacity:12 usage:13 overflow:1
	bbox = (324.0000, 594.0000) - (327.0000, 597.0000) on Layer -
violation type: Horizontal congestion
	srcs: net:u_impl/load_black_flat[2256] net:u_impl/load_black_flat[2267] net:u_impl/load_red_flat[1782] net:u_impl/load_red_flat[2423] net:u_impl/n6247 net:net9622 net:net11293 net:net11841 net:net13655 net:net15500 net:net16562 net:net19046 net:net19489 net:net20279 net:net20403 net:net22368
	comment: capacity:15 usage:16 overflow:1
	bbox = (324.0000, 600.0000) - (327.0000, 603.0000) on Layer -
violation type: Horizontal congestion
	srcs: net:u_impl/load_black_flat[1832] net:u_impl/load_black_flat[1940] net:u_impl/load_black_flat[1959] net:u_impl/load_black_flat[2270] net:u_impl/load_black_flat[2430] net:u_impl/load_black_flat[2599] net:u_impl/load_black_flat[2602] net:u_impl/load_red_flat[2475] net:u_impl/n3822 net:net13794 net:net14058 net:net15024 net:net19217 net:net19522 net:net19766 net:net20551
	comment: capacity:15 usage:16 overflow:1
	bbox = (324.0000, 609.0000) - (327.0000, 612.0000) on Layer -
violation type: Horizontal congestion
	srcs: net:u_impl/load_black_flat[2710] net:u_impl/load_red_flat[1791] net:u_impl/load_red_flat[2431] net:u_impl/n3663 net:u_impl/n5308 net:net6714 net:net10193 net:net11069 net:net11548 net:net11617 net:net15838 net:net16725 net:net19166 net:net19201 net:net19515 net:net20177
	comment: capacity:15 usage:16 overflow:1
	bbox = (324.0000, 627.0000) - (327.0000, 630.0000) on Layer -
violation type: Horizontal congestion
	srcs: net:u_impl/load_black_flat[2420] net:u_impl/load_black_flat[2526] net:u_impl/load_red_flat[2495] net:u_impl/load_red_flat[2602] net:u_impl/n6243 net:net10717 net:net12358 net:net13930 net:net14057 net:net14744 net:net19436 net:net20500 net:net22939
	comment: capacity:12 usage:13 overflow:1
	bbox = (324.0000, 675.0000) - (327.0000, 678.0000) on Layer -
violation type: Horizontal congestion
	srcs: net:u_impl/load_black_flat[2176] net:u_impl/load_red_flat[1813] net:u_impl/load_red_flat[2457] net:u_impl/n4651 net:net4369 net:net8757 net:net9400 net:net10985 net:net12015 net:net15547 net:net18081 net:net19403 net:net20234
	comment: capacity:12 usage:13 overflow:1
	bbox = (327.0000, 579.0000) - (330.0000, 582.0000) on Layer -
violation type: Horizontal congestion
	srcs: net:u_impl/load_black_flat[2227] net:u_impl/load_black_flat[2330] net:u_impl/load_black_flat[2573] net:u_impl/load_red_flat[2182] net:u_impl/load_red_flat[2534] net:u_impl/load_red_flat[2598] net:net9622 net:net9653 net:net10435 net:net12705 net:net12941 net:net19470 net:net19489 net:net20279 net:net20552 net:net22975
	comment: capacity:15 usage:16 overflow:1
	bbox = (327.0000, 597.0000) - (330.0000, 600.0000) on Layer -
violation type: Horizontal congestion
	srcs: net:u_impl/load_red_flat[2247] net:u_impl/load_red_flat[2484] net:u_impl/n3667 net:net7832 net:net10366 net:net11801 net:net12373 net:net15550 net:net19163 net:net20450 net:net21108 net:net21270 net:net22699 net:net24367
	comment: capacity:13 usage:14 overflow:1
	bbox = (327.0000, 696.0000) - (330.0000, 699.0000) on Layer -
violation type: Horizontal congestion
	srcs: net:u_impl/load_red_flat[2323] net:u_impl/n1925 net:u_impl/n2671 net:net10218 net:net10996 net:net12672 net:net13096 net:net14009 net:net14079 net:net16227 net:net16339 net:net17846 net:net19165 net:net20302 net:net20417 net:net20507
	comment: capacity:15 usage:16 overflow:1
	bbox = (330.0000, 519.0000) - (333.0000, 522.0000) on Layer -
violation type: Horizontal congestion
	srcs: net:u_impl/load_black_flat[2561] net:u_impl/load_black_flat[2567] net:u_impl/load_red_flat[1302] net:u_impl/load_red_flat[2330] net:u_impl/load_red_flat[2706] net:net8713 net:net10106 net:net11984 net:net12013 net:net14026 net:net15330 net:net19079 net:net19093 net:net19318 net:net22009 net:clknet_11_252__leaf_clk
	comment: capacity:15 usage:16 overflow:1
	bbox = (330.0000, 546.0000) - (333.0000, 549.0000) on Layer -
violation type: Horizontal congestion
	srcs: net:u_impl/load_black_flat[1957] net:u_impl/load_black_flat[2569] net:u_impl/load_red_flat[2455] net:u_impl/load_red_flat[2463] net:u_impl/load_red_flat[2560] net:u_impl/n5077 net:net10656 net:net10956 net:net11365 net:net14349 net:net19331 net:net19417 net:net19500 net:net20301 net:net20335 net:net20351
	comment: capacity:15 usage:16 overflow:1
	bbox = (330.0000, 561.0000) - (333.0000, 564.0000) on Layer -
violation type: Horizontal congestion
	srcs: net:u_impl/load_black_flat[2227] net:u_impl/load_black_flat[2330] net:u_impl/load_black_flat[2531] net:u_impl/load_black_flat[2573] net:u_impl/load_red_flat[2182] net:u_impl/load_red_flat[2534] net:u_impl/load_red_flat[2598] net:net9653 net:net10435 net:net12705 net:net12941 net:net13830 net:net19470 net:net20279 net:net20552 net:net22974
	comment: capacity:15 usage:16 overflow:1
	bbox = (330.0000, 597.0000) - (333.0000, 600.0000) on Layer -
violation type: Horizontal congestion
	srcs: net:u_impl/load_black_flat[1776] net:u_impl/load_black_flat[1832] net:u_impl/load_black_flat[1927] net:u_impl/load_red_flat[1782] net:net9534 net:net12867 net:net13426 net:net13689 net:net15004 net:net16764 net:net19336 net:net19688 net:net20807 net:net22894
	comment: capacity:13 usage:14 overflow:1
	bbox = (330.0000, 618.0000) - (333.0000, 621.0000) on Layer -
violation type: Horizontal congestion
	srcs: net:u_impl/load_black_flat[2188] net:u_impl/load_black_flat[2441] net:u_impl/load_black_flat[2445] net:u_impl/n4043 net:u_impl/n625 net:u_impl/n626 net:net5556 net:net11496 net:net12353 net:net13862 net:net13901 net:net15328 net:net15352 net:net15602 net:net15786 net:net20331
	comment: capacity:15 usage:16 overflow:1
	bbox = (330.0000, 657.0000) - (333.0000, 660.0000) on Layer -
violation type: Horizontal congestion
	srcs: net:u_impl/load_black_flat[2542] net:u_impl/load_black_flat[2601] net:u_impl/load_red_flat[2537] net:u_impl/n5830 net:net8096 net:net11093 net:net11767 net:net12979 net:net13669 net:net13990 net:net15125 net:net15768 net:net19551 net:net19609 net:net19623 net:net20455
	comment: capacity:15 usage:16 overflow:1
	bbox = (330.0000, 690.0000) - (333.0000, 693.0000) on Layer -
violation type: Horizontal congestion
	srcs: net:u_impl/load_black_flat[2562] net:u_impl/load_red_flat[2325] net:u_impl/load_red_flat[2442] net:u_impl/load_red_flat[2730] net:net8607 net:net10827 net:net11741 net:net13795 net:net15280 net:net19364
	comment: capacity:9 usage:10 overflow:1
	bbox = (333.0000, 540.0000) - (336.0000, 543.0000) on Layer -
violation type: Horizontal congestion
	srcs: net:u_impl/load_red_flat[2323] net:u_impl/n1925 net:u_impl/n2671 net:u_impl/n6759 net:net11150 net:net12360 net:net12672 net:net13097 net:net14009 net:net15221 net:net16227 net:net16339 net:net17846 net:net19165 net:net20507 net:net22624
	comment: capacity:15 usage:16 overflow:1
	bbox = (336.0000, 519.0000) - (339.0000, 522.0000) on Layer -
violation type: Horizontal congestion
	srcs: net:u_impl/n3140 net:u_impl/n3152 net:net7832 net:net9316 net:net10910 net:net10929 net:net12373 net:net12394 net:net12709 net:net13135 net:net13669 net:net13982 net:net14085 net:net14945
	comment: capacity:13 usage:14 overflow:1
	bbox = (342.0000, 693.0000) - (345.0000, 696.0000) on Layer -
violation type: Horizontal congestion
	srcs: net:u_impl/load_black_flat[2226] net:u_impl/load_black_flat[2482] net:u_impl/n6176 net:net7726 net:net7831 net:net11287 net:net13090 net:net13671 net:net13990 net:net14090 net:net15824 net:net16743 net:net19661 net:net23312
	comment: capacity:13 usage:14 overflow:1
	bbox = (378.0000, 693.0000) - (381.0000, 696.0000) on Layer -
violation type: Horizontal congestion
	srcs: net:u_impl/load_black_flat[1250] net:u_impl/load_black_flat[1455] net:u_impl/load_black_flat[2286] net:u_impl/load_red_flat[1977] net:u_impl/load_red_flat[2223] net:u_impl/load_red_flat[2331] net:u_impl/n2742 net:net3064 net:net7917 net:net14925 net:net19351 net:net23196 net:clknet_9_107_0_clk
	comment: capacity:12 usage:13 overflow:1
	bbox = (408.0000, 534.0000) - (411.0000, 537.0000) on Layer -
violation type: Horizontal congestion
	srcs: net:u_impl/load_black_flat[1156] net:u_impl/load_black_flat[2906] net:u_impl/load_red_flat[1162] net:u_impl/n967 net:net3030 net:net5527 net:net10877 net:net11100 net:net12368 net:net14928 net:net14961 net:net15781 net:net16693 net:net19086 net:net21074 net:net23134
	comment: capacity:15 usage:16 overflow:1
	bbox = (414.0000, 681.0000) - (417.0000, 684.0000) on Layer -
violation type: Horizontal congestion
	srcs: net:u_impl/load_red_flat[2356] net:u_impl/load_red_flat[2363] net:u_impl/n2421 net:u_impl/n2422 net:u_impl/n254 net:net1498 net:net6635 net:net8279 net:net9410 net:net11258 net:net12335 net:net13105 net:net14059 net:net15101 net:net16743 net:net19655
	comment: capacity:15 usage:16 overflow:1
	bbox = (417.0000, 666.0000) - (420.0000, 669.0000) on Layer -
violation type: Horizontal congestion
	srcs: net:u_impl/load_black_flat[1167] net:u_impl/n2005 net:u_impl/n2737 net:u_impl/n4629 net:net11145 net:net12377 net:net12988 net:net13147 net:net13842 net:net16375 net:net16609 net:net18751 net:net19730
	comment: capacity:12 usage:13 overflow:1
	bbox = (420.0000, 675.0000) - (423.0000, 678.0000) on Layer -
violation type: Horizontal congestion
	srcs: net:u_impl/load_black_flat[2183] net:u_impl/load_red_flat[2303] net:u_impl/n3664 net:u_impl/n3729 net:u_impl/n3858 net:u_impl/n3861 net:u_impl/n4785 net:net5771 net:net6007 net:net6128 net:net9776 net:net10731 net:net11125 net:net13753 net:net15787 net:net19731
	comment: capacity:15 usage:16 overflow:1
	bbox = (423.0000, 609.0000) - (426.0000, 612.0000) on Layer -
violation type: Horizontal congestion
	srcs: net:u_impl/load_black_flat[2208] net:u_impl/load_red_flat[1968] net:u_impl/load_red_flat[2235] net:u_impl/load_red_flat[2267] net:u_impl/load_red_flat[2296] net:u_impl/n4805 net:u_impl/n7271 net:net6140 net:net7482 net:net8569 net:net13505 net:net15433 net:net17866 net:net18765
	comment: capacity:13 usage:14 overflow:1
	bbox = (423.0000, 618.0000) - (426.0000, 621.0000) on Layer -
violation type: Horizontal congestion
	srcs: net:u_impl/load_black_flat[1175] net:u_impl/load_black_flat[1356] net:u_impl/n2316 net:u_impl/n6129 net:net5256 net:net5801 net:net6656 net:net6743 net:net6816 net:net7841 net:net9505 net:net9834 net:net14965 net:net20118
	comment: capacity:13 usage:14 overflow:1
	bbox = (423.0000, 633.0000) - (426.0000, 636.0000) on Layer -
violation type: Horizontal congestion
	srcs: net:u_impl/load_black_flat[1347] net:u_impl/load_red_flat[2324] net:u_impl/n475 net:u_impl/n5312 net:u_impl/n696 net:net6110 net:net6178 net:net6716 net:net8206 net:net8225 net:net8826 net:net13980 net:net14962 net:net15835 net:net15859 net:net22368
	comment: capacity:15 usage:16 overflow:1
	bbox = (423.0000, 639.0000) - (426.0000, 642.0000) on Layer -
violation type: Horizontal congestion
	srcs: net:u_impl/load_red_flat[1164] net:u_impl/load_red_flat[2824] net:u_impl/n4150 net:u_impl/n4444 net:u_impl/n5234 net:net5432 net:net6599 net:net11083 net:net11252 net:net11493 net:net11744 net:net11882 net:net14956
	comment: capacity:12 usage:13 overflow:1
	bbox = (423.0000, 654.0000) - (426.0000, 657.0000) on Layer -
violation type: Horizontal congestion
	srcs: net:u_impl/load_red_flat[2459] net:u_impl/n2489 net:u_impl/n4056 net:u_impl/n4144 net:u_impl/n4184 net:u_impl/n4515 net:net11258 net:net12674 net:net12789 net:net13665 net:net13806 net:net15101 net:net15570 net:net15639 net:net18114 net:net23199
	comment: capacity:15 usage:16 overflow:1
	bbox = (423.0000, 663.0000) - (426.0000, 666.0000) on Layer -
violation type: Horizontal congestion
	srcs: net:u_impl/load_black_flat[1155] net:u_impl/n4865 net:u_impl/n5838 net:u_impl/n6092 net:u_impl/n942 net:net5527 net:net7383 net:net12377 net:net13493 net:net14946 net:net18251 net:net18661 net:net19669 net:net19761 net:net20584 net:net23272
	comment: capacity:15 usage:16 overflow:1
	bbox = (423.0000, 687.0000) - (426.0000, 690.0000) on Layer -
violation type: Horizontal congestion
	srcs: net:u_impl/load_black_flat[2228] net:u_impl/load_black_flat[2893] net:u_impl/n15003 net:u_impl/n608 net:u_impl/n6772 net:net7419 net:net16576 net:net18680 net:net19553 net:net19594 net:net20411 net:net21848 net:net22370 net:clknet_9_208_0_clk
	comment: capacity:12 usage:14 overflow:2
	bbox = (423.0000, 699.0000) - (426.0000, 702.0000) on Layer -
violation type: Horizontal congestion
	srcs: net:u_impl/load_black_flat[1612] net:u_impl/load_black_flat[1983] net:u_impl/load_red_flat[1303] net:u_impl/load_red_flat[1310] net:u_impl/load_red_flat[2275] net:u_impl/u_core/g_row_14__g_col_2__u_pe/r_red_q[0] net:u_impl/u_core/g_row_14__g_col_2__u_pe/r_red_q[1] net:u_impl/u_core/g_row_14__g_col_2__u_pe/u_r_red/n8 net:net8188 net:net11769 net:net12728 net:net15127 net:net19346 net:net20107 net:net21016 net:net23125
	comment: capacity:15 usage:16 overflow:1
	bbox = (426.0000, 510.0000) - (429.0000, 513.0000) on Layer -
violation type: Horizontal congestion
	srcs: net:u_impl/load_black_flat[1175] net:u_impl/load_black_flat[1356] net:u_impl/n3550 net:u_impl/n6129 net:net5256 net:net5801 net:net6571 net:net6656 net:net6816 net:net7841 net:net9834 net:net14965 net:net15334 net:net20118
	comment: capacity:13 usage:14 overflow:1
	bbox = (426.0000, 633.0000) - (429.0000, 636.0000) on Layer -
violation type: Horizontal congestion
	srcs: net:u_impl/load_red_flat[2356] net:u_impl/load_red_flat[2363] net:u_impl/n2421 net:u_impl/n254 net:u_impl/n2821 net:u_impl/n6173 net:net1498 net:net6635 net:net6729 net:net6745 net:net8279 net:net11066 net:net11258 net:net13105 net:net14059 net:net19655
	comment: capacity:15 usage:16 overflow:1
	bbox = (426.0000, 666.0000) - (429.0000, 669.0000) on Layer -
violation type: Horizontal congestion
	srcs: net:u_impl/load_black_flat[1152] net:u_impl/load_black_flat[1196] net:u_impl/load_black_flat[1344] net:u_impl/n6160 net:net10672 net:net10686 net:net11633 net:net11878 net:net12835 net:net14980 net:net17603 net:net18748 net:net19661 net:net20051 net:net23395 net:net23408
	comment: capacity:15 usage:16 overflow:1
	bbox = (426.0000, 729.0000) - (429.0000, 732.0000) on Layer -
violation type: Horizontal congestion
	srcs: net:u_impl/load_black_flat[1279] net:u_impl/load_black_flat[2191] net:u_impl/load_red_flat[2220] net:u_impl/n1029 net:net6674 net:net6799 net:net12759 net:net13915 net:net14978 net:net15155 net:net15836 net:net16702 net:net18082 net:net19694 net:net20490 net:net21404
	comment: capacity:15 usage:16 overflow:1
	bbox = (429.0000, 588.0000) - (432.0000, 591.0000) on Layer -
violation type: Horizontal congestion
	srcs: net:u_impl/load_red_flat[2356] net:u_impl/load_red_flat[2363] net:u_impl/n2421 net:u_impl/n254 net:u_impl/n2819 net:u_impl/n6173 net:net5432 net:net6635 net:net6729 net:net8032 net:net11145 net:net11258 net:net11334 net:net13104 net:net14059 net:net19655
	comment: capacity:15 usage:16 overflow:1
	bbox = (429.0000, 666.0000) - (432.0000, 669.0000) on Layer -
violation type: Horizontal congestion
	srcs: net:u_impl/load_black_flat[2229] net:u_impl/load_black_flat[2236] net:u_impl/n4654 net:net3086 net:net9735 net:net12988 net:net13144 net:net13352 net:net13424 net:net18731 net:net19594 net:net19605 net:net19658 net:net19660 net:net23071 net:clknet_6_26_0_clk
	comment: capacity:15 usage:16 overflow:1
	bbox = (429.0000, 705.0000) - (432.0000, 708.0000) on Layer -
violation type: Horizontal congestion
	srcs: net:u_impl/load_red_flat[1299] net:u_impl/load_red_flat[2437] net:u_impl/n3712 net:u_impl/n5246 net:u_impl/u_core/g_row_13__g_col_9__u_pe/u_r_red/n36 net:net4372 net:net8949 net:net10083 net:net12303 net:net12767 net:net13681 net:net15588 net:net16097 net:net16797 net:net17858 net:net20118
	comment: capacity:15 usage:16 overflow:1
	bbox = (429.0000, 708.0000) - (432.0000, 711.0000) on Layer -
violation type: Horizontal congestion
	srcs: net:u_impl/load_black_flat[1302] net:u_impl/load_red_flat[1312] net:u_impl/load_red_flat[2339] net:u_impl/u_core/g_row_14__g_col_2__u_pe/scan_mode net:u_impl/u_core/g_row_14__g_col_2__u_pe/u_sol/d_black[4] net:u_impl/u_core/g_row_14__g_col_2__u_pe/u_sol/n27 net:net10496 net:net15527 net:net18773 net:net19328 net:net20344 net:net20483 net:net23943
	comment: capacity:12 usage:13 overflow:1
	bbox = (432.0000, 495.0000) - (435.0000, 498.0000) on Layer -
violation type: Horizontal congestion
	srcs: net:u_impl/load_black_flat[1345] net:u_impl/load_black_flat[2211] net:u_impl/load_black_flat[2459] net:u_impl/load_red_flat[1258] net:u_impl/load_red_flat[1306] net:u_impl/load_red_flat[1318] net:u_impl/n1176 net:u_impl/n5325 net:net8253 net:net8766 net:net13413 net:net14426 net:net18764 net:net20047 net:net20354 net:net20365
	comment: capacity:15 usage:16 overflow:1
	bbox = (432.0000, 561.0000) - (435.0000, 564.0000) on Layer -
violation type: Horizontal congestion
	srcs: net:u_impl/load_black_flat[2298] net:u_impl/load_red_flat[2176] net:u_impl/load_red_flat[2178] net:u_impl/load_red_flat[2179] net:u_impl/n3330 net:u_impl/n3664 net:u_impl/n6246 net:net3115 net:net6654 net:net6702 net:net14952 net:net16763 net:net18771 net:net19371 net:net19738 net:clknet_1_0_0_clk
	comment: capacity:15 usage:16 overflow:1
	bbox = (432.0000, 600.0000) - (435.0000, 603.0000) on Layer -
violation type: Horizontal congestion
	srcs: net:u_impl/load_black_flat[2299] net:u_impl/load_black_flat[2301] net:u_impl/n2159 net:net5807 net:net6065 net:net6089 net:net6153 net:net7892 net:net9683 net:net9692 net:net13113 net:net14452 net:net15787 net:net17876 net:net19650 net:net20073
	comment: capacity:15 usage:16 overflow:1
	bbox = (432.0000, 606.0000) - (435.0000, 609.0000) on Layer -
violation type: Horizontal congestion
	srcs: net:u_impl/load_red_flat[1275] net:u_impl/load_red_flat[1316] net:u_impl/n4452 net:u_impl/n4802 net:u_impl/n5815 net:u_impl/n810 net:net9781 net:net10236 net:net10893 net:net11444 net:net11744 net:net12325 net:net16469 net:net19065 net:net19091 net:net23198
	comment: capacity:15 usage:16 overflow:1
	bbox = (432.0000, 645.0000) - (435.0000, 648.0000) on Layer -
violation type: Horizontal congestion
	srcs: net:u_impl/load_red_flat[1193] net:u_impl/n2083 net:u_impl/n3526 net:net10971 net:net11111 net:net11328 net:net13936 net:net14911 net:net14956 net:net15101 net:net15474 net:net15819 net:net15835 net:net16745 net:net19502 net:net20427
	comment: capacity:15 usage:16 overflow:1
	bbox = (432.0000, 648.0000) - (435.0000, 651.0000) on Layer -
violation type: Horizontal congestion
	srcs: net:u_impl/load_black_flat[2230] net:u_impl/load_black_flat[2239] net:u_impl/load_black_flat[3131] net:u_impl/u_core/g_row_13__g_col_9__u_pe/r_black_q[5] net:u_impl/u_core/g_row_13__g_col_9__u_pe/u_r_black/n33 net:u_impl/u_core/g_row_13__g_col_9__u_pe/u_r_black/n7 net:u_impl/u_core/g_row_13__g_col_9__u_pe/u_r_black/n8 net:net7913 net:net12755 net:net15832 net:net16576 net:net18661 net:clknet_11_833__leaf_clk
	comment: capacity:12 usage:13 overflow:1
	bbox = (432.0000, 702.0000) - (435.0000, 705.0000) on Layer -
violation type: Horizontal congestion
	srcs: net:u_impl/load_black_flat[1253] net:u_impl/load_black_flat[1270] net:u_impl/load_black_flat[1336] net:u_impl/load_black_flat[2424] net:u_impl/n7268 net:u_impl/u_core/g_row_14__g_col_2__u_pe/calc_bits[0] net:u_impl/u_core/g_row_14__g_col_2__u_pe/calc_bits[1] net:u_impl/u_core/g_row_14__g_col_2__u_pe/u_r_black/n1 net:u_impl/u_core/g_row_14__g_col_2__u_pe/u_r_black/n3 net:net3703 net:net15128 net:net15619 net:net19744 net:net19771 net:net20147 net:net21623
	comment: capacity:15 usage:16 overflow:1
	bbox = (435.0000, 531.0000) - (438.0000, 534.0000) on Layer -
violation type: Horizontal congestion
	srcs: net:u_impl/load_black_flat[1345] net:u_impl/load_black_flat[1464] net:u_impl/load_black_flat[2211] net:u_impl/load_black_flat[2459] net:u_impl/n1176 net:u_impl/n4521 net:u_impl/n5325 net:net6775 net:net8253 net:net8766 net:net8915 net:net13413 net:net14426 net:net18764 net:net20047 net:net20365
	comment: capacity:15 usage:16 overflow:1
	bbox = (435.0000, 561.0000) - (438.0000, 564.0000) on Layer -
violation type: Horizontal congestion
	srcs: net:u_impl/load_black_flat[2216] net:u_impl/load_black_flat[2355] net:u_impl/n2763 net:u_impl/n3331 net:u_impl/n4378 net:net6815 net:net7816 net:net13396 net:net15771 net:net15813 net:net18685 net:net18697 net:net20126
	comment: capacity:12 usage:13 overflow:1
	bbox = (435.0000, 594.0000) - (438.0000, 597.0000) on Layer -
violation type: Horizontal congestion
	srcs: net:u_impl/load_black_flat[2182] net:u_impl/load_black_flat[2183] net:u_impl/load_red_flat[2219] net:u_impl/load_red_flat[2303] net:u_impl/n3730 net:net6058 net:net6089 net:net6128 net:net9505 net:net9652 net:net9683 net:net9776 net:net11125 net:net14925 net:net15787 net:net19731
	comment: capacity:15 usage:16 overflow:1
	bbox = (435.0000, 609.0000) - (438.0000, 612.0000) on Layer -
violation type: Horizontal congestion
	srcs: net:u_impl/load_black_flat[1267] net:u_impl/load_black_flat[1318] net:u_impl/load_black_flat[2180] net:u_impl/load_red_flat[2235] net:u_impl/load_red_flat[2296] net:u_impl/n7271 net:net5808 net:net7482 net:net8569 net:net13505 net:net13754 net:net18678 net:net18765 net:net20465
	comment: capacity:13 usage:14 overflow:1
	bbox = (435.0000, 618.0000) - (438.0000, 621.0000) on Layer -
violation type: Horizontal congestion
	srcs: net:u_impl/load_red_flat[1275] net:u_impl/load_red_flat[1316] net:u_impl/n5312 net:u_impl/n810 net:net9781 net:net10236 net:net10893 net:net11444 net:net12325 net:net12839 net:net15441 net:net15835 net:net16469 net:net18739 net:net19502 net:net23198
	comment: capacity:15 usage:16 overflow:1
	bbox = (438.0000, 645.0000) - (441.0000, 648.0000) on Layer -
violation type: Horizontal congestion
	srcs: net:u_impl/load_black_flat[1447] net:u_impl/load_black_flat[1455] net:u_impl/load_red_flat[1262] net:u_impl/load_red_flat[2274] net:u_impl/u_core/g_row_14__g_col_2__u_pe/n11 net:u_impl/u_core/g_row_14__g_col_2__u_pe/n25 net:u_impl/u_core/g_row_14__g_col_2__u_pe/n5 net:u_impl/u_core/g_row_14__g_col_2__u_pe/r_red_q[0] net:net8901 net:net11024 net:net13238 net:net13356 net:net20092 net:net20494
	comment: capacity:13 usage:14 overflow:1
	bbox = (441.0000, 513.0000) - (444.0000, 516.0000) on Layer -
violation type: Horizontal congestion
	srcs: net:u_impl/load_black_flat[1256] net:u_impl/load_black_flat[2264] net:u_impl/load_red_flat[1306] net:u_impl/load_red_flat[1307] net:u_impl/n15054 net:u_impl/n2260 net:net8733 net:net10371 net:net11482 net:net13066 net:net13444 net:net18752 net:net19667 net:net20058 net:net21155 net:clknet_6_13_0_clk
	comment: capacity:15 usage:16 overflow:1
	bbox = (441.0000, 543.0000) - (444.0000, 546.0000) on Layer -
violation type: Horizontal congestion
	srcs: net:u_impl/load_black_flat[1459] net:u_impl/load_black_flat[2289] net:u_impl/load_black_flat[2459] net:u_impl/load_red_flat[2299] net:u_impl/load_red_flat[2360] net:u_impl/n15055 net:u_impl/n6765 net:net6542 net:net10732 net:net15787 net:net15865 net:net16485 net:net19048 net:net19134 net:net19270 net:net20125
	comment: capacity:15 usage:16 overflow:1
	bbox = (441.0000, 564.0000) - (444.0000, 567.0000) on Layer -
violation type: Horizontal congestion
	srcs: net:u_impl/load_black_flat[1279] net:u_impl/load_black_flat[2191] net:u_impl/load_red_flat[1968] net:u_impl/load_red_flat[2362] net:u_impl/n1029 net:net6529 net:net6674 net:net7115 net:net12759 net:net15803 net:net16702 net:net18082 net:net18697 net:net20042 net:net20425 net:net21404
	comment: capacity:15 usage:16 overflow:1
	bbox = (441.0000, 588.0000) - (444.0000, 591.0000) on Layer -
violation type: Horizontal congestion
	srcs: net:u_impl/load_black_flat[2182] net:u_impl/load_black_flat[2183] net:u_impl/load_red_flat[2219] net:u_impl/load_red_flat[2288] net:u_impl/load_red_flat[2303] net:u_impl/n2121 net:u_impl/n3092 net:u_impl/n3850 net:net6058 net:net6128 net:net9224 net:net9683 net:net9776 net:net14925 net:net17876 net:net19731
	comment: capacity:15 usage:16 overflow:1
	bbox = (441.0000, 609.0000) - (444.0000, 612.0000) on Layer -
violation type: Horizontal congestion
	srcs: net:u_impl/load_black_flat[1175] net:u_impl/load_red_flat[2251] net:u_impl/n3969 net:net6109 net:net6745 net:net7373 net:net8206 net:net11815 net:net12776 net:net13002 net:net15006 net:net15567 net:net19502 net:net20582 net:net21826 net:net22355
	comment: capacity:15 usage:16 overflow:1
	bbox = (441.0000, 642.0000) - (444.0000, 645.0000) on Layer -
violation type: Horizontal congestion
	srcs: net:u_impl/n3478 net:u_impl/n4150 net:u_impl/n4445 net:u_impl/n4531 net:u_impl/n5234 net:u_impl/n6104 net:net6591 net:net6729 net:net6737 net:net15824 net:net16622 net:net18372 net:net23289
	comment: capacity:12 usage:13 overflow:1
	bbox = (441.0000, 654.0000) - (444.0000, 657.0000) on Layer -
violation type: Horizontal congestion
	srcs: net:u_impl/load_black_flat[1272] net:u_impl/n2713 net:u_impl/n3228 net:u_impl/n5558 net:net6674 net:net7101 net:net7691 net:net10481 net:net12845 net:net13123 net:net14971 net:net18685 net:net20062 net:net20126 net:net24037 net:net24043
	comment: capacity:15 usage:16 overflow:1
	bbox = (444.0000, 591.0000) - (447.0000, 594.0000) on Layer -
violation type: Horizontal congestion
	srcs: net:u_impl/load_black_flat[1339] net:u_impl/load_black_flat[2298] net:u_impl/load_black_flat[2523] net:u_impl/load_red_flat[1260] net:u_impl/load_red_flat[2176] net:u_impl/load_red_flat[2179] net:u_impl/load_red_flat[2219] net:net6702 net:net6717 net:net7518 net:net11196 net:net12795 net:net15813 net:net16743 net:net18678 net:net19371
	comment: capacity:15 usage:16 overflow:1
	bbox = (444.0000, 600.0000) - (447.0000, 603.0000) on Layer -
violation type: Horizontal congestion
	srcs: net:u_impl/load_black_flat[2182] net:u_impl/load_black_flat[2183] net:u_impl/load_red_flat[2288] net:u_impl/load_red_flat[2303] net:u_impl/n2133 net:u_impl/n3092 net:u_impl/n3850 net:u_impl/n6253 net:net6058 net:net6128 net:net6703 net:net9224 net:net9683 net:net17876 net:net18371 net:net19731
	comment: capacity:15 usage:16 overflow:1
	bbox = (444.0000, 609.0000) - (447.0000, 612.0000) on Layer -
violation type: Horizontal congestion
	srcs: net:u_impl/load_black_flat[2187] net:u_impl/load_red_flat[2298] net:u_impl/load_red_flat[2324] net:u_impl/load_red_flat[2512] net:u_impl/n3704 net:u_impl/n3730 net:u_impl/n3862 net:net5222 net:net6744 net:net6782 net:net7746 net:net14925 net:net15003 net:net15334 net:net18770 net:net19709
	comment: capacity:15 usage:16 overflow:1
	bbox = (444.0000, 612.0000) - (447.0000, 615.0000) on Layer -
violation type: Horizontal congestion
	srcs: net:u_impl/load_black_flat[1351] net:u_impl/load_black_flat[1356] net:u_impl/load_black_flat[2185] net:u_impl/load_red_flat[2289] net:u_impl/n2316 net:net5801 net:net6816 net:net9518 net:net13225 net:net14965 net:net18739 net:net18747 net:net21990 net:net21991
	comment: capacity:13 usage:14 overflow:1
	bbox = (444.0000, 633.0000) - (447.0000, 636.0000) on Layer -
violation type: Horizontal congestion
	srcs: net:u_impl/load_black_flat[1327] net:u_impl/load_black_flat[2424] net:u_impl/load_red_flat[2223] net:u_impl/n3202 net:net1478 net:net5654 net:net7479 net:net8996 net:net13109 net:net13851 net:net16172 net:net16173 net:net16284 net:net19771 net:net20150 net:net20282
	comment: capacity:15 usage:16 overflow:1
	bbox = (447.0000, 522.0000) - (450.0000, 525.0000) on Layer -
violation type: Horizontal congestion
	srcs: net:u_impl/load_black_flat[1250] net:u_impl/load_black_flat[2264] net:u_impl/load_red_flat[1306] net:u_impl/load_red_flat[2398] net:net4368 net:net5523 net:net7944 net:net9037 net:net9302 net:net9829 net:net19704 net:net20087 net:net20369
	comment: capacity:12 usage:13 overflow:1
	bbox = (447.0000, 534.0000) - (450.0000, 537.0000) on Layer -
violation type: Horizontal congestion
	srcs: net:u_impl/load_red_flat[2208] net:u_impl/load_red_flat[2209] net:u_impl/n5594 net:u_impl/n6113 net:net7678 net:net7700 net:net8714 net:net14937 net:net15843 net:net17609 net:net19157 net:net19301 net:net19756 net:net19777 net:net20673 net:net23252
	comment: capacity:15 usage:16 overflow:1
	bbox = (447.0000, 546.0000) - (450.0000, 549.0000) on Layer -
violation type: Horizontal congestion
	srcs: net:u_impl/load_black_flat[1442] net:u_impl/load_red_flat[2353] net:u_impl/n1144 net:u_impl/n5862 net:net1499 net:net4821 net:net12310 net:net13165 net:net13166 net:net14038 net:net14946 net:net16609 net:net16765 net:net18259 net:net19072 net:clknet_11_836__leaf_clk
	comment: capacity:15 usage:16 overflow:1
	bbox = (447.0000, 684.0000) - (450.0000, 687.0000) on Layer -
violation type: Horizontal congestion
	srcs: net:u_impl/load_black_flat[1274] net:u_impl/load_black_flat[2424] net:u_impl/load_red_flat[1258] net:u_impl/n1463 net:net5263 net:net8187 net:net14972 net:net15585 net:net17854 net:net18686 net:net19278 net:net19665 net:net19670 net:net23264
	comment: capacity:13 usage:14 overflow:1
	bbox = (450.0000, 516.0000) - (453.0000, 519.0000) on Layer -
violation type: Horizontal congestion
	srcs: net:u_impl/load_black_flat[2356] net:u_impl/load_black_flat[2360] net:u_impl/load_red_flat[1270] net:u_impl/load_red_flat[2217] net:u_impl/load_red_flat[2220] net:u_impl/n6171 net:net6690 net:net6799 net:net7101 net:net7115 net:net10159 net:net13441 net:net15260 net:net15813 net:net21258 net:clknet_1_0_0_clk
	comment: capacity:15 usage:16 overflow:1
	bbox = (450.0000, 585.0000) - (453.0000, 588.0000) on Layer -
violation type: Horizontal congestion
	srcs: net:u_impl/load_red_flat[185] net:u_impl/n1585 net:u_impl/n5198 net:u_impl/n5326 net:net6609 net:net7425 net:net8019 net:net8250 net:net9068 net:net12263 net:net12275 net:net14185 net:net17333 net:net18811 net:net18918 net:net19896
	comment: capacity:15 usage:16 overflow:1
	bbox = (879.0000, 603.0000) - (882.0000, 606.0000) on Layer -
violation type: Vertical congestion
	srcs: net:u_impl/load_black_flat[1546] net:u_impl/load_black_flat[1927] net:u_impl/load_red_flat[1820] net:net11623 net:net11808 net:net11984 net:net11985 net:net14079 net:net14916 net:net15220 net:net15462 net:net17739 net:net17864 net:net18628 net:net19411 net:net19429 net:net19674 net:net19721 net:net19757 net:net19775 net:net20362 net:net20559
	comment: capacity:21 usage:22 overflow:1
	bbox = (321.0000, 498.0000) - (324.0000, 501.0000) on Layer -
violation type: Vertical congestion
	srcs: net:u_impl/load_black_flat[1540] net:u_impl/load_black_flat[1543] net:u_impl/load_black_flat[1928] net:u_impl/load_black_flat[1957] net:u_impl/load_black_flat[2334] net:u_impl/n4315 net:u_impl/u_core/g_row_14__g_col_6__u_pe/r_black_q[11] net:u_impl/u_core/g_row_14__g_col_6__u_pe/r_black_q[6] net:u_impl/u_core/g_row_14__g_col_6__u_pe/r_black_q[9] net:u_impl/u_core/g_row_14__g_col_6__u_pe/r_red_q[6] net:u_impl/u_core/g_row_14__g_col_6__u_pe/u_r_red/n8 net:net4344 net:net4385 net:net8646 net:net12407 net:net18646 net:net18767 net:net19625 net:net20569 net:net22496 net:clknet_9_61_0_clk net:clknet_11_246__leaf_clk
	comment: capacity:21 usage:22 overflow:1
	bbox = (324.0000, 486.0000) - (327.0000, 489.0000) on Layer -
violation type: Vertical congestion
	srcs: net:u_impl/load_black_flat[1540] net:u_impl/load_black_flat[1928] net:u_impl/load_black_flat[1957] net:u_impl/load_black_flat[2334] net:u_impl/u_core/g_row_14__g_col_6__u_pe/r_black_q[10] net:u_impl/u_core/g_row_14__g_col_6__u_pe/r_black_q[11] net:u_impl/u_core/g_row_14__g_col_6__u_pe/r_black_q[6] net:net4385 net:net8646 net:net8976 net:net11129 net:net11366 net:net12315 net:net12375 net:net12407 net:net18035 net:net18646 net:net18767 net:net19443 net:net20569 net:net22496 net:net23932
	comment: capacity:21 usage:22 overflow:1
	bbox = (324.0000, 495.0000) - (327.0000, 498.0000) on Layer -
violation type: Vertical congestion
	srcs: net:u_impl/load_black_flat[1540] net:u_impl/load_black_flat[1928] net:u_impl/load_black_flat[1957] net:u_impl/load_black_flat[2334] net:u_impl/n15109 net:u_impl/u_core/g_row_14__g_col_6__u_pe/r_black_q[10] net:u_impl/u_core/g_row_14__g_col_6__u_pe/r_black_q[6] net:net4385 net:net8646 net:net8976 net:net11129 net:net11366 net:net12315 net:net12375 net:net12407 net:net18035 net:net18646 net:net18667 net:net19443 net:net20569 net:net22496 net:clknet_11_246__leaf_clk
	comment: capacity:21 usage:22 overflow:1
	bbox = (324.0000, 498.0000) - (327.0000, 501.0000) on Layer -
violation type: Vertical congestion
	srcs: net:u_impl/load_black_flat[1163] net:u_impl/load_black_flat[1348] net:u_impl/load_black_flat[2544] net:u_impl/load_black_flat[2820] net:u_impl/load_black_flat[2910] net:u_impl/load_red_flat[1178] net:u_impl/load_red_flat[2358] net:u_impl/load_red_flat[2385] net:u_impl/load_red_flat[2415] net:u_impl/load_red_flat[2674] net:u_impl/load_red_flat[2830] net:u_impl/n15327 net:u_impl/n5868 net:net10269 net:net12188 net:net15551 net:net17771 net:net19620 net:net20112 net:clknet_11_769__leaf_clk
	comment: capacity:19 usage:20 overflow:1
	bbox = (333.0000, 702.0000) - (336.0000, 705.0000) on Layer -
violation type: Vertical congestion
	srcs: net:u_impl/load_black_flat[1163] net:u_impl/load_black_flat[1348] net:u_impl/load_black_flat[2820] net:u_impl/load_black_flat[2910] net:u_impl/load_black_flat[2923] net:u_impl/load_red_flat[2385] net:u_impl/load_red_flat[2415] net:u_impl/load_red_flat[2643] net:u_impl/load_red_flat[2674] net:u_impl/load_red_flat[2830] net:u_impl/n5868 net:net10269 net:net10694 net:net12188 net:net12706 net:net15551 net:net19188 net:net19462 net:net20112 net:net20207
	comment: capacity:19 usage:20 overflow:1
	bbox = (333.0000, 711.0000) - (336.0000, 714.0000) on Layer -
violation type: Vertical congestion
	srcs: net:u_impl/load_black_flat[1163] net:u_impl/load_black_flat[1348] net:u_impl/load_black_flat[2820] net:u_impl/load_black_flat[2910] net:u_impl/load_black_flat[2923] net:u_impl/load_red_flat[2385] net:u_impl/load_red_flat[2415] net:u_impl/load_red_flat[2643] net:u_impl/load_red_flat[2682] net:u_impl/load_red_flat[2830] net:u_impl/n5868 net:u_impl/n6180 net:u_impl/u_core/g_row_15__g_col_9__u_pe/u_r_black/n7 net:net4289 net:net10269 net:net10694 net:net12188 net:net15551 net:net19188 net:net20112
	comment: capacity:19 usage:20 overflow:1
	bbox = (333.0000, 714.0000) - (336.0000, 717.0000) on Layer -
violation type: Vertical congestion
	srcs: net:u_impl/load_black_flat[1301] net:u_impl/load_black_flat[1315] net:u_impl/load_black_flat[1467] net:u_impl/load_black_flat[1920] net:u_impl/load_black_flat[2517] net:u_impl/load_red_flat[1454] net:u_impl/n3680 net:u_impl/u_core/g_row_14__g_col_6__u_pe/u_r_black/n34 net:net4386 net:net8759 net:net10658 net:net11042 net:net11150 net:net11869 net:net12721 net:net15847 net:net17845 net:net18633 net:net18749 net:net19477 net:net19568 net:clknet_1_0_1_clk
	comment: capacity:21 usage:22 overflow:1
	bbox = (336.0000, 495.0000) - (339.0000, 498.0000) on Layer -
violation type: Vertical congestion
	srcs: net:u_impl/load_black_flat[2401] net:u_impl/load_black_flat[2866] net:u_impl/load_black_flat[2910] net:u_impl/load_red_flat[1167] net:u_impl/load_red_flat[1178] net:u_impl/load_red_flat[2713] net:u_impl/load_red_flat[2716] net:u_impl/n348 net:u_impl/n4141 net:net9082 net:net9928 net:net10269 net:net11029 net:net11872 net:net12373 net:net13693 net:net15550 net:net15768 net:net18659 net:net19098 net:net19188 net:net19651
	comment: capacity:21 usage:22 overflow:1
	bbox = (336.0000, 693.0000) - (339.0000, 696.0000) on Layer -
violation type: Vertical congestion
	srcs: net:u_impl/load_black_flat[1315] net:u_impl/load_black_flat[2329] net:u_impl/load_red_flat[1975] net:u_impl/n2257 net:u_impl/n2673 net:net9144 net:net11430 net:net11466 net:net15221 net:net15463 net:net15782 net:net18604 net:net18633 net:net19426 net:net19752 net:net21845 net:clknet_11_253__leaf_clk
	comment: capacity:16 usage:17 overflow:1
	bbox = (339.0000, 516.0000) - (342.0000, 519.0000) on Layer -
violation type: Vertical congestion
	srcs: net:u_impl/load_black_flat[2555] net:u_impl/load_black_flat[2830] net:u_impl/load_red_flat[2358] net:u_impl/n6087 net:net10910 net:net10930 net:net11262 net:net11418 net:net13887 net:net14016 net:net16791 net:net17568 net:net19124 net:net19162 net:net20207 net:net20236 net:net20237
	comment: capacity:16 usage:17 overflow:1
	bbox = (339.0000, 693.0000) - (342.0000, 696.0000) on Layer -
violation type: Vertical congestion
	srcs: net:u_impl/load_red_flat[1323] net:u_impl/load_red_flat[1676] net:u_impl/load_red_flat[1928] net:u_impl/load_red_flat[1967] net:u_impl/n5571 net:net5738 net:net10965 net:net11136 net:net11398 net:net11438 net:net12808 net:net13180 net:net13248 net:net13624 net:net13640 net:net14987 net:net16534 net:net19544 net:net19622 net:net19630 net:net23328 net:clknet_2_0_0_clk
	comment: capacity:21 usage:22 overflow:1
	bbox = (342.0000, 492.0000) - (345.0000, 495.0000) on Layer -
violation type: Vertical congestion
	srcs: net:u_impl/load_black_flat[1920] net:u_impl/load_black_flat[2342] net:u_impl/n15113 net:u_impl/n3844 net:u_impl/n6758 net:net10965 net:net11136 net:net11398 net:net11438 net:net11445 net:net12808 net:net13180 net:net13688 net:net14987 net:net15221 net:net15847 net:net19255 net:net19622 net:net19630 net:net19713 net:net21587 net:net23328
	comment: capacity:21 usage:22 overflow:1
	bbox = (342.0000, 507.0000) - (345.0000, 510.0000) on Layer -
violation type: Vertical congestion
	srcs: net:u_impl/load_black_flat[2544] net:u_impl/load_red_flat[2550] net:u_impl/load_red_flat[2682] net:u_impl/load_red_flat[2715] net:u_impl/load_red_flat[2722] net:u_impl/load_red_flat[2834] net:u_impl/n2825 net:net8700 net:net10963 net:net11138 net:net11350 net:net11849 net:net12709 net:net15768 net:net16659 net:net18614 net:net19168 net:net19228 net:net19493 net:net19774 net:net20588 net:net21588
	comment: capacity:21 usage:22 overflow:1
	bbox = (342.0000, 696.0000) - (345.0000, 699.0000) on Layer -
violation type: Vertical congestion
	srcs: net:u_impl/load_red_flat[2403] net:u_impl/load_red_flat[2550] net:u_impl/load_red_flat[2613] net:u_impl/load_red_flat[2715] net:u_impl/load_red_flat[2722] net:u_impl/load_red_flat[2834] net:net2985 net:net8700 net:net8973 net:net10963 net:net11138 net:net11222 net:net11350 net:net13022 net:net13178 net:net13290 net:net19111 net:net19168 net:net19228 net:net19428 net:net19774 net:net21589
	comment: capacity:21 usage:22 overflow:1
	bbox = (342.0000, 711.0000) - (345.0000, 714.0000) on Layer -
violation type: Vertical congestion
	srcs: net:u_impl/load_red_flat[1313] net:u_impl/load_red_flat[1322] net:u_impl/load_red_flat[1323] net:u_impl/load_red_flat[1491] net:u_impl/load_red_flat[2553] net:u_impl/n2255 net:u_impl/n2709 net:u_impl/u_core/g_row_14__g_col_6__u_pe/r_red_q[0] net:u_impl/u_core/g_row_14__g_col_6__u_pe/r_red_q[1] net:net9113 net:net9740 net:net9741 net:net10803 net:net10888 net:net11832 net:net12752 net:net14061 net:net15229 net:net18698 net:net19103 net:net19576 net:net22875
	comment: capacity:21 usage:22 overflow:1
	bbox = (345.0000, 489.0000) - (348.0000, 492.0000) on Layer -
violation type: Vertical congestion
	srcs: net:u_impl/load_black_flat[2594] net:u_impl/load_red_flat[2406] net:u_impl/load_red_flat[2647] net:u_impl/n2002 net:u_impl/n4634 net:u_impl/n5827 net:net7584 net:net11577 net:net12093 net:net12327 net:net12394 net:net13022 net:net13050 net:net13133 net:net13135 net:net13178 net:net13183 net:net13446 net:net19111 net:net19428 net:net19549 net:net20137
	comment: capacity:21 usage:22 overflow:1
	bbox = (345.0000, 702.0000) - (348.0000, 705.0000) on Layer -
violation type: Vertical congestion
	srcs: net:u_impl/load_red_flat[2557] net:u_impl/load_red_flat[2729] net:u_impl/load_red_flat[2870] net:u_impl/n2004 net:u_impl/n478 net:net9446 net:net10885 net:net10898 net:net11188 net:net11447 net:net12128 net:net12336 net:net12350 net:net12991 net:net13049 net:net15295 net:net16712 net:net19081 net:net19127 net:net19428 net:net20123 net:net20157
	comment: capacity:21 usage:22 overflow:1
	bbox = (348.0000, 690.0000) - (351.0000, 693.0000) on Layer -
violation type: Vertical congestion
	srcs: net:u_impl/load_red_flat[2557] net:u_impl/load_red_flat[2729] net:u_impl/load_red_flat[2870] net:u_impl/n2004 net:u_impl/n478 net:net9446 net:net10885 net:net10898 net:net11188 net:net11447 net:net12128 net:net12336 net:net12991 net:net13049 net:net14945 net:net15295 net:net16712 net:net19081 net:net19127 net:net19428 net:net20123 net:net20157
	comment: capacity:21 usage:22 overflow:1
	bbox = (348.0000, 693.0000) - (351.0000, 696.0000) on Layer -
violation type: Vertical congestion
	srcs: net:u_impl/load_red_flat[2372] net:u_impl/load_red_flat[2557] net:u_impl/load_red_flat[2729] net:u_impl/load_red_flat[2870] net:u_impl/n2004 net:u_impl/n3543 net:net9446 net:net10885 net:net10898 net:net11188 net:net11447 net:net12128 net:net12261 net:net12336 net:net12991 net:net13049 net:net15295 net:net18614 net:net19081 net:net19127 net:net20123 net:net20157
	comment: capacity:21 usage:22 overflow:1
	bbox = (348.0000, 696.0000) - (351.0000, 699.0000) on Layer -
violation type: Vertical congestion
	srcs: net:u_impl/load_red_flat[2372] net:u_impl/load_red_flat[2557] net:u_impl/load_red_flat[2729] net:u_impl/load_red_flat[2870] net:u_impl/n15317 net:u_impl/n3534 net:net9446 net:net10154 net:net10885 net:net10898 net:net11188 net:net11447 net:net12128 net:net12336 net:net13183 net:net15295 net:net19081 net:net19127 net:net19164 net:net20123 net:net20157 net:net22167
	comment: capacity:21 usage:22 overflow:1
	bbox = (348.0000, 705.0000) - (351.0000, 708.0000) on Layer -
violation type: Vertical congestion
	srcs: net:u_impl/load_black_flat[2554] net:u_impl/load_red_flat[2372] net:u_impl/load_red_flat[2557] net:u_impl/load_red_flat[2729] net:u_impl/load_red_flat[2870] net:u_impl/n3534 net:u_impl/n6260 net:net9446 net:net10154 net:net10885 net:net10898 net:net11188 net:net11447 net:net12128 net:net12336 net:net13183 net:net15295 net:net19081 net:net19127 net:net19164 net:net20123 net:net20157
	comment: capacity:21 usage:22 overflow:1
	bbox = (348.0000, 708.0000) - (351.0000, 711.0000) on Layer -
violation type: Vertical congestion
	srcs: net:u_impl/load_black_flat[1443] net:u_impl/load_black_flat[2019] net:u_impl/load_red_flat[2336] net:u_impl/n3044 net:net9790 net:net11001 net:net11562 net:net11771 net:net11774 net:net11906 net:net13327 net:net13463 net:net13986 net:net16481 net:net16692 net:net17468 net:net18615 net:net18619 net:net18649 net:net19498 net:net19571 net:net22746
	comment: capacity:21 usage:22 overflow:1
	bbox = (351.0000, 492.0000) - (354.0000, 495.0000) on Layer -
violation type: Vertical congestion
	srcs: net:u_impl/load_black_flat[1443] net:u_impl/load_black_flat[1933] net:u_impl/load_black_flat[2019] net:u_impl/load_black_flat[2336] net:u_impl/n15108 net:u_impl/n3044 net:net9790 net:net11001 net:net11562 net:net11771 net:net11906 net:net13327 net:net13463 net:net13986 net:net16481 net:net16692 net:net18615 net:net18619 net:net18649 net:net19498 net:net19571 net:net22623
	comment: capacity:21 usage:22 overflow:1
	bbox = (351.0000, 498.0000) - (354.0000, 501.0000) on Layer -
violation type: Vertical congestion
	srcs: net:u_impl/load_red_flat[1264] net:u_impl/load_red_flat[1922] net:u_impl/n1297 net:u_impl/n5306 net:net7420 net:net10099 net:net10780 net:net11031 net:net11742 net:net11905 net:net12741 net:net13016 net:net13384 net:net13872 net:net16470 net:net16535 net:net17846 net:net18613 net:net19424 net:clknet_11_426__leaf_clk
	comment: capacity:19 usage:20 overflow:1
	bbox = (354.0000, 525.0000) - (357.0000, 528.0000) on Layer -
violation type: Vertical congestion
	srcs: net:u_impl/load_black_flat[2550] net:u_impl/load_black_flat[2553] net:u_impl/n5254 net:u_impl/n5933 net:net8689 net:net9049 net:net9136 net:net9339 net:net9427 net:net10721 net:net10973 net:net11011 net:net12122 net:net12261 net:net12387 net:net12668 net:net15332 net:net16746 net:net17741 net:net19239 net:net20064 net:net20080
	comment: capacity:21 usage:22 overflow:1
	bbox = (357.0000, 681.0000) - (360.0000, 684.0000) on Layer -
violation type: Vertical congestion
	srcs: net:u_impl/load_black_flat[2249] net:u_impl/load_black_flat[2550] net:net8648 net:net9136 net:net9427 net:net10153 net:net12123 net:net12387 net:net12668 net:net13982 net:net14085 net:net17693 net:net17741 net:net19097 net:net19199 net:net19239 net:net19616 net:net19631 net:net20064 net:net20080 net:net20169 net:net20466
	comment: capacity:21 usage:22 overflow:1
	bbox = (357.0000, 702.0000) - (360.0000, 705.0000) on Layer -
violation type: Vertical congestion
	srcs: net:u_impl/load_black_flat[2249] net:u_impl/load_black_flat[2550] net:u_impl/load_red_flat[2617] net:net8648 net:net8867 net:net9136 net:net9427 net:net12123 net:net12387 net:net12668 net:net13982 net:net14085 net:net17693 net:net17741 net:net18651 net:net19097 net:net19199 net:net19239 net:net20064 net:net20080 net:net20169 net:net20466
	comment: capacity:21 usage:22 overflow:1
	bbox = (357.0000, 705.0000) - (360.0000, 708.0000) on Layer -
violation type: Vertical congestion
	srcs: net:u_impl/load_black_flat[2249] net:u_impl/load_black_flat[2550] net:u_impl/load_black_flat[2721] net:net8648 net:net8867 net:net9136 net:net9427 net:net12123 net:net12387 net:net12668 net:net13305 net:net17693 net:net17741 net:net18651 net:net19097 net:net19169 net:net19199 net:net19239 net:net20064 net:net20080 net:net20169 net:net20466
	comment: capacity:21 usage:22 overflow:1
	bbox = (357.0000, 708.0000) - (360.0000, 711.0000) on Layer -
violation type: Vertical congestion
	srcs: net:u_impl/load_black_flat[2249] net:u_impl/load_black_flat[2721] net:u_impl/load_black_flat[2873] net:net8648 net:net9136 net:net9427 net:net12123 net:net12668 net:net12826 net:net13305 net:net15798 net:net17741 net:net18651 net:net19097 net:net19169 net:net19199 net:net19239 net:net19742 net:net20064 net:net20080 net:net20169 net:net20466
	comment: capacity:21 usage:22 overflow:1
	bbox = (357.0000, 711.0000) - (360.0000, 714.0000) on Layer -
violation type: Vertical congestion
	srcs: net:u_impl/load_black_flat[1637] net:u_impl/load_black_flat[1678] net:u_impl/load_black_flat[1990] net:u_impl/load_red_flat[1264] net:u_impl/n1351 net:u_impl/n2154 net:u_impl/n2840 net:u_impl/n6194 net:net9567 net:net11168 net:net11635 net:net12381 net:net12665 net:net13244 net:net13663 net:net18603 net:net18606 net:net18608 net:net18670 net:net19103 net:net19718 net:net19764
	comment: capacity:21 usage:22 overflow:1
	bbox = (360.0000, 498.0000) - (363.0000, 501.0000) on Layer -
violation type: Vertical congestion
	srcs: net:u_impl/load_black_flat[1637] net:u_impl/load_black_flat[1678] net:u_impl/load_red_flat[1264] net:u_impl/load_red_flat[1272] net:u_impl/load_red_flat[1321] net:u_impl/load_red_flat[2275] net:u_impl/n1351 net:u_impl/n1827 net:u_impl/n6194 net:net9567 net:net11168 net:net12665 net:net13242 net:net13624 net:net13663 net:net15854 net:net18603 net:net18606 net:net18608 net:net18670 net:net19498 net:net19718
	comment: capacity:21 usage:22 overflow:1
	bbox = (360.0000, 510.0000) - (363.0000, 513.0000) on Layer -
violation type: Vertical congestion
	srcs: net:u_impl/load_black_flat[1637] net:u_impl/load_black_flat[1678] net:u_impl/load_red_flat[1264] net:u_impl/load_red_flat[1272] net:u_impl/n1351 net:u_impl/n1827 net:u_impl/n2143 net:u_impl/n2145 net:u_impl/n2849 net:net9567 net:net9770 net:net11168 net:net12665 net:net13242 net:net13624 net:net13663 net:net15854 net:net18603 net:net18606 net:net18608 net:net18670 net:net19718
	comment: capacity:21 usage:22 overflow:1
	bbox = (360.0000, 516.0000) - (363.0000, 519.0000) on Layer -
violation type: Vertical congestion
	srcs: net:u_impl/load_black_flat[2558] net:net7786 net:net9049 net:net11071 net:net11084 net:net11247 net:net12387 net:net12403 net:net13933 net:net14955 net:net15284 net:net19199 net:net19232 net:net19254 net:net19295 net:net19741 net:net20152 net:net20159 net:net20165 net:net20199 net:net21709 net:net23310
	comment: capacity:21 usage:22 overflow:1
	bbox = (360.0000, 717.0000) - (363.0000, 720.0000) on Layer -
violation type: Vertical congestion
	srcs: net:u_impl/load_red_flat[2336] net:u_impl/n3144 net:u_impl/n4008 net:u_impl/n6192 net:u_impl/n959 net:net7342 net:net8259 net:net11638 net:net11760 net:net12020 net:net13256 net:net15418 net:net15483 net:net16560 net:net18610 net:net19103 net:net19255 net:net19408 net:net19572 net:net19610 net:net19618 net:net19659
	comment: capacity:21 usage:22 overflow:1
	bbox = (366.0000, 516.0000) - (369.0000, 519.0000) on Layer -
violation type: Vertical congestion
	srcs: net:u_impl/load_black_flat[1645] net:u_impl/n14964 net:u_impl/n2840 net:u_impl/n3144 net:u_impl/n5885 net:net7964 net:net9086 net:net9358 net:net10146 net:net10447 net:net11763 net:net12323 net:net14612 net:net15152 net:net16796 net:net17608 net:net18597 net:net19245 net:net19586 net:net20407 net:net22365 net:net22968
	comment: capacity:21 usage:22 overflow:1
	bbox = (369.0000, 489.0000) - (372.0000, 492.0000) on Layer -
violation type: Vertical congestion
	srcs: net:u_impl/load_black_flat[2368] net:u_impl/load_black_flat[2584] net:u_impl/load_red_flat[2407] net:u_impl/load_red_flat[2807] net:u_impl/load_red_flat[2869] net:u_impl/n6747 net:net11655 net:net11659 net:net11987 net:net12680 net:net13220 net:net13221 net:net13503 net:net14613 net:net19080 net:net19229 net:net19332 net:net19441 net:net20095 net:net20105 net:net20293
	comment: capacity:20 usage:21 overflow:1
	bbox = (375.0000, 729.0000) - (378.0000, 732.0000) on Layer -
violation type: Vertical congestion
	srcs: net:u_impl/load_black_flat[1574] net:u_impl/load_black_flat[1784] net:u_impl/load_black_flat[1838] net:u_impl/load_black_flat[2196] net:u_impl/n5403 net:u_impl/n6775 net:net7964 net:net10364 net:net10684 net:net10947 net:net11755 net:net13160 net:net13635 net:net13849 net:net14096 net:net19659 net:net20563 net:clknet_11_425__leaf_clk
	comment: capacity:17 usage:18 overflow:1
	bbox = (378.0000, 498.0000) - (381.0000, 501.0000) on Layer -
violation type: Vertical congestion
	srcs: net:u_impl/load_black_flat[2642] net:u_impl/load_red_flat[2413] net:u_impl/n347 net:u_impl/n3977 net:u_impl/n606 net:net9783 net:net9936 net:net10276 net:net11288 net:net11567 net:net12174 net:net14045 net:net19095 net:net19229 net:net19332 net:net19602 net:net20233 net:net23070
	comment: capacity:17 usage:18 overflow:1
	bbox = (378.0000, 705.0000) - (381.0000, 708.0000) on Layer -
violation type: Vertical congestion
	srcs: net:u_impl/load_black_flat[2642] net:u_impl/n1608 net:u_impl/n347 net:u_impl/n3977 net:net9783 net:net9933 net:net10276 net:net11288 net:net11567 net:net11659 net:net12174 net:net13026 net:net14046 net:net16671 net:net19229 net:net19602 net:net20233 net:net23070
	comment: capacity:17 usage:18 overflow:1
	bbox = (378.0000, 708.0000) - (381.0000, 711.0000) on Layer -
violation type: Vertical congestion
	srcs: net:u_impl/load_black_flat[2496] net:u_impl/load_black_flat[2559] net:u_impl/n1608 net:u_impl/n330 net:u_impl/n6746 net:net9783 net:net10276 net:net11288 net:net11567 net:net12174 net:net13026 net:net13504 net:net14046 net:net15296 net:net19080 net:net20160 net:net20233 net:net20583
	comment: capacity:17 usage:18 overflow:1
	bbox = (378.0000, 717.0000) - (381.0000, 720.0000) on Layer -
violation type: Vertical congestion
	srcs: net:u_impl/load_black_flat[2412] net:u_impl/load_black_flat[2610] net:u_impl/load_black_flat[2652] net:u_impl/load_black_flat[2727] net:u_impl/load_black_flat[2824] net:u_impl/load_red_flat[2224] net:u_impl/load_red_flat[2413] net:u_impl/load_red_flat[2711] net:u_impl/n2076 net:net10220 net:net11643 net:net13674 net:net15772 net:net19187 net:net19231 net:net19332 net:net19361 net:net20281 net:net20448 net:net20583
	comment: capacity:19 usage:20 overflow:1
	bbox = (381.0000, 708.0000) - (384.0000, 711.0000) on Layer -
violation type: Vertical congestion
	srcs: net:u_impl/load_black_flat[2412] net:u_impl/load_black_flat[2610] net:u_impl/load_black_flat[2652] net:u_impl/load_black_flat[2727] net:u_impl/load_black_flat[2824] net:u_impl/load_red_flat[2224] net:u_impl/load_red_flat[2413] net:u_impl/load_red_flat[2711] net:u_impl/n2076 net:u_impl/n3977 net:net11643 net:net13072 net:net19187 net:net19231 net:net19332 net:net19361 net:net20281 net:net20448 net:net20583 net:clknet_11_788__leaf_clk
	comment: capacity:19 usage:20 overflow:1
	bbox = (381.0000, 711.0000) - (384.0000, 714.0000) on Layer -
violation type: Vertical congestion
	srcs: net:u_impl/load_black_flat[2719] net:u_impl/load_black_flat[2899] net:u_impl/load_red_flat[1348] net:u_impl/load_red_flat[2724] net:net10950 net:net11642 net:net12870 net:net13570 net:net14657 net:net15102 net:net15776 net:net15793 net:net18329 net:net18755 net:net19154 net:net19193 net:net19666 net:net20097 net:net20120 net:net22895 net:net23312 net:clknet_11_788__leaf_clk
	comment: capacity:21 usage:22 overflow:1
	bbox = (384.0000, 702.0000) - (387.0000, 705.0000) on Layer -
violation type: Vertical congestion
	srcs: net:u_impl/load_black_flat[1696] net:u_impl/load_black_flat[2206] net:u_impl/n1110 net:net9457 net:net10860 net:net10926 net:net11637 net:net12183 net:net13070 net:net13161 net:net13193 net:net13250 net:net13791 net:net13796 net:net14052 net:net14053 net:net14656 net:net14923 net:net18671 net:net19582 net:net19767 net:net20555
	comment: capacity:21 usage:22 overflow:1
	bbox = (387.0000, 498.0000) - (390.0000, 501.0000) on Layer -
violation type: Vertical congestion
	srcs: net:u_impl/load_black_flat[2716] net:u_impl/load_black_flat[2722] net:u_impl/load_black_flat[2723] net:u_impl/n141 net:u_impl/n4464 net:u_impl/n6176 net:u_impl/n683 net:net10831 net:net11157 net:net11256 net:net11514 net:net13088 net:net13198 net:net13504 net:net13570 net:net13953 net:net18755 net:net19441 net:net19666 net:net20114 net:net22704 net:net23312
	comment: capacity:21 usage:22 overflow:1
	bbox = (387.0000, 708.0000) - (390.0000, 711.0000) on Layer -
violation type: Vertical congestion
	srcs: net:u_impl/load_black_flat[1592] net:u_impl/load_black_flat[1639] net:u_impl/load_black_flat[1924] net:u_impl/load_black_flat[2206] net:u_impl/load_red_flat[1634] net:net10261 net:net11912 net:net11950 net:net12757 net:net13789 net:net13820 net:net18620 net:net19419 net:net19581 net:net19607 net:net19608 net:net19733 net:net20100 net:net20317 net:net20332 net:net20581 net:net21382
	comment: capacity:21 usage:22 overflow:1
	bbox = (390.0000, 534.0000) - (393.0000, 537.0000) on Layer -
violation type: Vertical congestion
	srcs: net:u_impl/load_black_flat[2414] net:u_impl/load_black_flat[2496] net:u_impl/load_black_flat[2604] net:u_impl/load_black_flat[2644] net:u_impl/load_black_flat[2718] net:u_impl/n5274 net:net10259 net:net10787 net:net11953 net:net12706 net:net13088 net:net13092 net:net13202 net:net13417 net:net13597 net:net19055 net:net19064 net:net19101 net:net19209 net:net19605 net:net20368 net:net22877
	comment: capacity:21 usage:22 overflow:1
	bbox = (390.0000, 702.0000) - (393.0000, 705.0000) on Layer -
violation type: Vertical congestion
	srcs: net:u_impl/load_black_flat[2414] net:u_impl/load_black_flat[2496] net:u_impl/load_black_flat[2604] net:u_impl/load_black_flat[2644] net:u_impl/load_black_flat[2718] net:u_impl/load_red_flat[1348] net:u_impl/n5274 net:u_impl/red_valid_q[152] net:net10259 net:net10787 net:net11953 net:net12706 net:net13088 net:net13092 net:net13202 net:net13417 net:net14060 net:net19055 net:net19064 net:net19101 net:net19209 net:net20368
	comment: capacity:21 usage:22 overflow:1
	bbox = (390.0000, 705.0000) - (393.0000, 708.0000) on Layer -
violation type: Vertical congestion
	srcs: net:u_impl/load_black_flat[2496] net:u_impl/load_black_flat[2547] net:u_impl/load_black_flat[2604] net:u_impl/load_black_flat[2644] net:u_impl/load_black_flat[2718] net:u_impl/load_red_flat[2903] net:u_impl/n5274 net:net10787 net:net11953 net:net12851 net:net13092 net:net13202 net:net13417 net:net14060 net:net14955 net:net19055 net:net19064 net:net19084 net:net19101 net:net19209 net:net20368 net:net21118
	comment: capacity:21 usage:22 overflow:1
	bbox = (390.0000, 708.0000) - (393.0000, 711.0000) on Layer -
violation type: Vertical congestion
	srcs: net:u_impl/load_black_flat[2496] net:u_impl/load_black_flat[2547] net:u_impl/load_black_flat[2604] net:u_impl/load_black_flat[2644] net:u_impl/load_black_flat[2718] net:u_impl/load_red_flat[2903] net:u_impl/n2085 net:u_impl/n5274 net:u_impl/n683 net:net10787 net:net11953 net:net12851 net:net13088 net:net13092 net:net14060 net:net14955 net:net19055 net:net19064 net:net19084 net:net19101 net:net19209 net:net20368
	comment: capacity:21 usage:22 overflow:1
	bbox = (390.0000, 711.0000) - (393.0000, 714.0000) on Layer -
violation type: Vertical congestion
	srcs: net:u_impl/load_red_flat[1641] net:u_impl/load_red_flat[2197] net:u_impl/n11570 net:u_impl/n297 net:u_impl/n5275 net:u_impl/n6210 net:u_impl/n680 net:u_impl/n760 net:net6025 net:net10863 net:net11951 net:net12296 net:net12306 net:net14021 net:net18592 net:net19054 net:net19419 net:net19496 net:net20580 net:net22967
	comment: capacity:19 usage:20 overflow:1
	bbox = (393.0000, 492.0000) - (396.0000, 495.0000) on Layer -
violation type: Vertical congestion
	srcs: net:u_impl/load_black_flat[1447] net:u_impl/load_red_flat[2202] net:u_impl/n298 net:u_impl/n3544 net:u_impl/n760 net:net8255 net:net10925 net:net11227 net:net12002 net:net12306 net:net12658 net:net13656 net:net15807 net:net18642 net:net18689 net:net19054 net:net19419 net:net19733 net:net20580 net:net23386
	comment: capacity:19 usage:20 overflow:1
	bbox = (393.0000, 516.0000) - (396.0000, 519.0000) on Layer -
violation type: Vertical congestion
	srcs: net:u_impl/load_red_flat[2232] net:u_impl/load_red_flat[2466] net:net4697 net:net5250 net:net8732 net:net9404 net:net10832 net:net11442 net:net12851 net:net13092 net:net13418 net:net13597 net:net15520 net:net15798 net:net16466 net:net16577 net:net19055 net:net19237 net:net19330 net:net19490
	comment: capacity:19 usage:20 overflow:1
	bbox = (393.0000, 726.0000) - (396.0000, 729.0000) on Layer -
violation type: Vertical congestion
	srcs: net:u_impl/load_black_flat[1152] net:u_impl/load_black_flat[2402] net:u_impl/load_black_flat[2704] net:u_impl/load_black_flat[2807] net:u_impl/load_red_flat[2233] net:u_impl/load_red_flat[2827] net:u_impl/load_red_flat[2843] net:u_impl/n4784 net:net11155 net:net12699 net:net12956 net:net14073 net:net15519 net:net16589 net:net19198 net:net19225 net:net19263 net:net19267 net:net19648 net:net19745 net:net20206 net:net20341
	comment: capacity:21 usage:22 overflow:1
	bbox = (396.0000, 705.0000) - (399.0000, 708.0000) on Layer -
violation type: Vertical congestion
	srcs: net:u_impl/load_black_flat[1426] net:u_impl/load_black_flat[1452] net:u_impl/load_black_flat[1613] net:u_impl/load_black_flat[1812] net:u_impl/load_red_flat[1264] net:u_impl/load_red_flat[2451] net:u_impl/n2875 net:u_impl/u_core/g_row_13__g_col_7__u_pe/r_red_q[11] net:net3088 net:net9559 net:net10162 net:net10810 net:net12797 net:net13435 net:net17874 net:net19478 net:net19615 net:net19770 net:net20098 net:net20508 net:net20579 net:net22681
	comment: capacity:21 usage:22 overflow:1
	bbox = (399.0000, 492.0000) - (402.0000, 495.0000) on Layer -
violation type: Vertical congestion
	srcs: net:u_impl/load_black_flat[1426] net:u_impl/load_black_flat[1452] net:u_impl/load_black_flat[1613] net:u_impl/load_red_flat[2202] net:u_impl/load_red_flat[2451] net:u_impl/n2875 net:u_impl/n2878 net:net3088 net:net9559 net:net10162 net:net10810 net:net12797 net:net13435 net:net14914 net:net17874 net:net18692 net:net19478 net:net19615 net:net20098 net:net20508 net:net20579 net:clknet_6_13_0_clk
	comment: capacity:21 usage:22 overflow:1
	bbox = (399.0000, 498.0000) - (402.0000, 501.0000) on Layer -
violation type: Vertical congestion
	srcs: net:u_impl/load_black_flat[1426] net:u_impl/load_black_flat[1452] net:u_impl/load_red_flat[2202] net:u_impl/n1442 net:net3088 net:net8944 net:net10162 net:net10810 net:net12797 net:net13435 net:net13802 net:net15222 net:net15792 net:net15804 net:net17874 net:net19478 net:net19615 net:net19726 net:net20508 net:net20579 net:net22701 net:clknet_6_13_0_clk
	comment: capacity:21 usage:22 overflow:1
	bbox = (399.0000, 504.0000) - (402.0000, 507.0000) on Layer -
violation type: Vertical congestion
	srcs: net:u_impl/load_black_flat[1605] net:u_impl/load_black_flat[2195] net:u_impl/u_core/g_row_13__g_col_7__u_pe/r_red_q[9] net:net8945 net:net9059 net:net10709 net:net10812 net:net11473 net:net11947 net:net13844 net:net15594 net:net18692 net:net19577 net:net19579 net:net19587 net:net19715 net:net19727 net:net20054 net:net20587 net:net21414 net:net22701 net:net23944
	comment: capacity:21 usage:22 overflow:1
	bbox = (402.0000, 492.0000) - (405.0000, 495.0000) on Layer -
violation type: Vertical congestion
	srcs: net:u_impl/load_black_flat[1605] net:u_impl/load_black_flat[2195] net:u_impl/load_red_flat[1321] net:u_impl/n2889 net:u_impl/n4869 net:net8945 net:net9059 net:net10709 net:net10812 net:net11473 net:net11946 net:net13844 net:net15594 net:net19352 net:net19577 net:net19579 net:net19587 net:net19727 net:net20054 net:net20587 net:net21414 net:net22701
	comment: capacity:21 usage:22 overflow:1
	bbox = (402.0000, 498.0000) - (405.0000, 501.0000) on Layer -
violation type: Vertical congestion
	srcs: net:u_impl/load_black_flat[2826] net:u_impl/load_black_flat[2829] net:u_impl/load_red_flat[2393] net:u_impl/load_red_flat[2402] net:u_impl/load_red_flat[2817] net:u_impl/n11599 net:u_impl/red_valid_q[149] net:net5701 net:net9607 net:net9998 net:net10165 net:net12905 net:net13368 net:net14745 net:net16755 net:net19070 net:net19076 net:net19185 net:net19326 net:net20067 net:net20077 net:net24373
	comment: capacity:21 usage:22 overflow:1
	bbox = (405.0000, 708.0000) - (408.0000, 711.0000) on Layer -
violation type: Vertical congestion
	srcs: net:u_impl/load_black_flat[1436] net:u_impl/load_red_flat[1446] net:u_impl/load_red_flat[2199] net:u_impl/n4094 net:u_impl/u_core/g_row_13__g_col_7__u_pe/r_red_q[8] net:u_impl/u_core/g_row_13__g_col_7__u_pe/r_red_q[9] net:net8685 net:net12662 net:net13277 net:net14910 net:net15248 net:net17852 net:net18591 net:net18611 net:net18624 net:net18719 net:net19590 net:net19705 net:net19770 net:net20076 net:net20585 net:net22025
	comment: capacity:21 usage:22 overflow:1
	bbox = (408.0000, 489.0000) - (411.0000, 492.0000) on Layer -
violation type: Vertical congestion
	srcs: net:u_impl/load_black_flat[2403] net:u_impl/load_red_flat[2239] net:u_impl/load_red_flat[2369] net:u_impl/load_red_flat[2391] net:u_impl/load_red_flat[2481] net:u_impl/load_red_flat[2673] net:net3086 net:net5770 net:net10148 net:net10813 net:net10817 net:net12980 net:net13671 net:net14912 net:net15216 net:net15255 net:net19115 net:net19233 net:net19490 net:net19552 net:net20078 net:net20119
	comment: capacity:21 usage:22 overflow:1
	bbox = (408.0000, 702.0000) - (411.0000, 705.0000) on Layer -
violation type: Vertical congestion
	srcs: net:u_impl/load_black_flat[2403] net:u_impl/load_black_flat[2908] net:u_impl/load_red_flat[2239] net:u_impl/load_red_flat[2391] net:u_impl/load_red_flat[2673] net:net4816 net:net5770 net:net10148 net:net10813 net:net10817 net:net13671 net:net14912 net:net15216 net:net15255 net:net19115 net:net19206 net:net19233 net:net19490 net:net20078 net:net20119 net:net21771 net:net22877
	comment: capacity:21 usage:22 overflow:1
	bbox = (408.0000, 708.0000) - (411.0000, 711.0000) on Layer -
violation type: Vertical congestion
	srcs: net:u_impl/load_black_flat[2400] net:u_impl/load_black_flat[2403] net:u_impl/load_black_flat[2908] net:u_impl/load_red_flat[2391] net:u_impl/load_red_flat[2673] net:u_impl/n5411 net:net7957 net:net10148 net:net10813 net:net10817 net:net13671 net:net15216 net:net15255 net:net15489 net:net19076 net:net19115 net:net19206 net:net19233 net:net19490 net:net20078 net:net20119 net:net22877
	comment: capacity:21 usage:22 overflow:1
	bbox = (408.0000, 711.0000) - (411.0000, 714.0000) on Layer -
violation type: Vertical congestion
	srcs: net:u_impl/load_black_flat[1503] net:u_impl/load_black_flat[1611] net:u_impl/load_black_flat[1814] net:u_impl/load_black_flat[1935] net:u_impl/u_core/g_row_13__g_col_7__u_pe/r_red_q[6] net:u_impl/u_core/g_row_13__g_col_7__u_pe/r_red_q[8] net:net4376 net:net5548 net:net7619 net:net9057 net:net13065 net:net13645 net:net15411 net:net18636 net:net19352 net:net19483 net:net19505 net:net19591 net:net20054 net:net20428 net:net20439 net:net22744
	comment: capacity:21 usage:22 overflow:1
	bbox = (411.0000, 486.0000) - (414.0000, 489.0000) on Layer -
violation type: Vertical congestion
	srcs: net:u_impl/load_black_flat[1152] net:u_impl/load_black_flat[2408] net:u_impl/load_black_flat[2831] net:u_impl/load_black_flat[2906] net:u_impl/load_red_flat[2369] net:u_impl/load_red_flat[2481] net:u_impl/n1826 net:u_impl/n5683 net:u_impl/n5842 net:u_impl/n6269 net:net9052 net:net11146 net:net13347 net:net15180 net:net15216 net:net16589 net:net16792 net:net19159 net:net20071 net:net20328 net:net21227 net:net22357
	comment: capacity:21 usage:22 overflow:1
	bbox = (411.0000, 720.0000) - (414.0000, 723.0000) on Layer -
violation type: Vertical congestion
	srcs: net:u_impl/load_black_flat[2559] net:u_impl/load_black_flat[2731] net:u_impl/load_red_flat[2657] net:u_impl/load_red_flat[2825] net:u_impl/load_red_flat[2865] net:u_impl/n1012 net:u_impl/n3710 net:net8002 net:net9052 net:net10133 net:net11146 net:net12960 net:net12980 net:net13682 net:net14047 net:net15156 net:net16520 net:net19082 net:net19133 net:net19552
	comment: capacity:19 usage:20 overflow:1
	bbox = (414.0000, 708.0000) - (417.0000, 711.0000) on Layer -
violation type: Vertical congestion
	srcs: net:u_impl/load_black_flat[2731] net:u_impl/load_red_flat[2225] net:u_impl/load_red_flat[2238] net:u_impl/load_red_flat[2657] net:u_impl/load_red_flat[2825] net:u_impl/load_red_flat[2865] net:u_impl/n1012 net:u_impl/n3710 net:u_impl/n7279 net:net4816 net:net10133 net:net11146 net:net12747 net:net12960 net:net14745 net:net15156 net:net15629 net:net16521 net:net19082 net:net21771
	comment: capacity:19 usage:20 overflow:1
	bbox = (414.0000, 714.0000) - (417.0000, 717.0000) on Layer -
violation type: Vertical congestion
	srcs: net:u_impl/load_black_flat[1514] net:u_impl/load_black_flat[1593] net:u_impl/load_black_flat[1612] net:u_impl/load_black_flat[2541] net:u_impl/n820 net:net8763 net:net9407 net:net11072 net:net11488 net:net12848 net:net12849 net:net13350 net:net13850 net:net18761 net:net19574 net:net19589 net:net19723 net:net20344 net:net20431 net:net21415
	comment: capacity:19 usage:20 overflow:1
	bbox = (417.0000, 516.0000) - (420.0000, 519.0000) on Layer -
violation type: Vertical congestion
	srcs: net:u_impl/load_red_flat[2229] net:u_impl/load_red_flat[2544] net:u_impl/load_red_flat[2905] net:u_impl/n3724 net:u_impl/n3725 net:u_impl/n3857 net:u_impl/n4850 net:net9673 net:net11212 net:net11497 net:net13164 net:net13319 net:net13376 net:net14946 net:net19274 net:net19277 net:net19347 net:net19567 net:net21074 net:net21410
	comment: capacity:19 usage:20 overflow:1
	bbox = (417.0000, 687.0000) - (420.0000, 690.0000) on Layer -
violation type: Vertical congestion
	srcs: net:u_impl/load_red_flat[2344] net:u_impl/n1520 net:u_impl/n2693 net:u_impl/n2694 net:u_impl/n2762 net:u_impl/n6263 net:u_impl/n6285 net:net5771 net:net8147 net:net9286 net:net9402 net:net11126 net:net12377 net:net13299 net:net15487 net:net15855 net:net15890 net:net23198
	comment: capacity:17 usage:18 overflow:1
	bbox = (420.0000, 606.0000) - (423.0000, 609.0000) on Layer -
violation type: Vertical congestion
	srcs: net:u_impl/load_red_flat[2237] net:u_impl/n1593 net:u_impl/n4653 net:net8942 net:net9673 net:net11132 net:net11236 net:net11441 net:net11537 net:net12933 net:net13300 net:net13424 net:net14015 net:net14508 net:net19345 net:net19427 net:net20426 net:clknet_11_832__leaf_clk
	comment: capacity:17 usage:18 overflow:1
	bbox = (420.0000, 702.0000) - (423.0000, 705.0000) on Layer -
violation type: Vertical congestion
	srcs: net:u_impl/load_black_flat[1425] net:u_impl/load_black_flat[1427] net:u_impl/load_black_flat[1450] net:u_impl/load_black_flat[1504] net:u_impl/load_black_flat[1601] net:u_impl/n951 net:u_impl/n983 net:net9407 net:net10084 net:net11243 net:net11381 net:net11533 net:net11540 net:net11845 net:net11846 net:net15808 net:net15864 net:net18773 net:net19516 net:net19663 net:net20576 net:net22702
	comment: capacity:21 usage:22 overflow:1
	bbox = (423.0000, 498.0000) - (426.0000, 501.0000) on Layer -
violation type: Vertical congestion
	srcs: net:u_impl/load_black_flat[2390] net:u_impl/load_black_flat[3130] net:u_impl/load_black_flat[3131] net:u_impl/n3496 net:u_impl/n968 net:net1699 net:net9410 net:net10158 net:net12139 net:net12762 net:net13144 net:net13388 net:net13445 net:net19086 net:net19218 net:net19258 net:net19342 net:net20330 net:net22166 net:net22749 net:clknet_9_208_0_clk net:clknet_11_832__leaf_clk
	comment: capacity:21 usage:22 overflow:1
	bbox = (423.0000, 690.0000) - (426.0000, 693.0000) on Layer -
violation type: Vertical congestion
	srcs: net:u_impl/load_black_flat[2390] net:u_impl/load_black_flat[3130] net:u_impl/load_red_flat[2229] net:u_impl/n3496 net:u_impl/n6119 net:u_impl/n6260 net:u_impl/n968 net:net9673 net:net10158 net:net12139 net:net18256 net:net19086 net:net19193 net:net19218 net:net19236 net:net19258 net:net19342 net:net19345 net:net19427 net:net20330 net:net22749 net:net23200
	comment: capacity:21 usage:22 overflow:1
	bbox = (423.0000, 711.0000) - (426.0000, 714.0000) on Layer -
violation type: Vertical congestion
	srcs: net:u_impl/load_black_flat[1929] net:u_impl/load_black_flat[1983] net:u_impl/load_red_flat[1447] net:u_impl/load_red_flat[1807] net:u_impl/n1113 net:u_impl/n948 net:u_impl/u_core/g_row_14__g_col_2__u_pe/r_red_q[1] net:u_impl/u_core/g_row_14__g_col_2__u_pe/u_r_red/n29 net:u_impl/u_core/g_row_14__g_col_2__u_pe/u_r_red/n8 net:net4358 net:net11456 net:net11582 net:net12380 net:net13357 net:net13895 net:net15127 net:net15842 net:net15849 net:net19449 net:net19683 net:net20363 net:net21624 net:net23940
	comment: capacity:21 usage:23 overflow:2
	bbox = (426.0000, 510.0000) - (429.0000, 513.0000) on Layer -
violation type: Vertical congestion
	srcs: net:u_impl/load_black_flat[2490] net:u_impl/load_red_flat[2459] net:u_impl/load_red_flat[2667] net:u_impl/n1111 net:u_impl/n2829 net:u_impl/u_core/g_row_13__g_col_9__u_pe/u_r_red/n36 net:net1700 net:net9410 net:net11877 net:net13388 net:net15895 net:net16096 net:net18213 net:net18256 net:net19433 net:net19567 net:net20050 net:net20272 net:net20333 net:net21625 net:net22370 net:net23271 net:clknet_9_208_0_clk
	comment: capacity:21 usage:23 overflow:2
	bbox = (426.0000, 708.0000) - (429.0000, 711.0000) on Layer -
violation type: Vertical congestion
	srcs: net:u_impl/load_black_flat[2490] net:u_impl/load_red_flat[2459] net:u_impl/load_red_flat[2667] net:u_impl/n1111 net:u_impl/n2829 net:u_impl/n3356 net:net1700 net:net8625 net:net9410 net:net11877 net:net13388 net:net15895 net:net16096 net:net18213 net:net19433 net:net20050 net:net20272 net:net20333 net:net21625 net:net22370 net:net23271 net:clknet_9_208_0_clk
	comment: capacity:21 usage:22 overflow:1
	bbox = (426.0000, 711.0000) - (429.0000, 714.0000) on Layer -
violation type: Vertical congestion
	srcs: net:u_impl/load_black_flat[2229] net:u_impl/load_red_flat[2437] net:u_impl/load_red_flat[2574] net:u_impl/load_red_flat[2672] net:u_impl/n4017 net:u_impl/n4643 net:net4372 net:net7102 net:net7116 net:net12767 net:net13145 net:net13308 net:net13445 net:net15588 net:net18258 net:net19196 net:net20053 net:net20118 net:net20200 net:net20808 net:net21873
	comment: capacity:20 usage:21 overflow:1
	bbox = (432.0000, 708.0000) - (435.0000, 711.0000) on Layer -
