OpenROAD v2.0-17598-ga008522d8 
Features included (+) or not (-): +Charts +GPU +GUI +Python : None
This program is licensed under the BSD-3 license. See the LICENSE file for details.
Components of this program may be licensed under more restrictive licenses which must be honored.
[INFO ORD-0030] Using 8 thread(s).
PDE_PRE_DRT_UNCONNECTED_PG_ITERMS=0
PDE_drt_buffd2_s2_v27_ROUTING_GUARDED_SPECIAL_COUNT=203
[WARNING GRT-0008] The read_guides command does not allow parasitics estimation from the guides file.
[INFO DRT-0149] Reading tech and libs.

Units:                2000
Number of layers:     15
Number of macros:     855
Number of vias:       79
Number of viarulegen: 6

[INFO DRT-0150] Reading design.
[WARNING DRT-0120] Large net rst_n has 16227 pins which may impact routing performance. Consider optimization.
[WARNING DRT-0120] Large net u_impl/n1127 has 330 pins which may impact routing performance. Consider optimization.

Design:                   pde_chip_top_safe
Die area:                 ( 0 0 ) ( 2385280 2385280 )
Number of track patterns: 14
Number of DEF vias:       0
Number of components:     97513
Number of terminals:      57
Number of snets:          205
Number of nets:           120193

[INFO DRT-0167] List of default vias:
  Layer VIA1
    default via: VIA12_1cut
  Layer VIA2
    default via: VIA23_1cut
  Layer VIA3
    default via: VIA34_1cut
  Layer VIA4
    default via: VIA45_1cut
  Layer VIA5
    default via: VIA56_1cut
  Layer RV
    default via: VIA6AP_1cut
[INFO DRT-0162] Library cell analysis.
[INFO DRT-0163] Instance analysis.
[INFO DRT-0164] Number of unique instances = 144.
[INFO DRT-0168] Init region query.
[INFO DRT-0024]   Complete PO.
[INFO DRT-0024]   Complete CO.
[INFO DRT-0024]   Complete M1.
[INFO DRT-0024]   Complete VIA1.
[INFO DRT-0024]   Complete M2.
[INFO DRT-0024]   Complete VIA2.
[INFO DRT-0024]   Complete M3.
[INFO DRT-0024]   Complete VIA3.
[INFO DRT-0024]   Complete M4.
[INFO DRT-0024]   Complete VIA4.
[INFO DRT-0024]   Complete M5.
[INFO DRT-0024]   Complete VIA5.
[INFO DRT-0024]   Complete M6.
[INFO DRT-0024]   Complete RV.
[INFO DRT-0024]   Complete AP.
[INFO DRT-0033] PO shape region query size = 0.
[INFO DRT-0033] CO shape region query size = 0.
[INFO DRT-0033] M1 shape region query size = 3291465.
[INFO DRT-0033] VIA1 shape region query size = 76936.
[INFO DRT-0033] M2 shape region query size = 45548.
[INFO DRT-0033] VIA2 shape region query size = 27848.
[INFO DRT-0033] M3 shape region query size = 10620.
[INFO DRT-0033] VIA3 shape region query size = 7080.
[INFO DRT-0033] M4 shape region query size = 5709.
[INFO DRT-0033] VIA4 shape region query size = 13328.
[INFO DRT-0033] M5 shape region query size = 2112.
[INFO DRT-0033] VIA5 shape region query size = 0.
[INFO DRT-0033] M6 shape region query size = 0.
[INFO DRT-0033] RV shape region query size = 0.
[INFO DRT-0033] AP shape region query size = 0.
[INFO DRT-0165] Start pin access.
[INFO DRT-0078]   Complete 872 pins.
[INFO DRT-0079]   Complete 100 unique inst patterns.
[INFO DRT-0081]   Complete 144 unique inst patterns.
[INFO DRT-0082]   Complete 10000 groups.
[INFO DRT-0082]   Complete 20000 groups.
[INFO DRT-0082]   Complete 30000 groups.
[INFO DRT-0082]   Complete 40000 groups.
[INFO DRT-0082]   Complete 50000 groups.
[INFO DRT-0082]   Complete 60000 groups.
[INFO DRT-0082]   Complete 70000 groups.
[INFO DRT-0082]   Complete 80000 groups.
[INFO DRT-0082]   Complete 90000 groups.
[INFO DRT-0084]   Complete 97513 groups.
#scanned instances     = 97513
#unique  instances     = 144
#stdCellGenAp          = 2848
#stdCellValidPlanarAp  = 0
#stdCellValidViaAp     = 2223
#stdCellPinNoAp        = 0
#stdCellPinCnt         = 402927
#instTermValidViaApCnt = 0
#macroGenAp            = 0
#macroValidPlanarAp    = 0
#macroValidViaAp       = 0
#macroNoAp             = 0
[INFO DRT-0166] Complete pin access.
[INFO DRT-0267] cpu time = 00:00:14, elapsed time = 00:00:02, memory = 2119.84 (MB), peak = 2223.39 (MB)
[WARNING DRT-0120] Large net rst_n has 16227 pins which may impact routing performance. Consider optimization.
[WARNING DRT-0120] Large net u_impl/n1127 has 330 pins which may impact routing performance. Consider optimization.
[INFO DRT-0024]   Complete PO.
[INFO DRT-0024]   Complete CO.
[INFO DRT-0024]   Complete M1.
[INFO DRT-0024]   Complete VIA1.
[INFO DRT-0024]   Complete M2.
[INFO DRT-0024]   Complete VIA2.
[INFO DRT-0024]   Complete M3.
[INFO DRT-0024]   Complete VIA3.
[INFO DRT-0024]   Complete M4.
[INFO DRT-0024]   Complete VIA4.
[INFO DRT-0024]   Complete M5.
[INFO DRT-0024]   Complete VIA5.
[INFO DRT-0024]   Complete M6.
[INFO DRT-0024]   Complete RV.
[INFO DRT-0024]   Complete AP.
[INFO DRT-0165] Start pin access.
[INFO DRT-0078]   Complete 872 pins.
[INFO DRT-0079]   Complete 100 unique inst patterns.
[INFO DRT-0081]   Complete 144 unique inst patterns.
[INFO DRT-0082]   Complete 10000 groups.
[INFO DRT-0082]   Complete 20000 groups.
[INFO DRT-0082]   Complete 30000 groups.
[INFO DRT-0082]   Complete 40000 groups.
[INFO DRT-0082]   Complete 50000 groups.
[INFO DRT-0082]   Complete 60000 groups.
[INFO DRT-0082]   Complete 70000 groups.
[INFO DRT-0082]   Complete 80000 groups.
[INFO DRT-0082]   Complete 90000 groups.
[INFO DRT-0084]   Complete 97513 groups.
#scanned instances     = 97513
#unique  instances     = 144
#stdCellGenAp          = 2848
#stdCellValidPlanarAp  = 0
#stdCellValidViaAp     = 2223
#stdCellPinNoAp        = 0
#stdCellPinCnt         = 402927
#instTermValidViaApCnt = 0
#macroGenAp            = 0
#macroValidPlanarAp    = 0
#macroValidViaAp       = 0
#macroNoAp             = 0
[INFO DRT-0166] Complete pin access.
[INFO DRT-0267] cpu time = 00:00:13, elapsed time = 00:00:02, memory = 2148.61 (MB), peak = 2223.87 (MB)
[INFO DRT-0156] guideIn read 100000 guides.
[INFO DRT-0156] guideIn read 200000 guides.
[INFO DRT-0156] guideIn read 300000 guides.
[INFO DRT-0156] guideIn read 400000 guides.
[INFO DRT-0156] guideIn read 500000 guides.
[INFO DRT-0156] guideIn read 600000 guides.
[INFO DRT-0156] guideIn read 700000 guides.
[INFO DRT-0156] guideIn read 800000 guides.
[INFO DRT-0156] guideIn read 900000 guides.
[INFO DRT-0156] guideIn read 1000000 guides.

[INFO DRT-0157] Number of guides:     1116055

[INFO DRT-0169] Post process guides.
[INFO DRT-0176] GCELLGRID X 0 DO 397 STEP 6000 ;
[INFO DRT-0177] GCELLGRID Y 0 DO 397 STEP 6000 ;
[INFO DRT-0026]   Complete 100000 origin guides.
[INFO DRT-0026]   Complete 200000 origin guides.
[INFO DRT-0026]   Complete 300000 origin guides.
[INFO DRT-0026]   Complete 400000 origin guides.
[INFO DRT-0026]   Complete 500000 origin guides.
[INFO DRT-0026]   Complete 600000 origin guides.
[INFO DRT-0026]   Complete 700000 origin guides.
[INFO DRT-0026]   Complete 800000 origin guides.
[INFO DRT-0026]   Complete 900000 origin guides.
[INFO DRT-0027]   Complete 1000000 origin guides.
[INFO DRT-0028]   Complete PO.
[INFO DRT-0028]   Complete CO.
[INFO DRT-0028]   Complete M1.
[INFO DRT-0028]   Complete VIA1.
[INFO DRT-0028]   Complete M2.
[INFO DRT-0028]   Complete VIA2.
[INFO DRT-0028]   Complete M3.
[INFO DRT-0028]   Complete VIA3.
[INFO DRT-0028]   Complete M4.
[INFO DRT-0028]   Complete VIA4.
[INFO DRT-0028]   Complete M5.
[INFO DRT-0028]   Complete VIA5.
[INFO DRT-0028]   Complete M6.
[INFO DRT-0028]   Complete RV.
[INFO DRT-0028]   Complete AP.
  complete 100000 nets.
[INFO DRT-0178] Init guide query.
[INFO DRT-0029]   Complete 100000 nets (guide).
[INFO DRT-0035]   Complete PO (guide).
[INFO DRT-0035]   Complete CO (guide).
[INFO DRT-0035]   Complete M1 (guide).
[INFO DRT-0035]   Complete VIA1 (guide).
[INFO DRT-0035]   Complete M2 (guide).
[INFO DRT-0035]   Complete VIA2 (guide).
[INFO DRT-0035]   Complete M3 (guide).
[INFO DRT-0035]   Complete VIA3 (guide).
[INFO DRT-0035]   Complete M4 (guide).
[INFO DRT-0035]   Complete VIA4 (guide).
[INFO DRT-0035]   Complete M5 (guide).
[INFO DRT-0035]   Complete VIA5 (guide).
[INFO DRT-0035]   Complete M6 (guide).
[INFO DRT-0035]   Complete RV (guide).
[INFO DRT-0035]   Complete AP (guide).
[INFO DRT-0036] PO guide region query size = 0.
[INFO DRT-0036] CO guide region query size = 0.
[INFO DRT-0036] M1 guide region query size = 367044.
[INFO DRT-0036] VIA1 guide region query size = 0.
[INFO DRT-0036] M2 guide region query size = 283613.
[INFO DRT-0036] VIA2 guide region query size = 0.
[INFO DRT-0036] M3 guide region query size = 131209.
[INFO DRT-0036] VIA3 guide region query size = 0.
[INFO DRT-0036] M4 guide region query size = 9527.
[INFO DRT-0036] VIA4 guide region query size = 0.
[INFO DRT-0036] M5 guide region query size = 2883.
[INFO DRT-0036] VIA5 guide region query size = 0.
[INFO DRT-0036] M6 guide region query size = 210.
[INFO DRT-0036] RV guide region query size = 0.
[INFO DRT-0036] AP guide region query size = 0.
[INFO DRT-0179] Init gr pin query.
[INFO DRT-0267] cpu time = 00:01:03, elapsed time = 00:00:59, memory = 2493.99 (MB), peak = 2493.99 (MB)
[INFO DRT-0185] Post process initialize RPin region query.
[INFO DRT-0181] Start track assignment.
[INFO DRT-0184] Done with 293350 vertical wires in 8 frboxes and 501136 horizontal wires in 8 frboxes.
[INFO DRT-0186] Done with 136583 vertical wires in 8 frboxes and 62636 horizontal wires in 8 frboxes.
[INFO DRT-0182] Complete track assignment.
[INFO DRT-0267] cpu time = 00:02:27, elapsed time = 00:00:36, memory = 4440.21 (MB), peak = 4447.86 (MB)
[INFO DRT-0187] Start routing data preparation.
[INFO DRT-0267] cpu time = 00:00:01, elapsed time = 00:00:01, memory = 4755.47 (MB), peak = 4755.47 (MB)
[INFO DRT-0194] Start detail routing.
[INFO DRT-0195] Start 0th optimization iteration.
    Completing 10% with 0 violations.
    elapsed time = 00:04:53, memory = 4949.69 (MB).
    Completing 20% with 0 violations.
    elapsed time = 00:10:13, memory = 5709.45 (MB).
    Completing 30% with 74128 violations.
    elapsed time = 00:13:19, memory = 6266.84 (MB).
    Completing 40% with 74128 violations.
    elapsed time = 00:19:27, memory = 6266.87 (MB).
    Completing 50% with 74128 violations.
    elapsed time = 00:25:30, memory = 6737.84 (MB).
    Completing 60% with 144925 violations.
    elapsed time = 00:32:05, memory = 6851.58 (MB).
    Completing 70% with 144925 violations.
    elapsed time = 00:39:21, memory = 6851.58 (MB).
    Completing 80% with 215616 violations.
    elapsed time = 00:44:36, memory = 7148.75 (MB).
    Completing 90% with 215616 violations.
    elapsed time = 00:53:22, memory = 7148.75 (MB).
    Completing 100% with 282878 violations.
    elapsed time = 01:00:10, memory = 7684.47 (MB).
[INFO DRT-0199]   Number of violations = 309668.
Viol/Layer          M1   VIA1     M2   VIA2     M3   VIA3     M4   VIA4     M5   VIA5     M6
Cut Spacing          0   2272      0    402      0     55      0     15      0      0      0
Metal Spacing    30917      0  12667      0   2897      0    581      0     59      0      2
Min Hole            83      0      3      0      1      0      0      0      0      0      0
Minimum Cut          0      0      0      0      0      0      0      0     46      0      0
NS Metal           226      0      0      0      0      0      0      0      0      0      0
Recheck           1078      0  13700      0  10245      0    946      0    819      0      2
Short            31242     23 156327    321  36589     93   6032      5   1934      2     84
[INFO DRT-0267] cpu time = 07:55:52, elapsed time = 01:02:22, memory = 7685.64 (MB), peak = 7685.64 (MB)
Total wire length = 5578517 um.
Total wire length on LAYER M1 = 52723 um.
Total wire length on LAYER M2 = 2268830 um.
Total wire length on LAYER M3 = 2174386 um.
Total wire length on LAYER M4 = 732898 um.
Total wire length on LAYER M5 = 315592 um.
Total wire length on LAYER M6 = 34086 um.
Total wire length on LAYER AP = 0 um.
Total number of vias = 1025290.
Up-via summary (total 1025290):

--------------
 PO          0
 M1     448950
 M2     477358
 M3      79182
 M4      18706
 M5       1094
 M6          0
--------------
       1025290


[INFO DRT-0195] Start 1st optimization iteration.
    Completing 10% with 309668 violations.
    elapsed time = 00:06:45, memory = 7685.66 (MB).
    Completing 20% with 309668 violations.
    elapsed time = 00:13:44, memory = 7685.66 (MB).
    Completing 30% with 283889 violations.
    e