OpenROAD v2.0-17598-ga008522d8 
Features included (+) or not (-): +Charts +GPU +GUI +Python : None
This program is licensed under the BSD-3 license. See the LICENSE file for details.
Components of this program may be licensed under more restrictive licenses which must be honored.
[INFO ORD-0030] Using 8 thread(s).
PDE_PRE_DRT_UNCONNECTED_PG_ITERMS=0
PDE_drt_buffd2_s1_v27_ROUTING_GUARDED_SPECIAL_COUNT=203
[WARNING GRT-0008] The read_guides command does not allow parasitics estimation from the guides file.
[INFO DRT-0149] Reading tech and libs.

Units:                2000
Number of layers:     15
Number of macros:     855
Number of vias:       79
Number of viarulegen: 6

[INFO DRT-0150] Reading design.
[WARNING DRT-0120] Large net rst_n has 16227 pins which may impact routing performance. Consider optimization.
[WARNING DRT-0120] Large net u_impl/n1127 has 330 pins which may impact routing performance. Consider optimization.

Design:                   pde_chip_top_safe
Die area:                 ( 0 0 ) ( 2385280 2385280 )
Number of track patterns: 14
Number of DEF vias:       0
Number of components:     97513
Number of terminals:      57
Number of snets:          205
Number of nets:           120193

[INFO DRT-0167] List of default vias:
  Layer VIA1
    default via: VIA12_1cut
  Layer VIA2
    default via: VIA23_1cut
  Layer VIA3
    default via: VIA34_1cut
  Layer VIA4
    default via: VIA45_1cut
  Layer VIA5
    default via: VIA56_1cut
  Layer RV
    default via: VIA6AP_1cut
[INFO DRT-0162] Library cell analysis.
[INFO DRT-0163] Instance analysis.
[INFO DRT-0164] Number of unique instances = 144.
[INFO DRT-0168] Init region query.
[INFO DRT-0024]   Complete PO.
[INFO DRT-0024]   Complete CO.
[INFO DRT-0024]   Complete M1.
[INFO DRT-0024]   Complete VIA1.
[INFO DRT-0024]   Complete M2.
[INFO DRT-0024]   Complete VIA2.
[INFO DRT-0024]   Complete M3.
[INFO DRT-0024]   Complete VIA3.
[INFO DRT-0024]   Complete M4.
[INFO DRT-0024]   Complete VIA4.
[INFO DRT-0024]   Complete M5.
[INFO DRT-0024]   Complete VIA5.
[INFO DRT-0024]   Complete M6.
[INFO DRT-0024]   Complete RV.
[INFO DRT-0024]   Complete AP.
[INFO DRT-0033] PO shape region query size = 0.
[INFO DRT-0033] CO shape region query size = 0.
[INFO DRT-0033] M1 shape region query size = 3291465.
[INFO DRT-0033] VIA1 shape region query size = 76936.
[INFO DRT-0033] M2 shape region query size = 45548.
[INFO DRT-0033] VIA2 shape region query size = 27848.
[INFO DRT-0033] M3 shape region query size = 10620.
[INFO DRT-0033] VIA3 shape region query size = 7080.
[INFO DRT-0033] M4 shape region query size = 5709.
[INFO DRT-0033] VIA4 shape region query size = 13328.
[INFO DRT-0033] M5 shape region query size = 2112.
[INFO DRT-0033] VIA5 shape region query size = 0.
[INFO DRT-0033] M6 shape region query size = 0.
[INFO DRT-0033] RV shape region query size = 0.
[INFO DRT-0033] AP shape region query size = 0.
[INFO DRT-0165] Start pin access.
[INFO DRT-0078]   Complete 872 pins.
[INFO DRT-0079]   Complete 100 unique inst patterns.
[INFO DRT-0081]   Complete 144 unique inst patterns.
[INFO DRT-0082]   Complete 10000 groups.
[INFO DRT-0082]   Complete 20000 groups.
[INFO DRT-0082]   Complete 30000 groups.
[INFO DRT-0082]   Complete 40000 groups.
[INFO DRT-0082]   Complete 50000 groups.
[INFO DRT-0082]   Complete 60000 groups.
[INFO DRT-0082]   Complete 70000 groups.
[INFO DRT-0082]   Complete 80000 groups.
[INFO DRT-0082]   Complete 90000 groups.
[INFO DRT-0084]   Complete 97513 groups.
#scanned instances     = 97513
#unique  instances     = 144
#stdCellGenAp          = 2848
#stdCellValidPlanarAp  = 0
#stdCellValidViaAp     = 2223
#stdCellPinNoAp        = 0
#stdCellPinCnt         = 402927
#instTermValidViaApCnt = 0
#macroGenAp            = 0
#macroValidPlanarAp    = 0
#macroValidViaAp       = 0
#macroNoAp             = 0
[INFO DRT-0166] Complete pin access.
[INFO DRT-0267] cpu time = 00:00:14, elapsed time = 00:00:02, memory = 2120.02 (MB), peak = 2223.46 (MB)
[WARNING DRT-0120] Large net rst_n has 16227 pins which may impact routing performance. Consider optimization.
[WARNING DRT-0120] Large net u_impl/n1127 has 330 pins which may impact routing performance. Consider optimization.
[INFO DRT-0024]   Complete PO.
[INFO DRT-0024]   Complete CO.
[INFO DRT-0024]   Complete M1.
[INFO DRT-0024]   Complete VIA1.
[INFO DRT-0024]   Complete M2.
[INFO DRT-0024]   Complete VIA2.
[INFO DRT-0024]   Complete M3.
[INFO DRT-0024]   Complete VIA3.
[INFO DRT-0024]   Complete M4.
[INFO DRT-0024]   Complete VIA4.
[INFO DRT-0024]   Complete M5.
[INFO DRT-0024]   Complete VIA5.
[INFO DRT-0024]   Complete M6.
[INFO DRT-0024]   Complete RV.
[INFO DRT-0024]   Complete AP.
[INFO DRT-0165] Start pin access.
[INFO DRT-0078]   Complete 872 pins.
[INFO DRT-0079]   Complete 100 unique inst patterns.
[INFO DRT-0081]   Complete 144 unique inst patterns.
[INFO DRT-0082]   Complete 10000 groups.
[INFO DRT-0082]   Complete 20000 groups.
[INFO DRT-0082]   Complete 30000 groups.
[INFO DRT-0082]   Complete 40000 groups.
[INFO DRT-0082]   Complete 50000 groups.
[INFO DRT-0082]   Complete 60000 groups.
[INFO DRT-0082]   Complete 70000 groups.
[INFO DRT-0082]   Complete 80000 groups.
[INFO DRT-0082]   Complete 90000 groups.
[INFO DRT-0084]   Complete 97513 groups.
#scanned instances     = 97513
#unique  instances     = 144
#stdCellGenAp          = 2848
#stdCellValidPlanarAp  = 0
#stdCellValidViaAp     = 2223
#stdCellPinNoAp        = 0
#stdCellPinCnt         = 402927
#instTermValidViaApCnt = 0
#macroGenAp            = 0
#macroValidPlanarAp    = 0
#macroValidViaAp       = 0
#macroNoAp             = 0
[INFO DRT-0166] Complete pin access.
[INFO DRT-0267] cpu time = 00:00:14, elapsed time = 00:00:02, memory = 2148.89 (MB), peak = 2223.96 (MB)
[INFO DRT-0156] guideIn read 100000 guides.
[INFO DRT-0156] guideIn read 200000 guides.
[INFO DRT-0156] guideIn read 300000 guides.
[INFO DRT-0156] guideIn read 400000 guides.
[INFO DRT-0156] guideIn read 500000 guides.
[INFO DRT-0156] guideIn read 600000 guides.
[INFO DRT-0156] guideIn read 700000 guides.
[INFO DRT-0156] guideIn read 800000 guides.
[INFO DRT-0156] guideIn read 900000 guides.
[INFO DRT-0156] guideIn read 1000000 guides.

[INFO DRT-0157] Number of guides:     1116622

[INFO DRT-0169] Post process guides.
[INFO DRT-0176] GCELLGRID X 0 DO 397 STEP 6000 ;
[INFO DRT-0177] GCELLGRID Y 0 DO 397 STEP 6000 ;
[INFO DRT-0026]   Complete 100000 origin guides.
[INFO DRT-0026]   Complete 200000 origin guides.
[INFO DRT-0026]   Complete 300000 origin guides.
[INFO DRT-0026]   Complete 400000 origin guides.
[INFO DRT-0026]   Complete 500000 origin guides.
[INFO DRT-0026]   Complete 600000 origin guides.
[INFO DRT-0026]   Complete 700000 origin guides.
[INFO DRT-0026]   Complete 800000 origin guides.
[INFO DRT-0026]   Complete 900000 origin guides.
[INFO DRT-0027]   Complete 1000000 origin guides.
[INFO DRT-0028]   Complete PO.
[INFO DRT-0028]   Complete CO.
[INFO DRT-0028]   Complete M1.
[INFO DRT-0028]   Complete VIA1.
[INFO DRT-0028]   Complete M2.
[INFO DRT-0028]   Complete VIA2.
[INFO DRT-0028]   Complete M3.
[INFO DRT-0028]   Complete VIA3.
[INFO DRT-0028]   Complete M4.
[INFO DRT-0028]   Complete VIA4.
[INFO DRT-0028]   Complete M5.
[INFO DRT-0028]   Complete VIA5.
[INFO DRT-0028]   Complete M6.
[INFO DRT-0028]   Complete RV.
[INFO DRT-0028]   Complete AP.
  complete 100000 nets.
[INFO DRT-0178] Init guide query.
[INFO DRT-0029]   Complete 100000 nets (guide).
[INFO DRT-0035]   Complete PO (guide).
[INFO DRT-0035]   Complete CO (guide).
[INFO DRT-0035]   Complete M1 (guide).
[INFO DRT-0035]   Complete VIA1 (guide).
[INFO DRT-0035]   Complete M2 (guide).
[INFO DRT-0035]   Complete VIA2 (guide).
[INFO DRT-0035]   Complete M3 (guide).
[INFO DRT-0035]   Complete VIA3 (guide).
[INFO DRT-0035]   Complete M4 (guide).
[INFO DRT-0035]   Complete VIA4 (guide).
[INFO DRT-0035]   Complete M5 (guide).
[INFO DRT-0035]   Complete VIA5 (guide).
[INFO DRT-0035]   Complete M6 (guide).
[INFO DRT-0035]   Complete RV (guide).
[INFO DRT-0035]   Complete AP (guide).
[INFO DRT-0036] PO guide region query size = 0.
[INFO DRT-0036] CO guide region query size = 0.
[INFO DRT-0036] M1 guide region query size = 367043.
[INFO DRT-0036] VIA1 guide region query size = 0.
[INFO DRT-0036] M2 guide region query size = 283753.
[INFO DRT-0036] VIA2 guide region query size = 0.
[INFO DRT-0036] M3 guide region query size = 131302.
[INFO DRT-0036] VIA3 guide region query size = 0.
[INFO DRT-0036] M4 guide region query size = 9617.
[INFO DRT-0036] VIA4 guide region query size = 0.
[INFO DRT-0036] M5 guide region query size = 2961.
[INFO DRT-0036] VIA5 guide region query size = 0.
[INFO DRT-0036] M6 guide region query size = 236.
[INFO DRT-0036] RV guide region query size = 0.
[INFO DRT-0036] AP guide region query size = 0.
[INFO DRT-0179] Init gr pin query.
[INFO DRT-0267] cpu time = 00:01:05, elapsed time = 00:01:02, memory = 2494.63 (MB), peak = 2494.63 (MB)
[INFO DRT-0185] Post process initialize RPin region query.
[INFO DRT-0181] Start track assignment.
[INFO DRT-0184] Done with 293606 vertical wires in 8 frboxes and 501306 horizontal wires in 8 frboxes.
[INFO DRT-0186] Done with 136646 vertical wires in 8 frboxes and 62921 horizontal wires in 8 frboxes.
[INFO DRT-0182] Complete track assignment.
[INFO DRT-0267] cpu time = 00:02:29, elapsed time = 00:00:35, memory = 4371.49 (MB), peak = 4449.61 (MB)
[INFO DRT-0187] Start routing data preparation.
[INFO DRT-0267] cpu time = 00:00:01, elapsed time = 00:00:01, memory = 4645.46 (MB), peak = 4645.46 (MB)
[INFO DRT-0194] Start detail routing.
[INFO DRT-0195] Start 0th optimization iteration.
    Completing 10% with 0 violations.
    elapsed time = 00:05:05, memory = 4841.67 (MB).
    Completing 20% with 0 violations.
    elapsed time = 00:11:46, memory = 5712.66 (MB).
    Completing 30% with 74734 violations.
    elapsed time = 00:15:42, memory = 6276.49 (MB).
    Completing 40% with 74734 violations.
    elapsed time = 00:23:15, memory = 6276.51 (MB).
    Completing 50% with 74734 violations.
    elapsed time = 00:29:15, memory = 6738.27 (MB).
    Completing 60% with 145223 violations.
    elapsed time = 00:35:29, memory = 6852.07 (MB).
    Completing 70% with 145223 violations.
    elapsed time = 00:42:12, memory = 6852.07 (MB).
    Completing 80% with 215584 violations.
    elapsed time = 00:46:31, memory = 7183.09 (MB).
    Completing 90% with 215584 violations.
    elapsed time = 00:54:46, memory = 7201.38 (MB).
    Completing 100% with 282286 violations.
    elapsed time = 01:01:23, memory = 7643.61 (MB).
[INFO DRT-0199]   Number of violations = 308695.
Viol/Layer          M1   VIA1     M2   VIA2     M3   VIA3     M4   VIA4     M5   VIA5     M6
Cut Spacing          0   2367      0    424      0     68      0     13      0      0      0
Metal Spacing    30529      0  12697      0   2952      0    599      0     73      0     10
Min Hole            82      0      2      0      6      0      0      0      1      0      0
Minimum Cut          0      0      0      0      0      0      0      0     31      0      0
NS Metal           214      0      0      0      0      0      0      0      0      0      0
Recheck            995      0  13556      0   9863      0   1010      0    983      0      2
Short            30915     14 156058    312  36352    102   6123      8   2289      1     44
[INFO DRT-0267] cpu time = 08:05:19, elapsed time = 01:03:36, memory = 7644.54 (MB), peak = 7644.54 (MB)
Total wire length = 5578733 um.
Total wire length on LAYER M1 = 52964 um.
Total wire length on LAYER M2 = 2264503 um.
Total wire length on LAYER M3 = 2170976 um.
Total wire length on LAYER M4 = 735635 um.
Total wire length on LAYER M5 = 318980 um.
Total wire length on LAYER M6 = 35672 um.
Total wire length on LAYER AP = 0 um.
Total number of vias = 1026183.
Up-via summary (total 1026183):

--------------
 PO          0
 M1     449367
 M2     477619
 M3      79058
 M4      19010
 M5       1129
 M6          0
--------------
       1026183


[INFO DRT-0195] Start 1st optimization iteration.
    Completing 10% with 308695 violations.
    elapsed time = 00:06:25, memory = 7644.57 (MB).
    Completing 20% with 308695 violations.
    elapsed time = 00:12:26, memory = 7644.57 (MB).
    Completing 30% with 284138 violations.
    e