PDE_HELP_BEGIN initialize_floorplan
initialize_floorplan [-utilization util] [-aspect_ratio ratio]
   [-core_space space | {bottom top left right}] [-die_area {lx ly ux uy}]
   [-core_area {lx ly ux uy}] [-additional_sites site_names] [-site site_name]
   [-row_parity NONE|ODD|EVEN] [-flip_sites site_names] 
PDE_HELP_END initialize_floorplan
PDE_HELP_BEGIN make_tracks
make_tracks [layer] [-x_pitch x_pitch] [-y_pitch y_pitch] [-x_offset x_offset]
   [-y_offset y_offset] 
PDE_HELP_END make_tracks
PDE_HELP_BEGIN place_pins
place_pins [-hor_layers h_layers] [-ver_layers v_layers] [-random_seed seed]
   [-random] [-corner_avoidance distance] [-min_distance min_dist]
   [-min_distance_in_tracks] [-exclude region] [-group_pins pin_list]
   [-annealing] [-write_pin_placement file_name] 

PDE_HELP_END place_pins
PDE_HELP_BEGIN global_placement
global_placement [-skip_initial_place] [-skip_nesterov_place] [-timing_driven]
   [-routability_driven] [-disable_timing_driven] [-disable_routability_driven]
   [-incremental] [-skip_io] [-bin_grid_count grid_count]
   [-density target_density] [-init_density_penalty init_density_penalty]
   [-init_wirelength_coef init_wirelength_coef] [-min_phi_coef min_phi_coef]
   [-max_phi_coef max_phi_coef] [-reference_hpwl reference_hpwl]
   [-overflow overflow] [-initial_place_max_iter initial_place_max_iter]
   [-initial_place_max_fanout initial_place_max_fanout] [-routability_use_grt]
   [-routability_target_rc_metric routability_target_rc_metric]
   [-routability_check_overflow routability_check_overflow]
   [-routability_max_density routability_max_density]
   [-routability_max_inflation_iter routability_max_inflation_iter]
   [-routability_inflation_ratio_coef routability_inflation_ratio_coef]
   [-routability_max_inflation_ratio routability_max_inflation_ratio]
   [-routability_rc_coefficients routability_rc_coefficients]
   [-keep_resize_below_overflow keep_resize_below_overflow]
   [-timing_driven_net_reweight_overflow timing_driven_net_reweight_overflow]
   [-timing_driven_net_weight_max timing_driven_net_weight_max]
   [-timing_driven_nets_percentage timing_driven_nets_percentage]
   [-pad_left pad_left] [-pad_right pad_right]  
PDE_HELP_END global_placement
PDE_HELP_BEGIN detailed_placement
detailed_placement [-max_displacement disp|{disp_x disp_y}]
   [-disallow_one_site_gaps] [-report_file_name file_name] 
PDE_HELP_END detailed_placement
PDE_HELP_BEGIN set_routing_layers
set_routing_layers [-signal min-max] [-clock min-max]   
PDE_HELP_END set_routing_layers
PDE_HELP_BEGIN set_wire_rc
set_wire_rc [-clock] [-signal] [-data] [-layers layers] [-layer layer]
   [-h_resistance h_res] [-h_capacitance h_cap] [-v_resistance v_res]
   [-v_capacitance v_cap] [-resistance res] [-capacitance cap] [-corner corner] 
PDE_HELP_END set_wire_rc
PDE_HELP_BEGIN clock_tree_synthesis
clock_tree_synthesis [-wire_unit unit] [-buf_list buflist] [-root_buf buf]
   [-clk_nets nets] [-tree_buf buf] [-distance_between_buffers]
   [-branching_point_buffers_distance] [-clustering_exponent]
   [-clustering_unbalance_ratio] [-sink_clustering_size]
   [-sink_clustering_max_diameter] [-sink_clustering_enable] [-balance_levels]
   [-sink_clustering_levels levels] [-num_static_layers]
   [-sink_clustering_buffer] [-obstruction_aware] [-apply_ndr]
   [-sink_buffer_max_cap_derate] [-dont_use_dummy_load] [-delay_buffer_derate]
   [-library]   
PDE_HELP_END clock_tree_synthesis
PDE_HELP_BEGIN repair_clock_nets
repair_clock_nets [-max_wire_length max_wire_length] 
PDE_HELP_END repair_clock_nets
PDE_HELP_BEGIN estimate_parasitics
estimate_parasitics -placement|-global_routing [-spef_file filename] 
PDE_HELP_END estimate_parasitics
PDE_HELP_BEGIN report_cts
report_cts [-out_file file]   
PDE_HELP_END report_cts
PDE_HELP_BEGIN global_route
global_route [-guide_file out_file] [-congestion_iterations iterations]
   [-congestion_report_file file_name] [-congestion_report_iter_step steps]
   [-grid_origin origin] [-critical_nets_percentage percent] [-allow_congestion]
   [-overflow_iterations iterations] [-verbose] [-start_incremental]
   [-end_incremental] 

PDE_HELP_END global_route
PDE_HELP_BEGIN detailed_route
detailed_route [-output_maze filename] [-output_drc filename]
   [-output_cmap filename] [-output_guide_coverage filename]
   [-drc_report_iter_step step] [-db_process_node name] [-disable_via_gen]
   [-droute_end_iter iter] [-via_in_pin_bottom_layer layer]
   [-via_in_pin_top_layer layer] [-or_seed seed] [-or_k k]
   [-bottom_routing_layer layer] [-top_routing_layer layer] [-verbose level]
   [-distributed] [-remote_host rhost] [-remote_port rport] [-shared_volume vol]
   [-cloud_size sz] [-clean_patches] [-no_pin_access] [-min_access_points count]
   [-save_guide_updates] [-repair_pdn_vias layer] [-single_step_dr] 

PDE_HELP_END detailed_route
PDE_HELP_BEGIN check_antennas
check_antennas [-verbose] [-report_violating_nets] [-report_file report_file]
   [-net net] 

PDE_HELP_END check_antennas
PDE_HELP_BEGIN repair_antennas
repair_antennas diode_cell [-iterations iterations] [-ratio_margin ratio_margin] 
PDE_HELP_END repair_antennas
PDE_HELP_BEGIN add_global_connection
add_global_connection [-net net_name] [-inst_pattern inst_name_pattern]
   [-pin_pattern pin_name_pattern] [(-power|-ground)] [-region region_name]
   [-defer_connection] 

PDE_HELP_END add_global_connection
PDE_HELP_BEGIN global_connect
global_connect 
PDE_HELP_END global_connect
PDE_HELP_BEGIN define_pdn_grid
define_pdn_grid [-name <name>] [-macro] [-existing]
   [-grid_over_pg_pins|-grid_over_boundary]
   [-voltage_domains <list_of_voltage_domains>]
   [-orient <list_of_valid_orientations>] [-instances <list_of_instances>]
   [-cells <list_of_cell_names> ] [-default] [-halo <list_of_halo_values>]
   [-pins <list_of_pin_layers>] [-starts_with (POWER|GROUND)]
   [-obstructions <list_of_layers>] [-power_switch_cell <name>]
   [-power_control <signal_name>] [-power_control_network (STAR|DAISY)] 

PDE_HELP_END define_pdn_grid
PDE_HELP_BEGIN add_pdn_ring
add_pdn_ring [-grid grid_name] [-layers list_of_2_layer_names]
   [-widths (width_value|list_of_width_values)]
   [-spacings (spacing_value|list_of_spacing_values)]
   [-core_offsets (offset_value|list_of_offset_values)]
   [-pad_offsets (offset_value|list_of_offset_values)]
   [-connect_to_pad_layers layers] [-power_pads list_of_pwr_pads]
   [-ground_pads list_of_gnd_pads] [-nets list_of_nets]
   [-starts_with (POWER|GROUND)] [-add_connect] [-extend_to_boundary]
   [-connect_to_pads] 
                                     
PDE_HELP_END add_pdn_ring
PDE_HELP_BEGIN add_pdn_stripe
add_pdn_stripe [-grid grid_name] -layer layer_name [-width width_value]
   [-followpins] [-extend_to_core_ring] [-pitch pitch_value]
   [-spacing spacing_value] [-offset offset_value] [-starts_with (POWER|GROUND)]
   [-extend_to_boundary] [-snap_to_grid] [-number_of_straps count]
   [-nets list_of_nets] 

PDE_HELP_END add_pdn_stripe
PDE_HELP_BEGIN add_pdn_connect
add_pdn_connect [-grid grid_name] -layers list_of_2_layers
   [-cut_pitch pitch_value] [-fixed_vias list_of_vias]
   [-dont_use_vias list_of_vias] [-max_rows rows] [-max_columns columns]
   [-ongrid ongrid_layers] [-split_cuts split_cuts_mapping] 

PDE_HELP_END add_pdn_connect
PDE_HELP_BEGIN pdngen
pdngen [-skip_trim] [-dont_add_pins] [-reset] [-ripup] [-report_only]
   [-failed_via_report file] [-verbose] 

PDE_HELP_END pdngen
PDE_HELP_BEGIN filler_placement
filler_placement [-prefix prefix] [-verbose] filler_masters  
PDE_HELP_END filler_placement
PDE_HELP_BEGIN write_def
write_def [-version version] filename 
PDE_HELP_END write_def
PDE_HELP_BEGIN write_verilog
write_verilog [-sort] [-include_pwr_gnd] [-remove_cells cells] filename 
PDE_HELP_END write_verilog
PDE_HELP_BEGIN write_spef
write_spef [-net_id net_id] [-nets nets] [-coordinates] filename  
PDE_HELP_END write_spef
PDE_HELP_BEGIN write_db
write_db filename 
PDE_HELP_END write_db
PDE_HELP_BEGIN report_design_area
report_design_area 
PDE_HELP_END report_design_area
