===== HELP repair_antennas =====
repair_antennas diode_cell [-iterations iterations] [-ratio_margin ratio_margin] 
===== HELP check_antennas =====
check_antennas [-verbose] [-report_violating_nets] [-report_file report_file]
   [-net net] 

===== HELP pin_access =====
pin_access [-db_process_node name] [-bottom_routing_layer layer]
   [-top_routing_layer layer] [-min_access_points count] [-verbose level]
   [-distributed] [-remote_host rhost] [-remote_port rport] [-shared_volume vol]
   [-cloud_size sz] 

===== HELP detailed_route =====
detailed_route [-output_maze filename] [-output_drc filename]
   [-output_cmap filename] [-output_guide_coverage filename]
   [-drc_report_iter_step step] [-db_process_node name] [-disable_via_gen]
   [-droute_end_iter iter] [-via_in_pin_bottom_layer layer]
   [-via_in_pin_top_layer layer] [-or_seed seed] [-or_k k]
   [-bottom_routing_layer layer] [-top_routing_layer layer] [-verbose level]
   [-distributed] [-remote_host rhost] [-remote_port rport] [-shared_volume vol]
   [-cloud_size sz] [-clean_patches] [-no_pin_access] [-min_access_points count]
   [-save_guide_updates] [-repair_pdn_vias layer] [-single_step_dr] 

===== HELP filler_placement =====
filler_placement [-prefix prefix] [-verbose] filler_masters  
===== HELP check_placement =====
check_placement [-verbose] [-disallow_one_site_gaps]
   [-report_file_name file_name] 
===== HELP report_floating_nets =====
report_floating_nets [-verbose] [> filename] [>> filename] 
===== HELP report_design_area =====
report_design_area 
===== HELP write_abstract_lef =====
write_abstract_lef [-bloat_factor amount|-bloat_occupied_layers] filename 
