****************************************
Report : constraint
        -all_violators
Design : pde_chip_top_safe
Version: W-2024.09
Date   : Mon Aug  3 20:37:14 2026
****************************************

   late_timing
   -----------

Endpoint                         Path Delay     Path Required       CRP    Slack Group    Scenario
----------------------------------------------------------------------------------------------------------
u_impl/u_core/g_row_16__g_col_9__u_pe/u_r_black/q_reg_15_/D (DFCNQD1)  10.72 r  10.51   0.00  -0.21 core_clk FUNC_WC
u_impl/u_core/g_row_16__g_col_0__u_pe/u_sol/u_red_q_reg_10_/D (DFCNQD1)  10.66 r  10.48   0.00  -0.18 core_clk FUNC_WC
u_impl/u_core/g_row_17__g_col_7__u_pe/u_sol/u_red_q_reg_13_/D (DFCNQD1)  10.69 r  10.51   0.00  -0.17 core_clk FUNC_WC
u_impl/u_core/g_row_5__g_col_1__u_pe/u_sol/u_red_q_reg_13_/D (DFCNQD1)  10.65 r  10.49   0.00  -0.16 core_clk FUNC_WC
u_impl/u_core/g_row_13__g_col_4__u_pe/u_sol/u_red_q_reg_8_/D (DFCNQD1)  10.66 r  10.51   0.00  -0.15 core_clk FUNC_WC
u_impl/u_core/g_row_14__g_col_2__u_pe/u_sol/u_red_q_reg_12_/D (DFCNQD1)  10.68 r  10.54   0.00  -0.14 core_clk FUNC_WC
u_impl/u_core/g_row_6__g_col_7__u_pe/u_r_black/q_reg_5_/D (DFCNQD1)  10.64 r  10.51   0.00  -0.13 core_clk FUNC_WC
u_impl/u_core/g_row_6__g_col_7__u_pe/u_r_black/q_reg_2_/D (DFCNQD1)  10.63 r  10.51   0.00  -0.13 core_clk FUNC_WC
u_impl/u_core/g_row_11__g_col_1__u_pe/u_sol/u_black_q_reg_15_/D (DFCNQD1)  10.43 r  10.30   0.00  -0.12 core_clk FUNC_WC
u_impl/u_core/g_row_15__g_col_0__u_pe/u_sol/u_black_q_reg_12_/D (DFCNQD1)  10.66 r  10.56   0.00  -0.10 core_clk FUNC_WC
u_impl/u_core/g_row_5__g_col_2__u_pe/u_sol/u_red_q_reg_9_/D (DFCNQD1)  10.54 r  10.44   0.00  -0.09 core_clk FUNC_WC
u_impl/u_core/g_row_13__g_col_9__u_pe/u_sol/u_black_q_reg_11_/D (DFCNQD1)  10.58 r  10.49   0.00  -0.09 core_clk FUNC_WC
u_impl/u_core/g_row_11__g_col_1__u_pe/u_sol/u_red_q_reg_15_/D (DFCNQD1)  10.39 r  10.31   0.00  -0.09 core_clk FUNC_WC
u_impl/u_core/g_row_7__g_col_4__u_pe/u_r_black/q_reg_7_/D (DFCNQD1)  10.40 r  10.32   0.00  -0.08 core_clk FUNC_WC
u_impl/u_core/g_row_5__g_col_7__u_pe/u_r_red/q_reg_9_/D (DFCNQD1)  10.60 r  10.52   0.00  -0.08 core_clk FUNC_WC
u_impl/u_core/g_row_15__g_col_3__u_pe/u_sol/u_red_q_reg_12_/D (DFCNQD1)  10.63 r  10.56   0.00  -0.07 core_clk FUNC_WC
u_impl/u_core/g_row_2__g_col_0__u_pe/u_r_red/q_reg_8_/D (DFCNQD1)  10.58 r  10.52   0.00  -0.07 core_clk FUNC_WC
u_impl/u_core/g_row_5__g_col_3__u_pe/u_r_black/q_reg_14_/D (DFCNQD1)  10.62 r  10.55   0.00  -0.07 core_clk FUNC_WC
u_impl/u_core/g_row_5__g_col_7__u_pe/u_r_black/q_reg_12_/D (DFCNQD1)  10.62 r  10.55   0.00  -0.06 core_clk FUNC_WC
u_impl/u_core/g_row_11__g_col_5__u_pe/u_sol/u_red_q_reg_15_/D (DFCNQD1)  10.37 r  10.31   0.00  -0.06 core_clk FUNC_WC
u_impl/u_core/g_row_9__g_col_3__u_pe/u_sol/u_black_q_reg_11_/D (DFCNQD1)  10.57 r  10.52   0.00  -0.06 core_clk FUNC_WC
u_impl/u_core/g_row_5__g_col_7__u_pe/u_r_red/q_reg_12_/D (DFCNQD1)  10.59 r  10.55   0.00  -0.04 core_clk FUNC_WC
u_impl/u_core/g_row_6__g_col_4__u_pe/u_sol/u_red_q_reg_11_/D (DFCNQD1)  10.39 r  10.36   0.00  -0.03 core_clk FUNC_WC
u_impl/u_core/g_row_5__g_col_1__u_pe/u_r_red/q_reg_10_/D (DFCNQD1)  10.55 r  10.52   0.00  -0.02 core_clk FUNC_WC
u_impl/u_core/g_row_9__g_col_3__u_pe/u_sol/u_red_q_reg_11_/D (DFCNQD1)  10.54 r  10.52   0.00  -0.02 core_clk FUNC_WC
u_impl/u_core/g_row_11__g_col_1__u_pe/u_sol/u_black_q_reg_14_/D (DFCNQD1)  10.32 r  10.30   0.00  -0.02 core_clk FUNC_WC
u_impl/u_core/g_row_8__g_col_2__u_pe/u_sol/u_red_q_reg_11_/D (DFCNQD1)  10.53 r  10.53   0.00  -0.00 core_clk FUNC_WC

   early_timing
   -----------

Warning: Scenario FUNC_WC is not configured for hold analysis: skipping. (UIC-058)
Error: None of the specified scenarios are active for hold analysis. (UIC-057)
Endpoint                         Path Delay     Path Required       CRP    Slack Group    Scenario
----------------------------------------------------------------------------------------------------------
No paths.

   Mode: FUNC Corner: WC
   Scenario: FUNC_WC
   max_transition                                                              
                             Required        Actual                            
   Net                      Transition     Transition        Slack  Violation  
  ---------------------------------------------------------------------------
   u_impl/n15368                0.77           0.83          -0.06  (VIOLATED) 
     PIN : u_impl/HFSINV_1316_18520/I     0.77     0.83      -0.06  (VIOLATED) 
     PIN : u_impl/U377/Z        0.77           0.83          -0.06  (VIOLATED) 

  ---------------------------------------------------------------------------
   Number of max_transition violation(s): 1

   Mode: FUNC Corner: WC
   Scenario: FUNC_WC
   max_capacitance                                                             
                             Required        Actual                            
   Net                      Capacitance    Capacitance       Slack  Violation  
  ---------------------------------------------------------------------------
   u_impl/n15368                0.03           0.03          -0.00  (VIOLATED) 
     PIN : u_impl/U377/Z        0.03           0.03          -0.00  (VIOLATED) 

  ---------------------------------------------------------------------------
   Number of max_capacitance violation(s): 1



  Mode: FUNC
  Corner: WC
  Scenario: FUNC_WC

  ---------------------------------------------------------------------------
   Number of min_pulse_width violation(s): 0
   Total number of violation(s): 2
1
