


                              IC Compiler II (TM)

                  Version W-2024.09 for linux64 - Aug 26, 2024
  This release has significant feature enhancements. Please review the Release
                       Notes associated with this release.

                    Copyright (c) 1988 - 2024 Synopsys, Inc.
   This software and the associated documentation are proprietary to Synopsys,
 Inc. This software may only be used in accordance with the terms and conditions
 of a written license agreement with Synopsys, Inc. All other use, reproduction,
   or distribution of this software is strictly prohibited.  Licensed Products
     communicate with Synopsys servers for the purpose of providing software
    updates, detecting software piracy and verifying that customers are using
    Licensed Products in conformity with the applicable License Key for such
  Licensed Products. Synopsys will use information gathered in connection with
    this process to deliver software updates and pursue software pirates and
                                   infringers.

 Inclusivity & Diversity - Visit SolvNetPlus to read the "Synopsys Statement on
            Inclusivity and Diversity" (Refer to article 000036315 at
                        https://solvnetplus.synopsys.com)
 
proc require_env {name} {
  if {![info exists ::env($name)] || [string trim $::env($name)] eq ""} {
    error "Missing required environment variable: $name"
  }
  return [file normalize $::env($name)]
}
proc write_reports {report_dir stem} {
  redirect -file [file join $report_dir ${stem}_qor.rpt] {
    report_qor -nosplit
  }

  current_scenario FUNC_WC
  redirect -file [file join $report_dir ${stem}_constraints_FUNC_WC.rpt] {
    report_constraints -all_violators -nosplit
  }
  redirect -file [file join $report_dir ${stem}_setup_violations_4d.rpt] {
    report_timing -delay_type max -scenarios [get_scenarios FUNC_WC] \
      -max_paths 10000 -slack_lesser_than 0 \
      -significant_digits 4 -physical -nosplit
  }
  redirect -file [file join $report_dir ${stem}_setup_worst_4d.rpt] {
    report_timing -delay_type max -scenarios [get_scenarios FUNC_WC] \
      -max_paths 1 -significant_digits 4 -physical -nosplit
  }

  current_scenario FUNC_BC
  redirect -file [file join $report_dir ${stem}_constraints_FUNC_BC.rpt] {
    report_constraints -all_violators -nosplit
  }
  redirect -file [file join $report_dir ${stem}_hold_violations_4d.rpt] {
    report_timing -delay_type min -scenarios [get_scenarios FUNC_BC] \
      -max_paths 10000 -slack_lesser_than 0 \
      -significant_digits 4 -physical -nosplit
  }
  redirect -file [file join $report_dir ${stem}_hold_worst_4d.rpt] {
    report_timing -delay_type min -scenarios [get_scenarios FUNC_BC] \
      -max_paths 1 -significant_digits 4 -physical -nosplit
  }
}
set design_lib [require_env PDE_AUDIT_DESIGN_LIB]
/home/soleil/code/DigitalIC/PDE/pdeMujunjie/flow/local_runs/icc2_signoff_eco09/work/icc2/pde_chip_top_safe.dlib
set report_dir [require_env PDE_AUDIT_REPORT_DIR]
/home/soleil/code/DigitalIC/PDE/pdeMujunjie/flow/reports/icc2/uncertainty_ab_20260803
file mkdir $report_dir
set_host_options -max_cores 8
1
open_lib $design_lib
Information: Loading library file '/home/soleil/code/DigitalIC/PDE/pdeMujunjie/flow/local_runs/icc2_signoff_eco09/work/icc2/pde_chip_top_safe.dlib' (FILE-007)
Information: Loading library file '/home/soleil/code/DigitalIC/PDE/pdeMujunjie/flow/work/icc2/ref_rebuilt/tcbn65lp_6lmT1.ndm' (FILE-007)
{pde_chip_top_safe.dlib}
open_block pde_chip_top_safe.design
Information: User units loaded from library 'tcbn65lp_6lmT1' (LNK-040)
Opening block 'pde_chip_top_safe.dlib:pde_chip_top_safe.design' in edit mode
{pde_chip_top_safe.dlib:pde_chip_top_safe.design}
link_block
Using libraries: pde_chip_top_safe.dlib tcbn65lp_6lmT1
Visiting block pde_chip_top_safe.dlib:pde_chip_top_safe.design
Design 'pde_chip_top_safe' was successfully linked.
1
puts "PDE_UNCERTAINTY_AB_BEGIN design_lib=$design_lib"
PDE_UNCERTAINTY_AB_BEGIN design_lib=/home/soleil/code/DigitalIC/PDE/pdeMujunjie/flow/local_runs/icc2_signoff_eco09/work/icc2/pde_chip_top_safe.dlib
puts "PDE_UNCERTAINTY_AB_STAGE before setup=0.2 hold=0.2"
PDE_UNCERTAINTY_AB_STAGE before setup=0.2 hold=0.2
write_reports $report_dir before_u020_u020
current_scenario FUNC_WC
{FUNC_WC}
set_clock_uncertainty -setup 0.2 [get_clocks core_clk]
1
current_scenario FUNC_BC
{FUNC_BC}
set_clock_uncertainty -hold 0.05 [get_clocks core_clk]
1
puts "PDE_UNCERTAINTY_AB_STAGE after setup=0.2 hold=0.05"
PDE_UNCERTAINTY_AB_STAGE after setup=0.2 hold=0.05
write_reports $report_dir after_u020_u005
puts "PDE_UNCERTAINTY_AB_DONE no_save=1"
PDE_UNCERTAINTY_AB_DONE no_save=1
exit
Maximum memory usage for this session: 2100.96 MB
Maximum memory usage for this session including child processes: 2100.96 MB
CPU usage for this session:     84 seconds (  0.02 hours)
Elapsed time for this session:     30 seconds (  0.01 hours)
Thank you for using IC Compiler II.
