****************************************
Report : constraint
        -all_violators
Design : pde_chip_top_safe
Version: W-2024.09
Date   : Mon Aug  3 20:33:02 2026
****************************************

   late_timing
   -----------

Warning: Scenario FUNC_BC is not configured for setup analysis: skipping. (UIC-058)
Error: None of the specified scenarios are active for setup analysis. (UIC-057)
Endpoint                         Path Delay     Path Required       CRP    Slack Group    Scenario
----------------------------------------------------------------------------------------------------------
No paths.

   early_timing
   -----------

Endpoint                         Path Delay     Path Required       CRP    Slack Group    Scenario
----------------------------------------------------------------------------------------------------------
u_impl/red_shadow_reg_44__15_/D (DFQD1)   0.55 f   0.57          0.00    -0.02   core_clk FUNC_BC
u_impl/red_shadow_reg_5__15_/D (DFQD1)   0.54 f   0.56           0.00    -0.01   core_clk FUNC_BC
u_impl/u_core/g_row_12__g_col_6__u_pe/u_sol/u_red_q_reg_0_/D (DFCNQD1)   0.58 f   0.59   0.00  -0.01 core_clk FUNC_BC
u_impl/black_shadow_reg_115__5_/D (DFQD1)   0.55 f   0.56        0.00    -0.01   core_clk FUNC_BC
u_impl/black_shadow_reg_145__8_/D (DFQD1)   0.53 f   0.54        0.00    -0.01   core_clk FUNC_BC
u_impl/red_shadow_reg_65__15_/D (DFQD1)   0.49 f   0.50          0.00    -0.01   core_clk FUNC_BC
u_impl/west_shadow_reg_14__4_/D (DFQD1)   0.60 f   0.61          0.00    -0.01   core_clk FUNC_BC
u_impl/u_core/g_row_11__g_col_3__u_pe/u_sol/u_red_q_reg_0_/D (DFCNQD1)   0.58 f   0.59   0.00  -0.01 core_clk FUNC_BC
u_impl/u_core/g_row_19__g_col_3__u_pe/u_sol/u_red_q_reg_0_/D (DFCNQD1)   0.50 f   0.51   0.00  -0.01 core_clk FUNC_BC
u_impl/u_core/g_row_7__g_col_0__u_pe/u_r_black/q_reg_15_/D (DFCNQD1)   0.56 f   0.57   0.00  -0.01 core_clk FUNC_BC
u_impl/u_core/g_row_5__g_col_3__u_pe/u_r_black/q_reg_13_/D (DFCNQD1)   0.57 f   0.58   0.00  -0.01 core_clk FUNC_BC
u_impl/black_shadow_reg_184__7_/D (DFQD1)   0.56 f   0.57        0.00    -0.01   core_clk FUNC_BC
u_impl/east_shadow_reg_1__10_/D (DFQD1)   0.62 f   0.62          0.00    -0.01   core_clk FUNC_BC
u_impl/u_core/g_row_4__g_col_2__u_pe/u_sol/u_black_q_reg_0_/D (DFCNQD1)   0.54 f   0.55   0.00  -0.01 core_clk FUNC_BC
u_impl/u_core/g_row_13__g_col_6__u_pe/u_sol/u_red_q_reg_3_/D (DFCNQD1)   0.55 f   0.56   0.00  -0.01 core_clk FUNC_BC
u_impl/u_core/g_row_7__g_col_4__u_pe/u_r_black/q_reg_14_/D (DFCNQD1)   0.58 f   0.59   0.00  -0.01 core_clk FUNC_BC
u_impl/u_core/g_row_9__g_col_1__u_pe/u_sol/u_red_q_reg_2_/D (DFCNQD1)   0.58 f   0.58   0.00  -0.01 core_clk FUNC_BC
u_impl/u_core/g_row_3__g_col_8__u_pe/u_sol/u_red_q_reg_10_/D (DFCNQD1)   0.56 f   0.56   0.00  -0.01 core_clk FUNC_BC
u_impl/u_core/g_row_8__g_col_1__u_pe/u_r_red/q_reg_15_/D (DFCNQD1)   0.58 f   0.59   0.00  -0.01 core_clk FUNC_BC
u_impl/u_core/g_row_11__g_col_4__u_pe/u_sol/u_black_q_reg_15_/D (DFCNQD1)   0.58 f   0.59   0.00  -0.01 core_clk FUNC_BC
u_impl/u_core/g_row_13__g_col_3__u_pe/u_sol/u_black_q_reg_2_/D (DFCNQD1)   0.58 f   0.58   0.00  -0.01 core_clk FUNC_BC
u_impl/u_core/g_row_19__g_col_2__u_pe/u_sol/u_red_q_reg_15_/D (DFCNQD1)   0.57 f   0.57   0.00  -0.01 core_clk FUNC_BC
u_impl/u_core/g_row_9__g_col_3__u_pe/u_r_black/q_reg_0_/D (DFCNQD1)   0.59 f   0.60   0.00  -0.01 core_clk FUNC_BC
u_impl/u_core/g_row_5__g_col_2__u_pe/u_sol/u_black_q_reg_0_/D (DFCNQD1)   0.51 f   0.52   0.00  -0.01 core_clk FUNC_BC
u_impl/u_core/g_row_11__g_col_3__u_pe/u_r_black/q_reg_14_/D (DFCNQD1)   0.56 f   0.57   0.00  -0.00 core_clk FUNC_BC
u_impl/red_shadow_reg_109__5_/D (DFQD1)   0.57 f   0.58          0.00    -0.00   core_clk FUNC_BC
u_impl/u_core/g_row_4__g_col_8__u_pe/u_sol/u_black_q_reg_9_/D (DFCNQD1)   0.56 f   0.57   0.00  -0.00 core_clk FUNC_BC
u_impl/u_core/g_row_19__g_col_1__u_pe/u_sol/u_red_q_reg_7_/D (DFCNQD1)   0.50 f   0.51   0.00  -0.00 core_clk FUNC_BC
u_impl/red_shadow_reg_187__1_/D (DFQD1)   0.58 f   0.59          0.00    -0.00   core_clk FUNC_BC
u_impl/u_core/g_row_18__g_col_3__u_pe/u_r_red/q_reg_14_/D (DFCNQD1)   0.58 f   0.59   0.00  -0.00 core_clk FUNC_BC
u_impl/u_core/g_row_1__g_col_4__u_pe/u_sol/u_black_q_reg_1_/D (DFCNQD1)   0.56 f   0.57   0.00  -0.00 core_clk FUNC_BC
u_impl/black_shadow_reg_53__9_/D (DFQD1)   0.54 f   0.55         0.00    -0.00   core_clk FUNC_BC
u_impl/u_core/g_row_14__g_col_2__u_pe/u_sol/u_black_q_reg_8_/D (DFCNQD1)   0.59 f   0.60   0.00  -0.00 core_clk FUNC_BC
u_impl/u_core/g_row_4__g_col_1__u_pe/u_sol/u_black_q_reg_8_/D (DFCNQD1)   0.55 f   0.55   0.00  -0.00 core_clk FUNC_BC
u_impl/u_core/g_row_3__g_col_5__u_pe/u_sol/u_black_q_reg_8_/D (DFCNQD1)   0.55 f   0.56   0.00  -0.00 core_clk FUNC_BC
u_impl/u_core/g_row_1__g_col_1__u_pe/u_sol/u_black_q_reg_0_/D (DFCNQD1)   0.56 f   0.57   0.00  -0.00 core_clk FUNC_BC
u_impl/u_core/g_row_4__g_col_8__u_pe/u_sol/u_red_q_reg_9_/D (DFCNQD1)   0.56 f   0.57   0.00  -0.00 core_clk FUNC_BC
u_impl/u_core/g_row_11__g_col_8__u_pe/u_sol/u_red_q_reg_4_/D (DFCNQD1)   0.58 f   0.58   0.00  -0.00 core_clk FUNC_BC
u_impl/u_core/g_row_8__g_col_0__u_pe/u_sol/u_red_q_reg_5_/D (DFCNQD1)   0.55 f   0.56   0.00  -0.00 core_clk FUNC_BC
u_impl/u_core/g_row_18__g_col_9__u_pe/u_sol/u_red_q_reg_1_/D (DFCNQD1)   0.59 f   0.59   0.00  -0.00 core_clk FUNC_BC
u_impl/u_core/g_row_9__g_col_6__u_pe/u_sol/u_red_q_reg_6_/D (DFCNQD1)   0.56 f   0.57   0.00  -0.00 core_clk FUNC_BC
u_impl/u_core/g_row_4__g_col_7__u_pe/u_sol/u_black_q_reg_13_/D (DFCNQD1)   0.58 f   0.58   0.00  -0.00 core_clk FUNC_BC
u_impl/u_core/g_row_18__g_col_7__u_pe/u_sol/u_red_q_reg_0_/D (DFCNQD1)   0.59 f   0.59   0.00  -0.00 core_clk FUNC_BC
u_impl/red_valid_q_reg_94_/D (DFCNQD1)   0.60 f   0.61           0.00    -0.00   core_clk FUNC_BC
u_impl/u_core/g_row_13__g_col_9__u_pe/u_sol/u_black_q_reg_12_/D (DFCNQD1)   0.56 f   0.56   0.00  -0.00 core_clk FUNC_BC
u_impl/u_core/g_row_6__g_col_6__u_pe/u_sol/u_red_q_reg_15_/D (DFCNQD1)   0.53 f   0.53   0.00  -0.00 core_clk FUNC_BC
u_impl/u_core/g_row_13__g_col_3__u_pe/u_r_red/q_reg_12_/D (DFCNQD1)   0.51 f   0.51   0.00  -0.00 core_clk FUNC_BC
u_impl/u_core/g_row_1__g_col_0__u_pe/u_sol/u_red_q_reg_14_/D (DFCNQD1)   0.54 f   0.54   0.00  -0.00 core_clk FUNC_BC
u_impl/u_core/g_row_3__g_col_6__u_pe/u_dsm/err_black_q_reg_1_/D (DFCNQD1)   0.55 f   0.55   0.00  -0.00 core_clk FUNC_BC
u_impl/u_core/g_row_19__g_col_7__u_pe/u_sol/u_black_q_reg_2_/D (DFCNQD1)   0.57 f   0.58   0.00  -0.00 core_clk FUNC_BC
u_impl/u_core/g_row_1__g_col_4__u_pe/u_sol/u_black_q_reg_2_/D (DFCNQD1)   0.56 f   0.57   0.00  -0.00 core_clk FUNC_BC
u_impl/u_core/g_row_7__g_col_0__u_pe/u_sol/u_red_q_reg_0_/D (DFCNQD1)   0.53 f   0.53   0.00  -0.00 core_clk FUNC_BC
u_impl/u_core/g_row_17__g_col_7__u_pe/u_r_black/q_reg_12_/D (DFCNQD1)   0.59 f   0.59   0.00  -0.00 core_clk FUNC_BC
u_impl/u_core/g_row_13__g_col_3__u_pe/u_r_red/q_reg_11_/D (DFCNQD1)   0.51 f   0.51   0.00  -0.00 core_clk FUNC_BC
u_impl/u_core/g_row_2__g_col_1__u_pe/u_sol/u_red_q_reg_1_/D (DFCNQD1)   0.56 f   0.57   0.00  -0.00 core_clk FUNC_BC
u_impl/u_core/g_row_8__g_col_5__u_pe/u_sol/u_red_q_reg_13_/D (DFCNQD1)   0.56 f   0.56   0.00  -0.00 core_clk FUNC_BC
u_impl/u_core/g_row_16__g_col_6__u_pe/u_sol/u_red_q_reg_2_/D (DFCNQD1)   0.59 f   0.59   0.00  -0.00 core_clk FUNC_BC
u_impl/u_core/g_row_4__g_col_9__u_pe/u_sol/u_black_q_reg_11_/D (DFCNQD1)   0.57 f   0.58   0.00  -0.00 core_clk FUNC_BC
u_impl/red_shadow_reg_40__15_/D (DFQD1)   0.61 f   0.61          0.00    -0.00   core_clk FUNC_BC
u_impl/u_core/g_row_4__g_col_0__u_pe/u_r_red/q_reg_4_/D (DFCNQD1)   0.58 f   0.58   0.00  -0.00 core_clk FUNC_BC
u_impl/u_core/g_row_4__g_col_0__u_pe/u_r_black/q_reg_6_/D (DFCNQD1)   0.58 f   0.58   0.00  -0.00 core_clk FUNC_BC
u_impl/north_shadow_reg_6__5_/D (DFQD1)   0.58 f   0.58          0.00    -0.00   core_clk FUNC_BC
u_impl/black_shadow_reg_114__2_/D (DFQD1)   0.57 f   0.57        0.00    -0.00   core_clk FUNC_BC
u_impl/u_core/g_row_14__g_col_2__u_pe/u_sol/u_red_q_reg_0_/D (DFCNQD1)   0.60 f   0.60   0.00  -0.00 core_clk FUNC_BC
u_impl/u_core/g_row_8__g_col_5__u_pe/u_sol/u_red_q_reg_8_/D (DFCNQD1)   0.58 f   0.58   0.00  -0.00 core_clk FUNC_BC
u_impl/u_core/g_row_19__g_col_2__u_pe/u_sol/u_black_q_reg_6_/D (DFCNQD1)   0.57 f   0.57   0.00  -0.00 core_clk FUNC_BC
u_impl/u_core/g_row_4__g_col_9__u_pe/u_sol/u_red_q_reg_0_/D (DFCNQD1)   0.58 f   0.58   0.00  -0.00 core_clk FUNC_BC
u_impl/u_core/g_row_3__g_col_4__u_pe/u_sol/u_red_q_reg_13_/D (DFCNQD1)   0.56 f   0.56   0.00  -0.00 core_clk FUNC_BC
u_impl/u_core/g_row_7__g_col_9__u_pe/u_dsm/err_red_q_reg_0_/D (DFCNQD1)   0.58 f   0.58   0.00  -0.00 core_clk FUNC_BC
u_impl/u_core/g_row_4__g_col_1__u_pe/u_sol/u_black_q_reg_9_/D (DFCNQD1)   0.56 f   0.56   0.00  -0.00 core_clk FUNC_BC
u_impl/u_core/g_row_19__g_col_1__u_pe/u_r_black/q_reg_6_/D (DFCNQD1)   0.60 f   0.60   0.00  -0.00 core_clk FUNC_BC
u_impl/u_core/g_row_7__g_col_4__u_pe/u_sol/u_black_q_reg_0_/D (DFCNQD1)   0.59 f   0.59   0.00  -0.00 core_clk FUNC_BC
u_impl/u_core/g_row_10__g_col_4__u_pe/u_sol/u_red_q_reg_10_/D (DFCNQD1)   0.59 f   0.59   0.00  -0.00 core_clk FUNC_BC
u_impl/u_core/g_row_14__g_col_5__u_pe/u_sol/u_red_q_reg_9_/D (DFCNQD1)   0.59 f   0.59   0.00  -0.00 core_clk FUNC_BC
u_impl/u_core/g_row_9__g_col_8__u_pe/u_sol/u_red_q_reg_5_/D (DFCNQD1)   0.55 f   0.55   0.00  -0.00 core_clk FUNC_BC
u_impl/u_core/g_row_6__g_col_7__u_pe/u_sol/u_black_q_reg_0_/D (DFCNQD1)   0.56 f   0.56   0.00  -0.00 core_clk FUNC_BC
u_impl/u_core/g_row_16__g_col_5__u_pe/u_sol/u_red_q_reg_6_/D (DFCNQD1)   0.57 f   0.57   0.00  -0.00 core_clk FUNC_BC
u_impl/u_core/g_row_13__g_col_3__u_pe/u_sol/u_black_q_reg_3_/D (DFCNQD1)   0.58 f   0.58   0.00  -0.00 core_clk FUNC_BC
u_impl/u_core/g_row_12__g_col_2__u_pe/u_sol/u_black_q_reg_13_/D (DFCNQD1)   0.56 f   0.56   0.00  -0.00 core_clk FUNC_BC
u_impl/u_core/g_row_10__g_col_3__u_pe/u_sol/u_black_q_reg_0_/D (DFCNQD1)   0.59 f   0.59   0.00  -0.00 core_clk FUNC_BC
u_impl/black_shadow_reg_16__5_/D (DFQD1)   0.57 f   0.57         0.00    -0.00   core_clk FUNC_BC
u_impl/red_shadow_reg_102__8_/D (DFQD1)   0.56 f   0.56          0.00    -0.00   core_clk FUNC_BC
u_impl/u_core/g_row_4__g_col_1__u_pe/u_r_black/q_reg_3_/D (DFCNQD1)   0.57 f   0.58   0.00  -0.00 core_clk FUNC_BC
u_impl/u_core/g_row_10__g_col_6__u_pe/u_sol/u_black_q_reg_7_/D (DFCNQD1)   0.58 f   0.58   0.00  -0.00 core_clk FUNC_BC
u_impl/black_shadow_reg_185__11_/D (DFQD2)   0.52 f   0.52       0.00    -0.00   core_clk FUNC_BC
u_impl/u_core/g_row_1__g_col_9__u_pe/u_r_black/q_reg_5_/D (DFCNQD1)   0.58 f   0.58   0.00  -0.00 core_clk FUNC_BC
u_impl/u_core/g_row_10__g_col_8__u_pe/u_sol/u_red_q_reg_12_/D (DFCNQD1)   0.58 f   0.58   0.00  -0.00 core_clk FUNC_BC
u_impl/u_core/g_row_16__g_col_5__u_pe/u_r_black/q_reg_3_/D (DFCNQD1)   0.61 f   0.61   0.00  -0.00 core_clk FUNC_BC
u_impl/u_core/g_row_15__g_col_3__u_pe/u_sol/u_black_q_reg_13_/D (DFCNQD1)   0.58 f   0.58   0.00  -0.00 core_clk FUNC_BC
u_impl/u_core/g_row_17__g_col_6__u_pe/u_sol/u_red_q_reg_0_/D (DFCNQD1)   0.53 f   0.53   0.00  -0.00 core_clk FUNC_BC
u_impl/u_core/g_row_10__g_col_2__u_pe/u_sol/u_black_q_reg_5_/D (DFCNQD1)   0.60 f   0.60   0.00  -0.00 core_clk FUNC_BC
u_impl/u_core/g_row_7__g_col_4__u_pe/u_sol/u_black_q_reg_15_/D (DFCNQD1)   0.59 f   0.59   0.00  -0.00 core_clk FUNC_BC
u_impl/u_core/g_row_16__g_col_3__u_pe/u_sol/u_black_q_reg_8_/D (DFCNQD1)   0.50 f   0.50   0.00  -0.00 core_clk FUNC_BC
u_impl/u_core/g_row_0__g_col_4__u_pe/u_sol/u_red_q_reg_15_/D (DFCNQD1)   0.56 f   0.56   0.00  -0.00 core_clk FUNC_BC
u_impl/u_core/g_row_15__g_col_2__u_pe/u_alu/carry_q_reg_3_/D (DFCNQD1)   0.59 f   0.59   0.00  -0.00 core_clk FUNC_BC
u_impl/u_core/g_row_7__g_col_4__u_pe/u_sol/u_red_q_reg_14_/D (DFCNQD1)   0.59 f   0.59   0.00  -0.00 core_clk FUNC_BC
u_impl/u_core/g_row_15__g_col_0__u_pe/u_r_red/q_reg_12_/D (DFCNQD1)   0.59 f   0.59   0.00  -0.00 core_clk FUNC_BC
u_impl/u_core/g_row_1__g_col_5__u_pe/u_sol/u_red_q_reg_7_/D (DFCNQD1)   0.57 f   0.57   0.00  -0.00 core_clk FUNC_BC
u_impl/u_core/g_row_5__g_col_5__u_pe/u_sol/u_red_q_reg_0_/D (DFCNQD1)   0.57 f   0.57   0.00  -0.00 core_clk FUNC_BC
u_impl/u_core/g_row_18__g_col_6__u_pe/u_sol/u_red_q_reg_12_/D (DFCNQD1)   0.59 f   0.59   0.00  -0.00 core_clk FUNC_BC
u_impl/u_core/g_row_19__g_col_2__u_pe/u_sol/u_red_q_reg_5_/D (DFCNQD1)   0.57 f   0.57   0.00  -0.00 core_clk FUNC_BC
u_impl/u_core/g_row_3__g_col_0__u_pe/u_r_black/q_reg_10_/D (DFCNQD1)   0.58 f   0.58   0.00  -0.00 core_clk FUNC_BC
u_impl/u_core/g_row_14__g_col_5__u_pe/u_r_red/q_reg_15_/D (DFCNQD1)   0.61 f   0.61   0.00  -0.00 core_clk FUNC_BC
u_impl/u_core/g_row_18__g_col_5__u_pe/u_sol/u_red_q_reg_11_/D (DFCNQD1)   0.59 f   0.59   0.00  -0.00 core_clk FUNC_BC
u_impl/u_core/g_row_19__g_col_1__u_pe/u_r_black/q_reg_4_/D (DFCNQD1)   0.50 f   0.51   0.00  -0.00 core_clk FUNC_BC
u_impl/u_core/g_row_19__g_col_1__u_pe/u_r_red/q_reg_3_/D (DFCNQD1)   0.60 f   0.60   0.00  -0.00 core_clk FUNC_BC
u_impl/south_shadow_reg_12__4_/D (DFQD1)   0.61 f   0.61         0.00    -0.00   core_clk FUNC_BC
u_impl/black_shadow_reg_6__13_/D (DFQD1)   0.48 f   0.48         0.00    -0.00   core_clk FUNC_BC
u_impl/u_core/g_row_7__g_col_4__u_pe/u_r_red/q_reg_13_/D (DFCNQD1)   0.50 f   0.50   0.00  -0.00 core_clk FUNC_BC
u_impl/u_core/g_row_19__g_col_2__u_pe/u_r_red/q_reg_2_/D (DFCNQD1)   0.51 f   0.51   0.00  -0.00 core_clk FUNC_BC
u_impl/u_core/g_row_13__g_col_7__u_pe/u_r_red/q_reg_6_/D (DFCNQD1)   0.58 f   0.58   0.00  -0.00 core_clk FUNC_BC
u_impl/u_core/g_row_18__g_col_7__u_pe/u_r_red/q_reg_6_/D (DFCNQD1)   0.59 f   0.59   0.00  -0.00 core_clk FUNC_BC
u_impl/north_shadow_reg_2__3_/D (DFQD1)   0.52 f   0.52          0.00    -0.00   core_clk FUNC_BC
u_impl/east_shadow_reg_13__0_/D (DFQD1)   0.52 f   0.53          0.00    -0.00   core_clk FUNC_BC
u_impl/east_shadow_reg_5__13_/D (DFQD1)   0.60 f   0.60          0.00    -0.00   core_clk FUNC_BC
u_impl/u_core/g_row_19__g_col_1__u_pe/u_r_black/q_reg_3_/D (DFCNQD1)   0.50 f   0.51   0.00  -0.00 core_clk FUNC_BC
u_impl/u_core/g_row_10__g_col_1__u_pe/u_sol/u_red_q_reg_9_/D (DFCNQD1)   0.57 f   0.57   0.00  -0.00 core_clk FUNC_BC
u_impl/u_core/g_row_7__g_col_6__u_pe/u_sol/u_black_q_reg_0_/D (DFCNQD1)   0.52 f   0.52   0.00  -0.00 core_clk FUNC_BC
u_impl/u_core/g_row_7__g_col_3__u_pe/u_r_black/q_reg_8_/D (DFCNQD1)   0.58 f   0.59   0.00  -0.00 core_clk FUNC_BC
u_impl/u_core/g_row_5__g_col_7__u_pe/u_r_red/q_reg_11_/D (DFCNQD1)   0.60 f   0.60   0.00  -0.00 core_clk FUNC_BC
u_impl/u_core/g_row_19__g_col_5__u_pe/u_sol/u_black_q_reg_7_/D (DFCNQD1)   0.57 f   0.57   0.00  -0.00 core_clk FUNC_BC
u_impl/u_core/g_row_13__g_col_6__u_pe/u_r_black/q_reg_5_/D (DFCNQD1)   0.58 f   0.58   0.00  -0.00 core_clk FUNC_BC
u_impl/u_core/g_row_7__g_col_4__u_pe/u_r_red/q_reg_12_/D (DFCNQD1)   0.50 f   0.50   0.00  -0.00 core_clk FUNC_BC
u_impl/u_core/g_row_16__g_col_1__u_pe/u_sol/u_black_q_reg_4_/D (DFCNQD1)   0.58 f   0.58   0.00  -0.00 core_clk FUNC_BC
u_impl/u_core/g_row_14__g_col_9__u_pe/u_alu/carry_q_reg_3_/D (DFCNQD1)   0.52 f   0.52   0.00  -0.00 core_clk FUNC_BC
u_impl/u_core/g_row_3__g_col_6__u_pe/u_sol/u_red_q_reg_11_/D (DFCNQD1)   0.56 f   0.56   0.00  -0.00 core_clk FUNC_BC
u_impl/u_core/g_row_13__g_col_5__u_pe/u_sol/u_black_q_reg_15_/D (DFCNQD1)   0.59 f   0.59   0.00  -0.00 core_clk FUNC_BC
u_impl/u_core/g_row_7__g_col_3__u_pe/u_r_black/q_reg_3_/D (DFCNQD1)   0.58 f   0.58   0.00  -0.00 core_clk FUNC_BC
u_impl/u_core/g_row_12__g_col_3__u_pe/u_r_black/q_reg_9_/D (DFCNQD1)   0.50 f   0.50   0.00  -0.00 core_clk FUNC_BC
u_impl/u_core/g_row_9__g_col_0__u_pe/u_r_red/q_reg_13_/D (DFCNQD1)   0.60 f   0.60   0.00  -0.00 core_clk FUNC_BC
u_impl/red_shadow_reg_143__3_/D (DFQD2)   0.63 f   0.63          0.00    -0.00   core_clk FUNC_BC
u_impl/u_core/g_row_0__g_col_4__u_pe/u_r_black/q_reg_0_/D (DFCNQD1)   0.56 f   0.56   0.00  -0.00 core_clk FUNC_BC
u_impl/u_core/g_row_13__g_col_3__u_pe/u_r_red/q_reg_4_/D (DFCNQD1)   0.57 f   0.57   0.00  -0.00 core_clk FUNC_BC
u_impl/u_core/g_row_0__g_col_6__u_pe/u_sol/u_black_q_reg_4_/D (DFCNQD1)   0.56 f   0.56   0.00  -0.00 core_clk FUNC_BC
u_impl/u_core/g_row_9__g_col_6__u_pe/u_sol/u_red_q_reg_14_/D (DFCNQD1)   0.59 f   0.59   0.00  -0.00 core_clk FUNC_BC
u_impl/u_core/g_row_18__g_col_5__u_pe/u_sol/u_red_q_reg_2_/D (DFCNQD1)   0.59 f   0.59   0.00  -0.00 core_clk FUNC_BC
u_impl/red_shadow_reg_88__2_/D (DFQD1)   0.60 f   0.61           0.00    -0.00   core_clk FUNC_BC
u_impl/u_core/g_row_2__g_col_7__u_pe/u_sol/u_black_q_reg_15_/D (DFCNQD1)   0.57 f   0.57   0.00  -0.00 core_clk FUNC_BC
u_impl/u_core/g_row_13__g_col_4__u_pe/u_sol/u_black_q_reg_12_/D (DFCNQD1)   0.53 f   0.53   0.00  -0.00 core_clk FUNC_BC
u_impl/u_core/g_row_13__g_col_0__u_pe/u_dsm/err_black_q_reg_1_/D (DFCNQD1)   0.60 f   0.60   0.00  -0.00 core_clk FUNC_BC
u_impl/u_core/g_row_15__g_col_2__u_pe/u_r_red/q_reg_4_/D (DFCNQD1)   0.58 f   0.58   0.00  -0.00 core_clk FUNC_BC
u_impl/u_core/g_row_15__g_col_7__u_pe/u_sol/u_black_q_reg_4_/D (DFCNQD1)   0.58 f   0.58   0.00  -0.00 core_clk FUNC_BC
u_impl/u_core/g_row_19__g_col_8__u_pe/u_r_red/q_reg_4_/D (DFCNQD1)   0.59 f   0.59   0.00  -0.00 core_clk FUNC_BC
u_impl/u_core/g_row_5__g_col_3__u_pe/u_sol/u_red_q_reg_0_/D (DFCNQD1)   0.52 f   0.52   0.00  -0.00 core_clk FUNC_BC
u_impl/u_core/g_row_8__g_col_6__u_pe/u_sol/u_black_q_reg_13_/D (DFCNQD1)   0.50 f   0.50   0.00  -0.00 core_clk FUNC_BC
u_impl/u_core/g_row_4__g_col_9__u_pe/u_sol/u_black_q_reg_5_/D (DFCNQD1)   0.51 f   0.51   0.00  -0.00 core_clk FUNC_BC
u_impl/black_shadow_reg_150__5_/D (DFQD1)   0.54 f   0.54        0.00    -0.00   core_clk FUNC_BC
u_impl/u_core/g_row_6__g_col_2__u_pe/u_sol/u_red_q_reg_15_/D (DFCNQD1)   0.57 f   0.57   0.00  -0.00 core_clk FUNC_BC
u_impl/u_core/g_row_8__g_col_2__u_pe/u_sol/u_red_q_reg_5_/D (DFCNQD1)   0.59 f   0.59   0.00  -0.00 core_clk FUNC_BC
u_impl/u_core/g_row_11__g_col_0__u_pe/u_r_red/q_reg_8_/D (DFCNQD1)   0.57 f   0.57   0.00  -0.00 core_clk FUNC_BC
u_impl/u_core/g_row_13__g_col_7__u_pe/u_r_red/q_reg_5_/D (DFCNQD1)   0.58 f   0.58   0.00  -0.00 core_clk FUNC_BC
u_impl/black_shadow_reg_183__5_/D (DFQD1)   0.55 f   0.55        0.00    -0.00   core_clk FUNC_BC
u_impl/u_core/g_row_14__g_col_5__u_pe/u_sol/u_black_q_reg_14_/D (DFCNQD1)   0.59 f   0.59   0.00  -0.00 core_clk FUNC_BC
u_impl/u_core/g_row_17__g_col_9__u_pe/u_r_black/q_reg_11_/D (DFCNQD1)   0.50 f   0.50   0.00  -0.00 core_clk FUNC_BC
u_impl/u_core/g_row_3__g_col_4__u_pe/u_sol/u_red_q_reg_8_/D (DFCNQD1)   0.56 f   0.56   0.00  -0.00 core_clk FUNC_BC
u_impl/u_core/g_row_17__g_col_9__u_pe/u_r_red/q_reg_7_/D (DFCNQD1)   0.61 f   0.61   0.00  -0.00 core_clk FUNC_BC
u_impl/black_shadow_reg_1__4_/D (DFQD1)   0.57 f   0.57          0.00    -0.00   core_clk FUNC_BC
u_impl/u_core/g_row_2__g_col_8__u_pe/u_sol/u_black_q_reg_10_/D (DFCNQD1)   0.57 f   0.57   0.00  -0.00 core_clk FUNC_BC
u_impl/red_shadow_reg_110__7_/D (DFQD1)   0.62 f   0.62          0.00    -0.00   core_clk FUNC_BC
u_impl/u_core/g_row_4__g_col_3__u_pe/u_sol/u_black_q_reg_6_/D (DFCNQD1)   0.55 f   0.55   0.00  -0.00 core_clk FUNC_BC
u_impl/u_core/g_row_1__g_col_9__u_pe/u_r_black/q_reg_4_/D (DFCNQD1)   0.58 f   0.58   0.00  -0.00 core_clk FUNC_BC
u_impl/u_core/g_row_15__g_col_6__u_pe/u_r_red/q_reg_1_/D (DFCNQD1)   0.58 f   0.58   0.00  -0.00 core_clk FUNC_BC
u_impl/black_shadow_reg_15__0_/D (DFQD1)   0.47 f   0.47         0.00    -0.00   core_clk FUNC_BC
u_impl/u_core/g_row_13__g_col_8__u_pe/u_sol/u_red_q_reg_0_/D (DFCNQD1)   0.56 f   0.56   0.00  -0.00 core_clk FUNC_BC
u_impl/u_core/g_row_15__g_col_9__u_pe/u_sol/u_black_q_reg_0_/D (DFCNQD1)   0.58 f   0.58   0.00  -0.00 core_clk FUNC_BC
u_impl/u_core/g_row_18__g_col_2__u_pe/u_r_black/q_reg_1_/D (DFCNQD1)   0.58 f   0.58   0.00  -0.00 core_clk FUNC_BC
u_impl/black_shadow_reg_109__8_/D (DFQD1)   0.57 f   0.57        0.00    -0.00   core_clk FUNC_BC
u_impl/u_core/g_row_5__g_col_0__u_pe/u_r_black/q_reg_10_/D (DFCNQD1)   0.57 f   0.57   0.00  -0.00 core_clk FUNC_BC
u_impl/u_core/g_row_5__g_col_0__u_pe/u_sol/u_red_q_reg_0_/D (DFCNQD1)   0.57 f   0.57   0.00  -0.00 core_clk FUNC_BC
u_impl/u_core/g_row_6__g_col_9__u_pe/u_r_black/q_reg_13_/D (DFCNQD1)   0.57 f   0.57   0.00  -0.00 core_clk FUNC_BC
u_impl/south_shadow_reg_6__5_/D (DFQD1)   0.61 f   0.61          0.00    -0.00   core_clk FUNC_BC
u_impl/red_shadow_reg_90__2_/D (DFQD1)   0.59 f   0.59           0.00    -0.00   core_clk FUNC_BC
u_impl/u_core/g_row_1__g_col_8__u_pe/u_sol/u_red_q_reg_15_/D (DFCNQD1)   0.55 f   0.55   0.00  -0.00 core_clk FUNC_BC
u_impl/u_core/g_row_2__g_col_5__u_pe/u_sol/u_red_q_reg_11_/D (DFCNQD1)   0.55 f   0.55   0.00  -0.00 core_clk FUNC_BC
u_impl/u_core/g_row_12__g_col_1__u_pe/u_r_black/q_reg_11_/D (DFCNQD1)   0.59 f   0.59   0.00  -0.00 core_clk FUNC_BC
u_impl/u_core/g_row_5__g_col_4__u_pe/u_r_black/q_reg_9_/D (DFCNQD1)   0.57 f   0.57   0.00  -0.00 core_clk FUNC_BC
u_impl/u_core/g_row_14__g_col_5__u_pe/u_sol/u_black_q_reg_12_/D (DFCNQD1)   0.60 f   0.60   0.00  -0.00 core_clk FUNC_BC
u_impl/u_core/g_row_14__g_col_6__u_pe/u_sol/u_black_q_reg_1_/D (DFCNQD1)   0.53 f   0.53   0.00  -0.00 core_clk FUNC_BC
u_impl/black_shadow_reg_126__3_/D (DFQD1)   0.60 f   0.60        0.00    -0.00   core_clk FUNC_BC
u_impl/u_core/g_row_14__g_col_5__u_pe/u_r_red/q_reg_12_/D (DFCNQD1)   0.61 f   0.61   0.00  -0.00 core_clk FUNC_BC
u_impl/u_core/g_row_8__g_col_4__u_pe/u_r_red/q_reg_7_/D (DFCNQD1)   0.51 f   0.51   0.00  -0.00 core_clk FUNC_BC
u_impl/u_core/g_row_11__g_col_7__u_pe/u_r_black/q_reg_11_/D (DFCNQD1)   0.59 f   0.59   0.00  -0.00 core_clk FUNC_BC
u_impl/u_core/g_row_8__g_col_9__u_pe/u_sol/u_black_q_reg_0_/D (DFCNQD1)   0.56 f   0.56   0.00  -0.00 core_clk FUNC_BC
u_impl/u_core/g_row_9__g_col_3__u_pe/u_alu/carry_q_reg_2_/D (DFCNQD1)   0.61 f   0.61   0.00  -0.00 core_clk FUNC_BC
u_impl/u_core/g_row_13__g_col_5__u_pe/u_r_black/q_reg_3_/D (DFCNQD1)   0.57 f   0.57   0.00  -0.00 core_clk FUNC_BC
u_impl/u_core/g_row_11__g_col_2__u_pe/u_r_black/q_reg_4_/D (DFCNQD1)   0.57 f   0.57   0.00  -0.00 core_clk FUNC_BC
u_impl/red_shadow_reg_182__1_/D (DFQD1)   0.59 f   0.59          0.00    -0.00   core_clk FUNC_BC
u_impl/u_core/g_row_16__g_col_4__u_pe/u_sol/u_black_q_reg_7_/D (DFCNQD1)   0.50 f   0.50   0.00  -0.00 core_clk FUNC_BC
u_impl/u_core/g_row_19__g_col_8__u_pe/u_sol/u_black_q_reg_11_/D (DFCNQD1)   0.58 f   0.58   0.00  -0.00 core_clk FUNC_BC
u_impl/u_core/g_row_3__g_col_8__u_pe/u_r_red/q_reg_9_/D (DFCNQD1)   0.59 f   0.59   0.00  -0.00 core_clk FUNC_BC
u_impl/u_core/g_row_16__g_col_2__u_pe/u_dsm/rem_q_reg_0_/D (DFCNQD1)   0.60 f   0.60   0.00  -0.00 core_clk FUNC_BC
u_impl/u_core/g_row_18__g_col_4__u_pe/u_sol/u_red_q_reg_10_/D (DFCNQD1)   0.60 f   0.60   0.00  -0.00 core_clk FUNC_BC
u_impl/u_core/g_row_6__g_col_8__u_pe/u_r_black/q_reg_4_/D (DFCNQD1)   0.57 f   0.57   0.00  -0.00 core_clk FUNC_BC
u_impl/black_shadow_reg_141__10_/D (DFQD1)   0.59 f   0.59       0.00    -0.00   core_clk FUNC_BC

   Mode: FUNC Corner: BC
   Scenario: FUNC_BC
   max_transition                                                              
                             Required        Actual                            
   Net                      Transition     Transition        Slack  Violation  
  ---------------------------------------------------------------------------
   u_impl/u_core/n469_CDR1      0.36           0.37          -0.01  (VIOLATED) 
     PIN : u_impl/u_core/ropt_mt_inst_50406/I     0.36     0.37    -0.01 (VIOLATED)
     PIN : u_impl/u_core/U219/ZN     0.36      0.37          -0.01  (VIOLATED) 

   u_impl/u_core/HFSNET_1110     0.36          0.37          -0.01  (VIOLATED) 
     PIN : u_impl/u_core/g_row_10__g_col_5__u_pe/u_r_black/U11/A1     0.36     0.37    -0.01 (VIOLATED)
     PIN : u_impl/u_core/g_row_10__g_col_5__u_pe/u_r_red/U12/A1     0.36     0.37    -0.01 (VIOLATED)
     PIN : u_impl/u_core/g_row_10__g_col_5__u_pe/u_r_black/U6/A1     0.36     0.37    -0.01 (VIOLATED)
     PIN : u_impl/u_core/g_row_10__g_col_5__u_pe/u_r_red/U5/C1     0.36     0.37    -0.01 (VIOLATED)
     PIN : u_impl/u_core/g_row_10__g_col_5__u_pe/u_r_red/U10/C1     0.36     0.37    -0.01 (VIOLATED)
     PIN : u_impl/u_core/g_row_10__g_col_5__u_pe/u_r_red/U20/B1     0.36     0.37    -0.01 (VIOLATED)
     PIN : u_impl/u_core/g_row_10__g_col_5__u_pe/u_r_black/U10/C1     0.36     0.37    -0.01 (VIOLATED)
     PIN : u_impl/u_core/g_row_10__g_col_5__u_pe/u_r_red/U14/A1     0.36     0.37    -0.01 (VIOLATED)
     PIN : u_impl/u_core/g_row_10__g_col_5__u_pe/u_r_red/U13/A1     0.36     0.37    -0.01 (VIOLATED)
     PIN : u_impl/u_core/g_row_9__g_col_8__u_pe/u_r_red/U15/A1     0.36     0.37    -0.01 (VIOLATED)
     PIN : u_impl/u_core/g_row_10__g_col_5__u_pe/u_r_black/U7/A1     0.36     0.37    -0.01 (VIOLATED)
     PIN : u_impl/u_core/g_row_10__g_col_5__u_pe/u_r_black/U9/C1     0.36     0.37    -0.01 (VIOLATED)
     PIN : u_impl/u_core/g_row_10__g_col_5__u_pe/u_r_black/U13/A1     0.36     0.37    -0.01 (VIOLATED)
     PIN : u_impl/u_core/g_row_10__g_col_5__u_pe/u_r_black/U20/A1     0.36     0.37    -0.01 (VIOLATED)
     PIN : u_impl/u_core/g_row_10__g_col_5__u_pe/u_r_black/U4/A1     0.36     0.37    -0.01 (VIOLATED)
     PIN : u_impl/u_core/g_row_10__g_col_5__u_pe/u_r_black/U3/A1     0.36     0.37    -0.01 (VIOLATED)
     PIN : u_impl/u_core/g_row_10__g_col_5__u_pe/u_r_red/U8/A1     0.36     0.37    -0.01 (VIOLATED)
     PIN : u_impl/u_core/g_row_10__g_col_5__u_pe/u_r_black/U29/A1     0.36     0.37    -0.01 (VIOLATED)
     PIN : u_impl/u_core/g_row_10__g_col_5__u_pe/u_r_black/U17/B1     0.36     0.37    -0.01 (VIOLATED)
     PIN : u_impl/u_core/g_row_10__g_col_5__u_pe/u_r_red/U19/B1     0.36     0.37    -0.01 (VIOLATED)
     PIN : u_impl/u_core/g_row_10__g_col_5__u_pe/u_r_red/U11/A1     0.36     0.37    -0.01 (VIOLATED)
     PIN : u_impl/u_core/g_row_10__g_col_5__u_pe/u_r_black/U18/B1     0.36     0.37    -0.01 (VIOLATED)
     PIN : u_impl/u_core/g_row_10__g_col_5__u_pe/u_r_black/U8/C1     0.36     0.37    -0.01 (VIOLATED)
     PIN : u_impl/u_core/g_row_10__g_col_5__u_pe/u_r_red/U7/A1     0.36     0.37    -0.01 (VIOLATED)
     PIN : u_impl/u_core/HFSBUF_78239_20666/Z     0.36     0.37    -0.01 (VIOLATED)
     PIN : u_impl/u_core/g_row_10__g_col_5__u_pe/u_r_black/U19/B1     0.36     0.37    -0.00 (VIOLATED)
     PIN : u_impl/u_core/g_row_10__g_col_5__u_pe/u_r_red/U17/B1     0.36     0.37    -0.00 (VIOLATED)
     PIN : u_impl/u_core/g_row_10__g_col_5__u_pe/u_r_black/U15/A1     0.36     0.37    -0.00 (VIOLATED)
     PIN : u_impl/u_core/g_row_10__g_col_5__u_pe/u_r_black/U14/A1     0.36     0.37    -0.00 (VIOLATED)
     PIN : u_impl/u_core/g_row_10__g_col_5__u_pe/u_r_red/U16/A1     0.36     0.37    -0.00 (VIOLATED)
     PIN : u_impl/u_core/g_row_10__g_col_5__u_pe/u_r_red/U9/C1     0.36     0.37    -0.00 (VIOLATED)
     PIN : u_impl/u_core/g_row_10__g_col_5__u_pe/u_r_red/U15/A1     0.36     0.37    -0.00 (VIOLATED)
     PIN : u_impl/u_core/g_row_10__g_col_5__u_pe/u_r_red/U18/B1     0.36     0.37    -0.00 (VIOLATED)
     PIN : u_impl/u_core/g_row_10__g_col_5__u_pe/u_r_red/U21/A1     0.36     0.37    -0.00 (VIOLATED)
     PIN : u_impl/u_core/g_row_10__g_col_5__u_pe/u_r_black/U16/B1     0.36     0.37    -0.00 (VIOLATED)

   u_impl/u_core/HFSNET_1511     0.36          0.37          -0.01  (VIOLATED) 
     PIN : u_impl/u_core/g_row_8__g_col_5__u_pe/u_sol/U30/A1     0.36     0.37    -0.01 (VIOLATED)
     PIN : u_impl/u_core/HFSBUF_136131_21097/Z     0.36     0.37    -0.01 (VIOLATED)
     PIN : u_impl/u_core/g_row_7__g_col_9__u_pe/u_sol/U9/A1     0.36     0.37    -0.00 (VIOLATED)
     PIN : u_impl/u_core/g_row_7__g_col_9__u_pe/u_sol/U38/A1     0.36     0.37    -0.00 (VIOLATED)
     PIN : u_impl/u_core/g_row_7__g_col_9__u_pe/u_sol/U35/A1     0.36     0.37    -0.00 (VIOLATED)
     PIN : u_impl/u_core/g_row_7__g_col_9__u_pe/u_sol/U33/A1     0.36     0.37    -0.00 (VIOLATED)
     PIN : u_impl/u_core/g_row_7__g_col_9__u_pe/u_sol/U31/A1     0.36     0.37    -0.00 (VIOLATED)
     PIN : u_impl/u_core/g_row_7__g_col_9__u_pe/u_sol/U29/A1     0.36     0.37    -0.00 (VIOLATED)
     PIN : u_impl/u_core/g_row_7__g_col_9__u_pe/u_sol/U18/A1     0.36     0.37    -0.00 (VIOLATED)
     PIN : u_impl/u_core/g_row_7__g_col_9__u_pe/u_sol/U16/A1     0.36     0.37    -0.00 (VIOLATED)
     PIN : u_impl/u_core/g_row_7__g_col_9__u_pe/u_sol/U14/A1     0.36     0.37    -0.00 (VIOLATED)
     PIN : u_impl/u_core/g_row_7__g_col_9__u_pe/u_sol/U12/A1     0.36     0.37    -0.00 (VIOLATED)
     PIN : u_impl/u_core/g_row_7__g_col_9__u_pe/u_sol/U11/A1     0.36     0.37    -0.00 (VIOLATED)
     PIN : u_impl/u_core/g_row_7__g_col_9__u_pe/u_ctrl/U14/A1     0.36     0.37    -0.00 (VIOLATED)
     PIN : u_impl/u_core/g_row_8__g_col_6__u_pe/u_sol/U26/A1     0.36     0.37    -0.00 (VIOLATED)
     PIN : u_impl/u_core/g_row_8__g_col_6__u_pe/u_sol/U30/A1     0.36     0.37    -0.00 (VIOLATED)
     PIN : u_impl/u_core/g_row_8__g_col_6__u_pe/u_sol/U32/A1     0.36     0.37    -0.00 (VIOLATED)
     PIN : u_impl/u_core/g_row_8__g_col_6__u_pe/u_sol/U28/A1     0.36     0.37    -0.00 (VIOLATED)
     PIN : u_impl/u_core/g_row_8__g_col_6__u_pe/u_sol/U23/A1     0.36     0.37    -0.00 (VIOLATED)
     PIN : u_impl/u_core/g_row_8__g_col_6__u_pe/u_sol/U24/A1     0.36     0.37    -0.00 (VIOLATED)
     PIN : u_impl/u_core/g_row_8__g_col_6__u_pe/u_ctrl/U10/A1     0.36     0.37    -0.00 (VIOLATED)
     PIN : u_impl/u_core/g_row_8__g_col_5__u_pe/u_sol/U24/A1     0.36     0.37    -0.00 (VIOLATED)
     PIN : u_impl/u_core/g_row_8__g_col_5__u_pe/u_sol/U28/A1     0.36     0.37    -0.00 (VIOLATED)
     PIN : u_impl/u_core/g_row_8__g_col_5__u_pe/u_sol/U5/A1     0.36     0.36    -0.00 (VIOLATED)
     PIN : u_impl/u_core/g_row_7__g_col_9__u_pe/u_sol/U20/A1     0.36     0.36    -0.00 (VIOLATED)
     PIN : u_impl/u_core/g_row_7__g_col_9__u_pe/u_sol/U27/A1     0.36     0.36    -0.00 (VIOLATED)
     PIN : u_impl/u_core/g_row_7__g_col_9__u_pe/u_sol/U24/A1     0.36     0.36    -0.00 (VIOLATED)
     PIN : u_impl/u_core/g_row_7__g_col_9__u_pe/u_sol/U22/A1     0.36     0.36    -0.00 (VIOLATED)
     PIN : u_impl/u_core/g_row_7__g_col_9__u_pe/u_sol/U5/A1     0.36     0.36    -0.00 (VIOLATED)
     PIN : u_impl/u_core/g_row_8__g_col_5__u_pe/u_sol/U26/A1     0.36     0.36    -0.00 (VIOLATED)

   u_impl/u_core/g_row_18__g_col_7__u_pe/HFSNET_10     0.36     0.36    -0.00 (VIOLATED)
     PIN : u_impl/u_core/g_row_18__g_col_7__u_pe/HFSBUF_18809_20533/Z     0.36     0.36    -0.00 (VIOLATED)
     PIN : u_impl/u_core/g_row_18__g_col_7__u_pe/u_r_red/U16/A1     0.36     0.36    -0.00 (VIOLATED)
     PIN : u_impl/u_core/g_row_18__g_col_7__u_pe/u_r_red/U29/A1     0.36     0.36    -0.00 (VIOLATED)
     PIN : u_impl/u_core/g_row_18__g_col_7__u_pe/u_r_red/U26/A1     0.36     0.36    -0.00 (VIOLATED)
     PIN : u_impl/u_core/g_row_18__g_col_7__u_pe/u_r_red/U22/A1     0.36     0.36    -0.00 (VIOLATED)
     PIN : u_impl/u_core/g_row_18__g_col_7__u_pe/u_r_red/U21/B1     0.36     0.36    -0.00 (VIOLATED)
     PIN : u_impl/u_core/g_row_18__g_col_7__u_pe/u_r_red/U20/B1     0.36     0.36    -0.00 (VIOLATED)
     PIN : u_impl/u_core/g_row_18__g_col_7__u_pe/u_r_red/U19/B1     0.36     0.36    -0.00 (VIOLATED)
     PIN : u_impl/u_core/g_row_18__g_col_7__u_pe/u_r_red/U18/A1     0.36     0.36    -0.00 (VIOLATED)
     PIN : u_impl/u_core/g_row_18__g_col_7__u_pe/u_r_black/U5/A1     0.36     0.36    -0.00 (VIOLATED)
     PIN : u_impl/u_core/g_row_18__g_col_7__u_pe/u_r_red/U15/A1     0.36     0.36    -0.00 (VIOLATED)
     PIN : u_impl/u_core/g_row_18__g_col_7__u_pe/u_r_red/U14/A1     0.36     0.36    -0.00 (VIOLATED)
     PIN : u_impl/u_core/g_row_18__g_col_7__u_pe/u_r_red/U13/A1     0.36     0.36    -0.00 (VIOLATED)
     PIN : u_impl/u_core/g_row_18__g_col_7__u_pe/u_r_red/U12/C1     0.36     0.36    -0.00 (VIOLATED)
     PIN : u_impl/u_core/g_row_18__g_col_7__u_pe/u_r_red/U11/C1     0.36     0.36    -0.00 (VIOLATED)
     PIN : u_impl/u_core/g_row_18__g_col_7__u_pe/u_r_red/U10/C1     0.36     0.36    -0.00 (VIOLATED)
     PIN : u_impl/u_core/g_row_18__g_col_7__u_pe/u_r_red/U9/A1     0.36     0.36    -0.00 (VIOLATED)
     PIN : u_impl/u_core/g_row_18__g_col_7__u_pe/u_r_red/U8/A1     0.36     0.36    -0.00 (VIOLATED)
     PIN : u_impl/u_core/g_row_18__g_col_7__u_pe/u_r_red/U3/B1     0.36     0.36    -0.00 (VIOLATED)
     PIN : u_impl/u_core/g_row_18__g_col_7__u_pe/u_r_black/U29/A1     0.36     0.36    -0.00 (VIOLATED)
     PIN : u_impl/u_core/g_row_18__g_col_7__u_pe/u_r_black/U23/A1     0.36     0.36    -0.00 (VIOLATED)
     PIN : u_impl/u_core/g_row_18__g_col_7__u_pe/u_r_black/U19/A1     0.36     0.36    -0.00 (VIOLATED)
     PIN : u_impl/u_core/g_row_18__g_col_7__u_pe/u_r_black/U10/A1     0.36     0.36    -0.00 (VIOLATED)
     PIN : u_impl/u_core/g_row_18__g_col_7__u_pe/u_r_black/U11/A1     0.36     0.36    -0.00 (VIOLATED)
     PIN : u_impl/u_core/g_row_18__g_col_7__u_pe/u_r_black/U18/B1     0.36     0.36    -0.00 (VIOLATED)
     PIN : u_impl/u_core/g_row_18__g_col_7__u_pe/u_r_black/U13/A1     0.36     0.36    -0.00 (VIOLATED)
     PIN : u_impl/u_core/g_row_18__g_col_7__u_pe/u_r_black/U6/A1     0.36     0.36    -0.00 (VIOLATED)
     PIN : u_impl/u_core/g_row_18__g_col_7__u_pe/u_r_black/U17/B1     0.36     0.36    -0.00 (VIOLATED)
     PIN : u_impl/u_core/g_row_18__g_col_7__u_pe/u_r_black/U16/B1     0.36     0.36    -0.00 (VIOLATED)
     PIN : u_impl/u_core/g_row_18__g_col_7__u_pe/u_r_red/U17/A1     0.36     0.36    -0.00 (VIOLATED)
     PIN : u_impl/u_core/g_row_18__g_col_7__u_pe/u_r_black/U15/B1     0.36     0.36    -0.00 (VIOLATED)
     PIN : u_impl/u_core/g_row_18__g_col_7__u_pe/u_r_black/U14/A1     0.36     0.36    -0.00 (VIOLATED)
     PIN : u_impl/u_core/g_row_18__g_col_7__u_pe/u_r_black/U12/A1     0.36     0.36    -0.00 (VIOLATED)
     PIN : u_impl/u_core/g_row_18__g_col_7__u_pe/u_r_black/U9/A1     0.36     0.36    -0.00 (VIOLATED)
     PIN : u_impl/u_core/g_row_18__g_col_7__u_pe/u_r_black/U8/C1     0.36     0.36    -0.00 (VIOLATED)
     PIN : u_impl/u_core/g_row_18__g_col_7__u_pe/u_r_black/U7/C1     0.36     0.36    -0.00 (VIOLATED)
     PIN : u_impl/u_core/g_row_18__g_col_7__u_pe/u_r_black/U3/C1     0.36     0.36    -0.00 (VIOLATED)

   u_impl/u_core/g_row_19__g_col_5__u_pe/u_r_red/gre_a_BUF_4_42     0.36     0.36    -0.00 (VIOLATED)
     PIN : u_impl/u_core/g_row_19__g_col_5__u_pe/u_r_red/U15/B2     0.36     0.36    -0.00 (VIOLATED)
     PIN : u_impl/u_core/g_row_19__g_col_5__u_pe/u_r_red/gre_a_BUF_4_inst_49349/Z     0.36     0.36    -0.00 (VIOLATED)

   u_impl/u_core/g_row_6__g_col_9__u_pe/HFSNET_18     0.36     0.36    -0.00 (VIOLATED)
     PIN : u_impl/u_core/g_row_6__g_col_9__u_pe/u_r_red/U11/C1     0.36     0.36    -0.00 (VIOLATED)
     PIN : u_impl/u_core/g_row_6__g_col_9__u_pe/u_r_red/U14/A1     0.36     0.36    -0.00 (VIOLATED)
     PIN : u_impl/u_core/g_row_6__g_col_9__u_pe/u_r_red/U15/A1     0.36     0.36    -0.00 (VIOLATED)
     PIN : u_impl/u_core/g_row_6__g_col_9__u_pe/u_r_black/U15/A1     0.36     0.36    -0.00 (VIOLATED)
     PIN : u_impl/u_core/g_row_6__g_col_9__u_pe/u_r_black/U14/A1     0.36     0.36    -0.00 (VIOLATED)
     PIN : u_impl/u_core/g_row_6__g_col_9__u_pe/u_r_black/U6/A1     0.36     0.36    -0.00 (VIOLATED)
     PIN : u_impl/u_core/g_row_6__g_col_9__u_pe/u_r_red/U20/B1     0.36     0.36    -0.00 (VIOLATED)
     PIN : u_impl/u_core/g_row_6__g_col_9__u_pe/u_r_red/U21/B1     0.36     0.36    -0.00 (VIOLATED)
     PIN : u_impl/u_core/g_row_6__g_col_9__u_pe/u_r_red/U30/A1     0.36     0.36    -0.00 (VIOLATED)
     PIN : u_impl/u_core/g_row_6__g_col_9__u_pe/u_r_red/U7/A1     0.36     0.36    -0.00 (VIOLATED)
     PIN : u_impl/u_core/g_row_6__g_col_9__u_pe/u_r_red/U13/A1     0.36     0.36    -0.00 (VIOLATED)
     PIN : u_impl/u_core/g_row_6__g_col_9__u_pe/u_r_red/U17/A1     0.36     0.36    -0.00 (VIOLATED)
     PIN : u_impl/u_core/g_row_6__g_col_9__u_pe/u_r_red/U18/B1     0.36     0.36    -0.00 (VIOLATED)
     PIN : u_impl/u_core/g_row_6__g_col_9__u_pe/u_r_red/U25/A1     0.36     0.36    -0.00 (VIOLATED)
     PIN : u_impl/u_core/g_row_6__g_col_9__u_pe/u_r_black/U29/A1     0.36     0.36    -0.00 (VIOLATED)
     PIN : u_impl/u_core/g_row_6__g_col_9__u_pe/u_r_black/U16/B1     0.36     0.36    -0.00 (VIOLATED)
     PIN : u_impl/u_core/g_row_6__g_col_9__u_pe/u_r_black/U17/B1     0.36     0.36    -0.00 (VIOLATED)
     PIN : u_impl/u_core/g_row_6__g_col_9__u_pe/u_r_black/U18/B1     0.36     0.36    -0.00 (VIOLATED)
     PIN : u_impl/u_core/g_row_6__g_col_9__u_pe/u_r_black/U19/B1     0.36     0.36    -0.00 (VIOLATED)
     PIN : u_impl/u_core/g_row_6__g_col_9__u_pe/u_r_black/U20/A1     0.36     0.36    -0.00 (VIOLATED)
     PIN : u_impl/u_core/g_row_6__g_col_9__u_pe/u_r_black/U24/A1     0.36     0.36    -0.00 (VIOLATED)

   u_impl/u_core/g_row_15__g_col_2__u_pe/HFSNET_11     0.36     0.36    -0.00 (VIOLATED)
     PIN : u_impl/u_core/g_row_15__g_col_2__u_pe/u_r_black/U19/B1     0.36     0.36    -0.00 (VIOLATED)
     PIN : u_impl/u_core/g_row_15__g_col_2__u_pe/u_r_black/U13/A1     0.36     0.36    -0.00 (VIOLATED)
     PIN : u_impl/u_core/g_row_15__g_col_2__u_pe/u_r_black/U18/B1     0.36     0.36    -0.00 (VIOLATED)
     PIN : u_impl/u_core/g_row_15__g_col_2__u_pe/u_r_black/U14/A1     0.36     0.36    -0.00 (VIOLATED)
     PIN : u_impl/u_core/g_row_15__g_col_2__u_pe/u_r_black/U11/A1     0.36     0.36    -0.00 (VIOLATED)
     PIN : u_impl/u_core/g_row_15__g_col_2__u_pe/u_r_black/U8/C1     0.36     0.36    -0.00 (VIOLATED)
     PIN : u_impl/u_core/g_row_15__g_col_2__u_pe/u_r_black/U6/A1     0.36     0.36    -0.00 (VIOLATED)
     PIN : u_impl/u_core/g_row_15__g_col_2__u_pe/u_r_black/U20/A1     0.36     0.36    -0.00 (VIOLATED)
     PIN : u_impl/u_core/g_row_15__g_col_2__u_pe/u_r_black/U17/B1     0.36     0.36    -0.00 (VIOLATED)
     PIN : u_impl/u_core/g_row_15__g_col_2__u_pe/u_r_black/U16/B1     0.36     0.36    -0.00 (VIOLATED)
     PIN : u_impl/u_core/g_row_15__g_col_2__u_pe/u_r_black/U15/A1     0.36     0.36    -0.00 (VIOLATED)
     PIN : u_impl/u_core/g_row_15__g_col_2__u_pe/u_r_black/U12/A1     0.36     0.36    -0.00 (VIOLATED)
     PIN : u_impl/u_core/g_row_15__g_col_2__u_pe/u_r_black/U10/A1     0.36     0.36    -0.00 (VIOLATED)
     PIN : u_impl/u_core/g_row_15__g_col_2__u_pe/u_r_black/U9/C1     0.36     0.36    -0.00 (VIOLATED)
     PIN : u_impl/u_core/g_row_15__g_col_2__u_pe/u_r_red/U8/C1     0.36     0.36    -0.00 (VIOLATED)

   u_impl/u_core/g_row_15__g_col_2__u_pe/u_r_red/n9     0.36     0.36    -0.00 (VIOLATED)
     PIN : u_impl/u_core/g_row_15__g_col_2__u_pe/u_r_red/U18/C2     0.36     0.36    -0.00 (VIOLATED)
     PIN : u_impl/u_core/g_row_15__g_col_2__u_pe/u_r_red/U10/B1     0.36     0.36    -0.00 (VIOLATED)
     PIN : u_impl/u_core/g_row_15__g_col_2__u_pe/u_r_red/U11/B1     0.36     0.36    -0.00 (VIOLATED)
     PIN : u_impl/u_core/g_row_15__g_col_2__u_pe/u_r_red/U19/C2     0.36     0.36    -0.00 (VIOLATED)
     PIN : u_impl/u_core/g_row_15__g_col_2__u_pe/u_r_red/U7/A2     0.36     0.36    -0.00 (VIOLATED)
     PIN : u_impl/u_core/g_row_15__g_col_2__u_pe/u_r_red/U6/ZN     0.36     0.36    -0.00 (VIOLATED)
     PIN : u_impl/u_core/g_row_15__g_col_2__u_pe/u_r_red/U16/C2     0.36     0.36    -0.00 (VIOLATED)
     PIN : u_impl/u_core/g_row_15__g_col_2__u_pe/u_r_red/U17/C2     0.36     0.36    -0.00 (VIOLATED)
     PIN : u_impl/u_core/g_row_15__g_col_2__u_pe/u_r_red/U8/A2     0.36     0.36    -0.00 (VIOLATED)
     PIN : u_impl/u_core/g_row_15__g_col_2__u_pe/u_r_red/U15/B1     0.36     0.36    -0.00 (VIOLATED)
     PIN : u_impl/u_core/g_row_15__g_col_2__u_pe/u_r_red/U12/B1     0.36     0.36    -0.00 (VIOLATED)
     PIN : u_impl/u_core/g_row_15__g_col_2__u_pe/u_r_red/U13/B1     0.36     0.36    -0.00 (VIOLATED)
     PIN : u_impl/u_core/g_row_15__g_col_2__u_pe/u_r_red/U9/A2     0.36     0.36    -0.00 (VIOLATED)
     PIN : u_impl/u_core/g_row_15__g_col_2__u_pe/u_r_red/U14/B1     0.36     0.36    -0.00 (VIOLATED)
     PIN : u_impl/u_core/g_row_15__g_col_2__u_pe/u_r_red/U30/C     0.36     0.36    -0.00 (VIOLATED)
     PIN : u_impl/u_core/g_row_15__g_col_2__u_pe/u_r_red/U25/C     0.36     0.36    -0.00 (VIOLATED)
     PIN : u_impl/u_core/g_row_15__g_col_2__u_pe/u_r_red/U22/C     0.36     0.36    -0.00 (VIOLATED)

   u_impl/u_core/g_row_7__g_col_3__u_pe/HFSNET_13     0.36     0.36    -0.00 (VIOLATED)
     PIN : u_impl/u_core/g_row_7__g_col_3__u_pe/u_r_black/U11/A1     0.36     0.36    -0.00 (VIOLATED)
     PIN : u_impl/u_core/g_row_7__g_col_3__u_pe/u_r_black/U15/A1     0.36     0.36    -0.00 (VIOLATED)
     PIN : u_impl/u_core/g_row_7__g_col_3__u_pe/u_r_black/U29/A1     0.36     0.36    -0.00 (VIOLATED)
     PIN : u_impl/u_core/g_row_7__g_col_3__u_pe/u_r_red/U4/C1     0.36     0.36    -0.00 (VIOLATED)
     PIN : u_impl/u_core/g_row_7__g_col_3__u_pe/u_r_red/U6/A1     0.36     0.36    -0.00 (VIOLATED)
     PIN : u_impl/u_core/g_row_7__g_col_3__u_pe/u_r_red/U7/A1     0.36     0.36    -0.00 (VIOLATED)
     PIN : u_impl/u_core/g_row_7__g_col_3__u_pe/u_r_red/U8/C1     0.36     0.36    -0.00 (VIOLATED)
     PIN : u_impl/u_core/g_row_7__g_col_3__u_pe/u_r_red/U9/C1     0.36     0.36    -0.00 (VIOLATED)
     PIN : u_impl/u_core/g_row_7__g_col_3__u_pe/u_r_red/U10/A1     0.36     0.36    -0.00 (VIOLATED)
     PIN : u_impl/u_core/g_row_7__g_col_3__u_pe/u_r_red/U11/A1     0.36     0.36    -0.00 (VIOLATED)
     PIN : u_impl/u_core/g_row_7__g_col_3__u_pe/u_r_red/U12/A1     0.36     0.36    -0.00 (VIOLATED)
     PIN : u_impl/u_core/g_row_7__g_col_3__u_pe/u_r_red/U13/A1     0.36     0.36    -0.00 (VIOLATED)
     PIN : u_impl/u_core/g_row_7__g_col_3__u_pe/u_r_red/U14/A1     0.36     0.36    -0.00 (VIOLATED)
     PIN : u_impl/u_core/g_row_7__g_col_3__u_pe/u_r_red/U15/A1     0.36     0.36    -0.00 (VIOLATED)
     PIN : u_impl/u_core/g_row_7__g_col_3__u_pe/u_r_red/U18/B1     0.36     0.36    -0.00 (VIOLATED)
     PIN : u_impl/u_core/g_row_7__g_col_3__u_pe/u_r_red/U19/B1     0.36     0.36    -0.00 (VIOLATED)
     PIN : u_impl/u_core/g_row_7__g_col_3__u_pe/u_r_red/U20/A1     0.36     0.36    -0.00 (VIOLATED)

   u_impl/u_core/g_row_13__g_col_9__u_pe/HFSNET_14     0.36     0.36    -0.00 (VIOLATED)
     PIN : u_impl/u_core/g_row_13__g_col_9__u_pe/u_r_red/U16/B1     0.36     0.36    -0.00 (VIOLATED)
     PIN : u_impl/u_core/g_row_13__g_col_9__u_pe/u_r_red/U14/A1     0.36     0.36    -0.00 (VIOLATED)
     PIN : u_impl/u_core/g_row_13__g_col_9__u_pe/u_r_red/U13/A1     0.36     0.36    -0.00 (VIOLATED)
     PIN : u_impl/u_core/g_row_13__g_col_9__u_pe/u_r_red/U12/A1     0.36     0.36    -0.00 (VIOLATED)
     PIN : u_impl/u_core/g_row_13__g_col_9__u_pe/u_r_red/U11/A1     0.36     0.36    -0.00 (VIOLATED)
     PIN : u_impl/u_core/g_row_13__g_col_9__u_pe/u_r_red/U10/C1     0.36     0.36    -0.00 (VIOLATED)
     PIN : u_impl/u_core/g_row_13__g_col_9__u_pe/u_r_red/U4/A1     0.36     0.36    -0.00 (VIOLATED)

   u_impl/HFSNET_6401           0.36           0.36          -0.00  (VIOLATED) 
     PIN : u_impl/U12104/B1     0.36           0.36          -0.00  (VIOLATED) 
     PIN : u_impl/U12104/A2     0.36           0.36          -0.00  (VIOLATED) 
     PIN : u_impl/U12100/A2     0.36           0.36          -0.00  (VIOLATED) 
     PIN : u_impl/U12100/B1     0.36           0.36          -0.00  (VIOLATED) 

   u_impl/u_core/g_row_11__g_col_1__u_pe/HFSNET_14     0.36     0.36    -0.00 (VIOLATED)
     PIN : u_impl/u_core/g_row_11__g_col_1__u_pe/u_r_black/U23/A1     0.36     0.36    -0.00 (VIOLATED)
     PIN : u_impl/u_core/g_row_11__g_col_1__u_pe/u_r_black/U19/B1     0.36     0.36    -0.00 (VIOLATED)
     PIN : u_impl/u_core/g_row_11__g_col_1__u_pe/u_r_black/U13/A1     0.36     0.36    -0.00 (VIOLATED)
     PIN : u_impl/u_core/g_row_11__g_col_1__u_pe/u_r_black/U12/A1     0.36     0.36    -0.00 (VIOLATED)
     PIN : u_impl/u_core/g_row_11__g_col_1__u_pe/u_r_black/U9/C1     0.36     0.36    -0.00 (VIOLATED)
     PIN : u_impl/u_core/g_row_11__g_col_1__u_pe/u_r_black/U6/A1     0.36     0.36    -0.00 (VIOLATED)

  ---------------------------------------------------------------------------
   Number of max_transition violation(s): 12

   Mode: FUNC Corner: BC
   Scenario: FUNC_BC
   max_capacitance                                                             
                             Required        Actual                            
   Net                      Capacitance    Capacitance       Slack  Violation  
  ---------------------------------------------------------------------------
   u_impl/u_core/g_row_10__g_col_3__u_pe/u_r_red/n7     0.03     0.03    -0.00 (VIOLATED)
     PIN : u_impl/u_core/g_row_10__g_col_3__u_pe/u_r_red/U6/ZN     0.03     0.03    -0.00 (VIOLATED)

   u_impl/u_core/n469_CDR1      0.01           0.02          -0.00  (VIOLATED) 
     PIN : u_impl/u_core/U219/ZN     0.01      0.02          -0.00  (VIOLATED) 

   u_impl/u_core/g_row_7__g_col_7__u_pe/u_r_red/n7     0.03     0.03    -0.00 (VIOLATED)
     PIN : u_impl/u_core/g_row_7__g_col_7__u_pe/u_r_red/U5/ZN     0.03     0.03    -0.00 (VIOLATED)

   u_impl/u_core/g_row_10__g_col_5__u_pe/u_r_black/n7     0.03     0.03    -0.00 (VIOLATED)
     PIN : u_impl/u_core/g_row_10__g_col_5__u_pe/u_r_black/U6/ZN     0.03     0.03    -0.00 (VIOLATED)

   u_impl/u_core/g_row_11__g_col_5__u_pe/u_r_red/ropt_net_25027     0.03     0.03    -0.00 (VIOLATED)
     PIN : u_impl/u_core/g_row_11__g_col_5__u_pe/u_r_red/ropt_mt_inst_50421/Z     0.03     0.03    -0.00 (VIOLATED)

   u_impl/u_core/g_row_12__g_col_7__u_pe/u_r_black/n9     0.03     0.03    -0.00 (VIOLATED)
     PIN : u_impl/u_core/g_row_12__g_col_7__u_pe/u_r_black/U6/ZN     0.03     0.03    -0.00 (VIOLATED)

   u_impl/u_core/HFSNET_1603     0.05          0.05          -0.00  (VIOLATED) 
     PIN : u_impl/u_core/HFSINV_112021_21191/ZN     0.05     0.05    -0.00 (VIOLATED)

   u_impl/u_core/g_row_3__g_col_1__u_pe/u_r_black/n9     0.03     0.03    -0.00 (VIOLATED)
     PIN : u_impl/u_core/g_row_3__g_col_1__u_pe/u_r_black/U7/ZN     0.03     0.03    -0.00 (VIOLATED)

   u_impl/u_core/g_row_15__g_col_8__u_pe/u_sol/n50     0.02     0.02    -0.00 (VIOLATED)
     PIN : u_impl/u_core/g_row_15__g_col_8__u_pe/u_sol/U13/ZN     0.02     0.02    -0.00 (VIOLATED)

   u_impl/u_core/g_row_15__g_col_1__u_pe/read_value[8]     0.03     0.03    -0.00 (VIOLATED)
     PIN : u_impl/u_core/g_row_15__g_col_1__u_pe/U61/Z     0.03     0.03    -0.00 (VIOLATED)

   u_impl/u_core/g_row_13__g_col_4__u_pe/u_r_black/n7     0.03     0.03    -0.00 (VIOLATED)
     PIN : u_impl/u_core/g_row_13__g_col_4__u_pe/u_r_black/U5/ZN     0.03     0.03    -0.00 (VIOLATED)

   u_impl/u_core/g_row_10__g_col_2__u_pe/u_r_red/n9     0.03     0.03    -0.00 (VIOLATED)
     PIN : u_impl/u_core/g_row_10__g_col_2__u_pe/u_r_red/U7/ZN     0.03     0.03    -0.00 (VIOLATED)

   u_impl/u_core/g_row_15__g_col_2__u_pe/u_r_red/n9     0.03     0.03    -0.00 (VIOLATED)
     PIN : u_impl/u_core/g_row_15__g_col_2__u_pe/u_r_red/U6/ZN     0.03     0.03    -0.00 (VIOLATED)

   u_impl/u_core/g_row_12__g_col_1__u_pe/read_value[9]     0.03     0.03    -0.00 (VIOLATED)
     PIN : u_impl/u_core/g_row_12__g_col_1__u_pe/U62/Z     0.03     0.03    -0.00 (VIOLATED)

   u_impl/u_core/g_row_0__g_col_5__u_pe/u_r_red/n7     0.03     0.03    -0.00 (VIOLATED)
     PIN : u_impl/u_core/g_row_0__g_col_5__u_pe/u_r_red/U5/ZN     0.03     0.03    -0.00 (VIOLATED)

   u_impl/u_core/g_row_16__g_col_1__u_pe/u_r_black/n9     0.03     0.03    -0.00 (VIOLATED)
     PIN : u_impl/u_core/g_row_16__g_col_1__u_pe/u_r_black/U7/ZN     0.03     0.03    -0.00 (VIOLATED)

   u_impl/u_core/g_row_5__g_col_5__u_pe/u_r_black/n7     0.03     0.03    -0.00 (VIOLATED)
     PIN : u_impl/u_core/g_row_5__g_col_5__u_pe/u_r_black/U4/ZN     0.03     0.03    -0.00 (VIOLATED)

   u_impl/u_core/g_row_2__g_col_9__u_pe/u_r_red/copt_gre_net_22576     0.03     0.03    -0.00 (VIOLATED)
     PIN : u_impl/u_core/g_row_2__g_col_9__u_pe/u_r_red/copt_gre_mt_inst_48587/Z     0.03     0.03    -0.00 (VIOLATED)

   u_impl/u_core/g_row_18__g_col_6__u_pe/u_r_red/n7     0.03     0.03    -0.00 (VIOLATED)
     PIN : u_impl/u_core/g_row_18__g_col_6__u_pe/u_r_red/U9/ZN     0.03     0.03    -0.00 (VIOLATED)

   u_impl/u_core/g_row_7__g_col_5__u_pe/u_r_red/n9     0.03     0.03    -0.00 (VIOLATED)
     PIN : u_impl/u_core/g_row_7__g_col_5__u_pe/u_r_red/U3/ZN     0.03     0.03    -0.00 (VIOLATED)

   u_impl/u_core/g_row_0__g_col_8__u_pe/read_black     0.03     0.03    -0.00 (VIOLATED)
     PIN : u_impl/u_core/g_row_0__g_col_8__u_pe/u_ctrl/U2/Z     0.03     0.03    -0.00 (VIOLATED)

   u_impl/u_core/g_row_2__g_col_6__u_pe/read_value[1]     0.01     0.02    -0.00 (VIOLATED)
     PIN : u_impl/u_core/g_row_2__g_col_6__u_pe/ctmTdsLR_1_23629/ZN     0.01     0.02    -0.00 (VIOLATED)

   u_impl/u_core/g_row_6__g_col_9__u_pe/u_r_black/n9     0.03     0.03    -0.00 (VIOLATED)
     PIN : u_impl/u_core/g_row_6__g_col_9__u_pe/u_r_black/U6/ZN     0.03     0.03    -0.00 (VIOLATED)

   u_impl/u_core/g_row_5__g_col_2__u_pe/read_value[1]     0.01     0.02    -0.00 (VIOLATED)
     PIN : u_impl/u_core/g_row_5__g_col_2__u_pe/ctmTdsLR_1_23946/ZN     0.01     0.02    -0.00 (VIOLATED)

   u_impl/u_core/g_row_0__g_col_2__u_pe/u_r_red/n11     0.03     0.03    -0.00 (VIOLATED)
     PIN : u_impl/u_core/g_row_0__g_col_2__u_pe/u_r_red/U6/ZN     0.03     0.03    -0.00 (VIOLATED)

   u_impl/u_core/g_row_8__g_col_1__u_pe/u_r_black/n9     0.03     0.03    -0.00 (VIOLATED)
     PIN : u_impl/u_core/g_row_8__g_col_1__u_pe/u_r_black/U7/ZN     0.03     0.03    -0.00 (VIOLATED)

   u_impl/u_core/g_row_10__g_col_9__u_pe/u_r_red/n9     0.03     0.03    -0.00 (VIOLATED)
     PIN : u_impl/u_core/g_row_10__g_col_9__u_pe/u_r_red/U7/ZN     0.03     0.03    -0.00 (VIOLATED)

   u_impl/u_core/g_row_15__g_col_2__u_pe/u_r_black/ropt_net_25016     0.03     0.03    -0.00 (VIOLATED)
     PIN : u_impl/u_core/g_row_15__g_col_2__u_pe/u_r_black/ropt_mt_inst_50409/Z     0.03     0.03    -0.00 (VIOLATED)

   u_impl/u_core/g_row_1__g_col_8__u_pe/u_r_black/n9     0.03     0.03    -0.00 (VIOLATED)
     PIN : u_impl/u_core/g_row_1__g_col_8__u_pe/u_r_black/U6/ZN     0.03     0.03    -0.00 (VIOLATED)

   u_impl/u_core/g_row_19__g_col_9__u_pe/u_r_black/n9     0.03     0.03    -0.00 (VIOLATED)
     PIN : u_impl/u_core/g_row_19__g_col_9__u_pe/u_r_black/U6/ZN     0.03     0.03    -0.00 (VIOLATED)

   u_impl/u_core/HFSNET_1110     0.06          0.06          -0.00  (VIOLATED) 
     PIN : u_impl/u_core/HFSBUF_78239_20666/Z     0.06     0.06    -0.00 (VIOLATED)

   u_impl/u_core/g_row_2__g_col_9__u_pe/u_r_red/n7     0.03     0.03    -0.00 (VIOLATED)
     PIN : u_impl/u_core/g_row_2__g_col_9__u_pe/u_r_red/U4/ZN     0.03     0.03    -0.00 (VIOLATED)

   u_impl/u_core/g_row_6__g_col_9__u_pe/u_r_red/n9     0.03     0.03    -0.00 (VIOLATED)
     PIN : u_impl/u_core/g_row_6__g_col_9__u_pe/u_r_red/U8/ZN     0.03     0.03    -0.00 (VIOLATED)

   u_impl/u_core/g_row_13__g_col_8__u_pe/read_value[4]     0.03     0.03    -0.00 (VIOLATED)
     PIN : u_impl/u_core/g_row_13__g_col_8__u_pe/U14/ZN     0.03     0.03    -0.00 (VIOLATED)

   u_impl/u_core/g_row_14__g_col_1__u_pe/read_value[15]     0.03     0.03    -0.00 (VIOLATED)
     PIN : u_impl/u_core/g_row_14__g_col_1__u_pe/U22/Z     0.03     0.03    -0.00 (VIOLATED)

   u_impl/u_core/g_row_7__g_col_1__u_pe/u_r_black/n7     0.03     0.03    -0.00 (VIOLATED)
     PIN : u_impl/u_core/g_row_7__g_col_1__u_pe/u_r_black/U6/ZN     0.03     0.03    -0.00 (VIOLATED)

   u_impl/u_core/g_row_10__g_col_4__u_pe/u_r_black/n7     0.03     0.03    -0.00 (VIOLATED)
     PIN : u_impl/u_core/g_row_10__g_col_4__u_pe/u_r_black/U5/ZN     0.03     0.03    -0.00 (VIOLATED)

   u_impl/u_core/g_row_7__g_col_6__u_pe/u_r_red/n7     0.03     0.03    -0.00 (VIOLATED)
     PIN : u_impl/u_core/g_row_7__g_col_6__u_pe/u_r_red/U4/ZN     0.03     0.03    -0.00 (VIOLATED)

   u_impl/u_core/g_row_6__g_col_8__u_pe/u_r_red/n7     0.03     0.03    -0.00 (VIOLATED)
     PIN : u_impl/u_core/g_row_6__g_col_8__u_pe/u_r_red/U6/ZN     0.03     0.03    -0.00 (VIOLATED)

   u_impl/u_core/g_row_11__g_col_4__u_pe/read_value[5]     0.03     0.03    -0.00 (VIOLATED)
     PIN : u_impl/u_core/g_row_11__g_col_4__u_pe/U13/ZN     0.03     0.03    -0.00 (VIOLATED)

   u_impl/u_core/g_row_13__g_col_2__u_pe/read_value[5]     0.03     0.03    -0.00 (VIOLATED)
     PIN : u_impl/u_core/g_row_13__g_col_2__u_pe/U14/ZN     0.03     0.03    -0.00 (VIOLATED)

   u_impl/u_core/HFSNET_1218     0.05          0.05          -0.00  (VIOLATED) 
     PIN : u_impl/u_core/HFSINV_49192_20794/ZN     0.05     0.05    -0.00 (VIOLATED)

   u_impl/u_core/g_row_9__g_col_6__u_pe/u_r_black/n7     0.03     0.03    -0.00 (VIOLATED)
     PIN : u_impl/u_core/g_row_9__g_col_6__u_pe/u_r_black/U4/ZN     0.03     0.03    -0.00 (VIOLATED)

   u_impl/u_core/g_row_4__g_col_4__u_pe/u_r_black/n7     0.03     0.03    -0.00 (VIOLATED)
     PIN : u_impl/u_core/g_row_4__g_col_4__u_pe/u_r_black/U4/ZN     0.03     0.03    -0.00 (VIOLATED)

   u_impl/u_core/g_row_13__g_col_9__u_pe/HFSNET_14     0.06     0.06    -0.00 (VIOLATED)
     PIN : u_impl/u_core/g_row_13__g_col_9__u_pe/HFSBUF_4018_20451/Z     0.06     0.06    -0.00 (VIOLATED)

   u_impl/u_core/g_row_12__g_col_4__u_pe/read_black     0.03     0.03    -0.00 (VIOLATED)
     PIN : u_impl/u_core/g_row_12__g_col_4__u_pe/u_ctrl/U1/Z     0.03     0.03    -0.00 (VIOLATED)

   u_impl/u_core/g_row_0__g_col_2__u_pe/u_r_black/n7     0.03     0.03    -0.00 (VIOLATED)
     PIN : u_impl/u_core/g_row_0__g_col_2__u_pe/u_r_black/U6/ZN     0.03     0.03    -0.00 (VIOLATED)

   u_impl/u_core/g_row_18__g_col_6__u_pe/u_r_black/n9     0.03     0.03    -0.00 (VIOLATED)
     PIN : u_impl/u_core/g_row_18__g_col_6__u_pe/u_r_black/U7/ZN     0.03     0.03    -0.00 (VIOLATED)

   u_impl/u_core/g_row_15__g_col_9__u_pe/read_value[12]     0.03     0.03    -0.00 (VIOLATED)
     PIN : u_impl/u_core/g_row_15__g_col_9__u_pe/U65/ZN     0.03     0.03    -0.00 (VIOLATED)

   u_impl/u_core/g_row_11__g_col_9__u_pe/read_value[8]     0.03     0.03    -0.00 (VIOLATED)
     PIN : u_impl/u_core/g_row_11__g_col_9__u_pe/U61/Z     0.03     0.03    -0.00 (VIOLATED)

   u_impl/u_core/g_row_5__g_col_2__u_pe/u_r_black/n9     0.03     0.03    -0.00 (VIOLATED)
     PIN : u_impl/u_core/g_row_5__g_col_2__u_pe/u_r_black/U6/ZN     0.03     0.03    -0.00 (VIOLATED)

   u_impl/n4949                 0.02           0.02          -0.00  (VIOLATED) 
     PIN : u_impl/U6983/ZN      0.02           0.02          -0.00  (VIOLATED) 

   u_impl/u_core/g_row_10__g_col_9__u_pe/read_value[5]     0.03     0.03    -0.00 (VIOLATED)
     PIN : u_impl/u_core/g_row_10__g_col_9__u_pe/U13/ZN     0.03     0.03    -0.00 (VIOLATED)

   u_impl/u_core/g_row_1__g_col_9__u_pe/u_r_black/copt_gre_net_22589     0.03     0.03    -0.00 (VIOLATED)
     PIN : u_impl/u_core/g_row_1__g_col_9__u_pe/u_r_black/copt_gre_mt_inst_48603/Z     0.03     0.03    -0.00 (VIOLATED)

   u_impl/u_core/g_row_5__g_col_8__u_pe/u_r_black/n9     0.03     0.03    -0.00 (VIOLATED)
     PIN : u_impl/u_core/g_row_5__g_col_8__u_pe/u_r_black/U6/ZN     0.03     0.03    -0.00 (VIOLATED)

   u_impl/u_core/g_row_15__g_col_9__u_pe/read_value[10]     0.03     0.03    -0.00 (VIOLATED)
     PIN : u_impl/u_core/g_row_15__g_col_9__u_pe/U63/Z     0.03     0.03    -0.00 (VIOLATED)

   u_impl/u_core/g_row_11__g_col_4__u_pe/read_value[6]     0.03     0.03    -0.00 (VIOLATED)
     PIN : u_impl/u_core/g_row_11__g_col_4__u_pe/U14/ZN     0.03     0.03    -0.00 (VIOLATED)

   u_impl/u_core/g_row_19__g_col_5__u_pe/HFSNET_9     0.06     0.06    -0.00 (VIOLATED)
     PIN : u_impl/u_core/g_row_19__g_col_5__u_pe/HFSBUF_49178_20572/Z     0.06     0.06    -0.00 (VIOLATED)

   u_impl/u_core/g_row_7__g_col_9__u_pe/u_r_red/ropt_net_25030     0.03     0.03    -0.00 (VIOLATED)
     PIN : u_impl/u_core/g_row_7__g_col_9__u_pe/u_r_red/ropt_mt_inst_50424/Z     0.03     0.03    -0.00 (VIOLATED)

   u_impl/u_core/g_row_12__g_col_4__u_pe/u_r_black/n7     0.03     0.03    -0.00 (VIOLATED)
     PIN : u_impl/u_core/g_row_12__g_col_4__u_pe/u_r_black/U5/ZN     0.03     0.03    -0.00 (VIOLATED)

   u_impl/u_core/g_row_12__g_col_1__u_pe/read_value[4]     0.03     0.03    -0.00 (VIOLATED)
     PIN : u_impl/u_core/g_row_12__g_col_1__u_pe/U10/ZN     0.03     0.03    -0.00 (VIOLATED)

   u_impl/u_core/g_row_6__g_col_3__u_pe/u_r_black/n9     0.03     0.03    -0.00 (VIOLATED)
     PIN : u_impl/u_core/g_row_6__g_col_3__u_pe/u_r_black/U3/ZN     0.03     0.03    -0.00 (VIOLATED)

   u_impl/u_core/g_row_0__g_col_1__u_pe/u_r_black/n7     0.03     0.03    -0.00 (VIOLATED)
     PIN : u_impl/u_core/g_row_0__g_col_1__u_pe/u_r_black/U5/ZN     0.03     0.03    -0.00 (VIOLATED)

   u_impl/u_core/g_row_7__g_col_2__u_pe/u_r_black/n9     0.03     0.03    -0.00 (VIOLATED)
     PIN : u_impl/u_core/g_row_7__g_col_2__u_pe/u_r_black/U3/ZN     0.03     0.03    -0.00 (VIOLATED)

   u_impl/u_core/g_row_0__g_col_8__u_pe/u_r_red/copt_gre_net_22569     0.03     0.03    -0.00 (VIOLATED)
     PIN : u_impl/u_core/g_row_0__g_col_8__u_pe/u_r_red/copt_gre_mt_inst_48580/Z     0.03     0.03    -0.00 (VIOLATED)

   u_impl/u_core/g_row_10__g_col_6__u_pe/u_r_red/n9     0.03     0.03    -0.00 (VIOLATED)
     PIN : u_impl/u_core/g_row_10__g_col_6__u_pe/u_r_red/U7/ZN     0.03     0.03    -0.00 (VIOLATED)

   u_impl/u_core/g_row_14__g_col_4__u_pe/u_r_red/n7     0.03     0.03    -0.00 (VIOLATED)
     PIN : u_impl/u_core/g_row_14__g_col_4__u_pe/u_r_red/U4/ZN     0.03     0.03    -0.00 (VIOLATED)

   u_impl/u_core/g_row_14__g_col_7__u_pe/u_r_red/n7     0.03     0.03    -0.00 (VIOLATED)
     PIN : u_impl/u_core/g_row_14__g_col_7__u_pe/u_r_red/U4/ZN     0.03     0.03    -0.00 (VIOLATED)

   u_impl/u_core/g_row_2__g_col_3__u_pe/u_r_red/n7     0.03     0.03    -0.00 (VIOLATED)
     PIN : u_impl/u_core/g_row_2__g_col_3__u_pe/u_r_red/U4/ZN     0.03     0.03    -0.00 (VIOLATED)

   u_impl/u_core/g_row_19__g_col_5__u_pe/u_r_black/ropt_net_25028     0.03     0.03    -0.00 (VIOLATED)
     PIN : u_impl/u_core/g_row_19__g_col_5__u_pe/u_r_black/ropt_mt_inst_50422/Z     0.03     0.03    -0.00 (VIOLATED)

   u_impl/u_core/g_row_10__g_col_4__u_pe/u_r_red/n9     0.03     0.03    -0.00 (VIOLATED)
     PIN : u_impl/u_core/g_row_10__g_col_4__u_pe/u_r_red/U7/ZN     0.03     0.03    -0.00 (VIOLATED)

   u_impl/u_core/HFSNET_1003     0.05          0.05          -0.00  (VIOLATED) 
     PIN : u_impl/u_core/HFSINV_155660_20446/ZN     0.05     0.05    -0.00 (VIOLATED)

   u_impl/u_core/HFSNET_1519     0.05          0.05          -0.00  (VIOLATED) 
     PIN : u_impl/u_core/HFSINV_132782_21105/ZN     0.05     0.05    -0.00 (VIOLATED)

   u_impl/u_core/g_row_1__g_col_5__u_pe/u_r_red/n9     0.03     0.03    -0.00 (VIOLATED)
     PIN : u_impl/u_core/g_row_1__g_col_5__u_pe/u_r_red/U6/ZN     0.03     0.03    -0.00 (VIOLATED)

   u_impl/u_core/g_row_11__g_col_5__u_pe/u_r_red/n9     0.03     0.03    -0.00 (VIOLATED)
     PIN : u_impl/u_core/g_row_11__g_col_5__u_pe/u_r_red/U6/ZN     0.03     0.03    -0.00 (VIOLATED)

   u_impl/u_core/g_row_3__g_col_5__u_pe/u_r_black/n7     0.03     0.03    -0.00 (VIOLATED)
     PIN : u_impl/u_core/g_row_3__g_col_5__u_pe/u_r_black/U3/ZN     0.03     0.03    -0.00 (VIOLATED)

   u_impl/u_core/g_row_18__g_col_2__u_pe/u_r_red/n9     0.03     0.03    -0.00 (VIOLATED)
     PIN : u_impl/u_core/g_row_18__g_col_2__u_pe/u_r_red/U6/ZN     0.03     0.03    -0.00 (VIOLATED)

   u_impl/u_core/g_row_7__g_col_2__u_pe/read_value[15]     0.03     0.03    -0.00 (VIOLATED)
     PIN : u_impl/u_core/g_row_7__g_col_2__u_pe/U21/Z     0.03     0.03    -0.00 (VIOLATED)

   u_impl/u_core/g_row_6__g_col_5__u_pe/u_r_black/n9     0.03     0.03    -0.00 (VIOLATED)
     PIN : u_impl/u_core/g_row_6__g_col_5__u_pe/u_r_black/U7/ZN     0.03     0.03    -0.00 (VIOLATED)

   u_impl/u_core/g_row_12__g_col_9__u_pe/u_r_red/ropt_net_25021     0.03     0.03    -0.00 (VIOLATED)
     PIN : u_impl/u_core/g_row_12__g_col_9__u_pe/u_r_red/ropt_mt_inst_50414/Z     0.03     0.03    -0.00 (VIOLATED)

   u_impl/u_core/g_row_5__g_col_4__u_pe/calc_bits[2]     0.03     0.03    -0.00 (VIOLATED)
     PIN : u_impl/u_core/g_row_5__g_col_4__u_pe/u_alu/ctmTdsLR_1_27009/ZN     0.03     0.03    -0.00 (VIOLATED)

   u_impl/u_core/g_row_0__g_col_6__u_pe/read_value[5]     0.02     0.02    -0.00 (VIOLATED)
     PIN : u_impl/u_core/g_row_0__g_col_6__u_pe/U11/ZN     0.02     0.02    -0.00 (VIOLATED)

   u_impl/u_core/g_row_15__g_col_8__u_pe/u_r_black/n7     0.03     0.03    -0.00 (VIOLATED)
     PIN : u_impl/u_core/g_row_15__g_col_8__u_pe/u_r_black/U3/ZN     0.03     0.03    -0.00 (VIOLATED)

   u_impl/u_core/g_row_10__g_col_7__u_pe/u_r_red/n9     0.03     0.03    -0.00 (VIOLATED)
     PIN : u_impl/u_core/g_row_10__g_col_7__u_pe/u_r_red/U6/ZN     0.03     0.03    -0.00 (VIOLATED)

   u_impl/u_core/g_row_2__g_col_8__u_pe/u_r_red/n9     0.03     0.03    -0.00 (VIOLATED)
     PIN : u_impl/u_core/g_row_2__g_col_8__u_pe/u_r_red/U3/ZN     0.03     0.03    -0.00 (VIOLATED)

   u_impl/u_core/g_row_2__g_col_4__u_pe/u_r_red/n9     0.03     0.03    -0.00 (VIOLATED)
     PIN : u_impl/u_core/g_row_2__g_col_4__u_pe/u_r_red/U3/ZN     0.03     0.03    -0.00 (VIOLATED)

   u_impl/u_core/g_row_15__g_col_6__u_pe/read_value[12]     0.03     0.03    -0.00 (VIOLATED)
     PIN : u_impl/u_core/g_row_15__g_col_6__u_pe/U65/ZN     0.03     0.03    -0.00 (VIOLATED)

   u_impl/u_core/g_row_15__g_col_2__u_pe/HFSNET_11     0.06     0.06    -0.00 (VIOLATED)
     PIN : u_impl/u_core/g_row_15__g_col_2__u_pe/HFSBUF_12400_20496/Z     0.06     0.06    -0.00 (VIOLATED)

   u_impl/u_core/g_row_6__g_col_8__u_pe/u_r_black/ropt_net_25046     0.03     0.03    -0.00 (VIOLATED)
     PIN : u_impl/u_core/g_row_6__g_col_8__u_pe/u_r_black/ropt_mt_inst_50434/Z     0.03     0.03    -0.00 (VIOLATED)

   u_impl/n849_CDR1             0.02           0.02          -0.00  (VIOLATED) 
     PIN : u_impl/U2762/ZN      0.02           0.02          -0.00  (VIOLATED) 

   u_impl/u_core/g_row_15__g_col_4__u_pe/u_r_red/n9     0.03     0.03    -0.00 (VIOLATED)
     PIN : u_impl/u_core/g_row_15__g_col_4__u_pe/u_r_red/U7/ZN     0.03     0.03    -0.00 (VIOLATED)

   u_impl/u_core/g_row_8__g_col_4__u_pe/u_r_black/n7     0.03     0.03    -0.00 (VIOLATED)
     PIN : u_impl/u_core/g_row_8__g_col_4__u_pe/u_r_black/U5/ZN     0.03     0.03    -0.00 (VIOLATED)

   u_impl/u_core/g_row_5__g_col_5__u_pe/u_r_black/n9     0.03     0.03    -0.00 (VIOLATED)
     PIN : u_impl/u_core/g_row_5__g_col_5__u_pe/u_r_black/U3/ZN     0.03     0.03    -0.00 (VIOLATED)

   u_impl/n15469_CDR1           0.02           0.02          -0.00  (VIOLATED) 
     PIN : u_impl/U14886/ZN     0.02           0.02          -0.00  (VIOLATED) 

   u_impl/u_core/g_row_15__g_col_3__u_pe/u_r_black/n7     0.03     0.03    -0.00 (VIOLATED)
     PIN : u_impl/u_core/g_row_15__g_col_3__u_pe/u_r_black/U5/ZN     0.03     0.03    -0.00 (VIOLATED)

   u_impl/n15559                0.03           0.03          -0.00  (VIOLATED) 
     PIN : u_impl/U1800/Z       0.03           0.03          -0.00  (VIOLATED) 

   u_impl/u_core/g_row_16__g_col_7__u_pe/u_r_black/n9     0.03     0.03    -0.00 (VIOLATED)
     PIN : u_impl/u_core/g_row_16__g_col_7__u_pe/u_r_black/U6/ZN     0.03     0.03    -0.00 (VIOLATED)

   u_impl/u_core/g_row_9__g_col_5__u_pe/u_r_red/n7     0.03     0.03    -0.00 (VIOLATED)
     PIN : u_impl/u_core/g_row_9__g_col_5__u_pe/u_r_red/U4/ZN     0.03     0.03    -0.00 (VIOLATED)

   u_impl/u_core/HFSNET_1511     0.06          0.06          -0.00  (VIOLATED) 
     PIN : u_impl/u_core/HFSBUF_136131_21097/Z     0.06     0.06    -0.00 (VIOLATED)

   u_impl/n470_CDR1             0.03           0.03          -0.00  (VIOLATED) 
     PIN : u_impl/U686/ZN       0.03           0.03          -0.00  (VIOLATED) 

   u_impl/u_core/g_row_11__g_col_7__u_pe/read_value[6]     0.03     0.03    -0.00 (VIOLATED)
     PIN : u_impl/u_core/g_row_11__g_col_7__u_pe/U13/ZN     0.03     0.03    -0.00 (VIOLATED)

   u_impl/u_core/g_row_7__g_col_4__u_pe/read_value[15]     0.03     0.03    -0.00 (VIOLATED)
     PIN : u_impl/u_core/g_row_7__g_col_4__u_pe/U21/Z     0.03     0.03    -0.00 (VIOLATED)

   u_impl/u_core/g_row_14__g_col_8__u_pe/read_value[6]     0.03     0.03    -0.00 (VIOLATED)
     PIN : u_impl/u_core/g_row_14__g_col_8__u_pe/U13/ZN     0.03     0.03    -0.00 (VIOLATED)

   u_impl/u_core/g_row_2__g_col_5__u_pe/u_r_red/n9     0.03     0.03    -0.00 (VIOLATED)
     PIN : u_impl/u_core/g_row_2__g_col_5__u_pe/u_r_red/U3/ZN     0.03     0.03    -0.00 (VIOLATED)

   u_impl/u_core/g_row_7__g_col_3__u_pe/HFSNET_13     0.06     0.06    -0.00 (VIOLATED)
     PIN : u_impl/u_core/g_row_7__g_col_3__u_pe/HFSBUF_53220_20618/Z     0.06     0.06    -0.00 (VIOLATED)

   u_impl/u_core/g_row_2__g_col_3__u_pe/read_value[4]     0.02     0.02    -0.00 (VIOLATED)
     PIN : u_impl/u_core/g_row_2__g_col_3__u_pe/U13/ZN     0.02     0.02    -0.00 (VIOLATED)

   u_impl/u_core/g_row_15__g_col_1__u_pe/u_r_black/n9     0.03     0.03    -0.00 (VIOLATED)
     PIN : u_impl/u_core/g_row_15__g_col_1__u_pe/u_r_black/U7/ZN     0.03     0.03    -0.00 (VIOLATED)

   u_impl/u_core/g_row_7__g_col_0__u_pe/u_r_red/n7     0.03     0.03    -0.00 (VIOLATED)
     PIN : u_impl/u_core/g_row_7__g_col_0__u_pe/u_r_red/U5/ZN     0.03     0.03    -0.00 (VIOLATED)

   u_impl/u_core/g_row_6__g_col_7__u_pe/u_r_red/n9     0.03     0.03    -0.00 (VIOLATED)
     PIN : u_impl/u_core/g_row_6__g_col_7__u_pe/u_r_red/U6/ZN     0.03     0.03    -0.00 (VIOLATED)

   u_impl/u_core/g_row_14__g_col_9__u_pe/u_r_black/n9     0.03     0.03    -0.00 (VIOLATED)
     PIN : u_impl/u_core/g_row_14__g_col_9__u_pe/u_r_black/U3/ZN     0.03     0.03    -0.00 (VIOLATED)

   u_impl/u_core/g_row_3__g_col_1__u_pe/u_r_black/n7     0.03     0.03    -0.00 (VIOLATED)
     PIN : u_impl/u_core/g_row_3__g_col_1__u_pe/u_r_black/U3/ZN     0.03     0.03    -0.00 (VIOLATED)

   u_impl/u_core/g_row_18__g_col_9__u_pe/u_r_red/n9     0.03     0.03    -0.00 (VIOLATED)
     PIN : u_impl/u_core/g_row_18__g_col_9__u_pe/u_r_red/U7/ZN     0.03     0.03    -0.00 (VIOLATED)

  ---------------------------------------------------------------------------
   Number of max_capacitance violation(s): 112


   Mode: FUNC Corner: BC
   Scenario: FUNC_BC
  ---------------------------------------------------------------------------
   Number of min_capacitance violation(s): 0

  Mode: FUNC
  Corner: BC
  Scenario: FUNC_BC

  ---------------------------------------------------------------------------
   Number of min_pulse_width violation(s): 0
   Total number of violation(s): 124
1
