 
****************************************
Report : qor
Design : pde_chip_top_safe
Version: O-2018.06-SP1
Date   : Sat Aug  1 02:45:11 2026
****************************************


  Timing Path Group 'core_clk'
  -----------------------------------
  Levels of Logic:              32.00
  Critical Path Length:          5.62
  Critical Path Slack:           4.08
  Critical Path Clk Period:     10.00
  Total Negative Slack:          0.00
  No. of Violating Paths:        0.00
  Worst Hold Violation:          0.00
  Total Hold Violation:          0.00
  No. of Hold Violations:        0.00
  -----------------------------------


  Cell Count
  -----------------------------------
  Hierarchical Cell Count:       1605
  Hierarchical Port Count:      76299
  Leaf Cell Count:              93358
  Buf/Inv Cell Count:            8482
  Buf Cell Count:                2668
  Inv Cell Count:                5814
  CT Buf/Inv Cell Count:            0
  Combinational Cell Count:     69453
  Sequential Cell Count:        23905
  Macro Count:                      0
  -----------------------------------


  Area
  -----------------------------------
  Combinational Area:   210690.003439
  Noncombinational Area:
                        201834.003234
  Buf/Inv Area:          10151.640403
  Total Buffer Area:          3871.44
  Total Inverter Area:        6280.20
  Macro/Black Box Area:      0.000000
  Net Area:                  0.000000
  -----------------------------------
  Cell Area:            412524.006673
  Design Area:          412524.006673


  Design Rules
  -----------------------------------
  Total Number of Nets:         98464
  Nets With Violations:           377
  Max Trans Violations:           377
  Max Cap Violations:               0
  -----------------------------------


  Hostname: eda

  Compile CPU Statistics
  -----------------------------------------
  Resource Sharing:                   23.40
  Logic Optimization:                166.69
  Mapping Optimization:              506.82
  -----------------------------------------
  Overall Compile Time:             1069.50
  Overall Compile Wall Clock Time:   679.92

  --------------------------------------------------------------------

  Design  WNS: 0.00  TNS: 0.00  Number of Violating Paths: 0


  Design (Hold)  WNS: 0.00  TNS: 0.00  Number of Violating Paths: 0

  --------------------------------------------------------------------


1
